Component: ARM Compiler 5.06 update 3 (build 300) Tool: armlink [4d35c9]

==============================================================================

Section Cross References

    console.o(i.USART2_IRQHandler) refers to stm32f4xx_usart.o(i.USART_GetITStatus) for USART_GetITStatus
    console.o(i.USART2_IRQHandler) refers to stm32f4xx_usart.o(i.USART_ReceiveData) for USART_ReceiveData
    console.o(i.USART2_IRQHandler) refers to console.o(t._ZNSt5queueIcSt5dequeIcSaIcEEE4pushERKc) for std::queue<char, std::deque<char, std::allocator<char>>>::push(const char&)
    console.o(i.USART2_IRQHandler) refers to stm32f4xx_usart.o(i.USART_ClearITPendingBit) for USART_ClearITPendingBit
    console.o(i.USART2_IRQHandler) refers to console.o(i._Z22Console_RunTransmitterv) for Console_RunTransmitter()
    console.o(i.USART2_IRQHandler) refers to console.o(.bss) for ConsoleRxQueue
    console.o(i._Z12Console_Initv) refers to stm32f4xx_rcc.o(i.RCC_APB1PeriphClockCmd) for RCC_APB1PeriphClockCmd
    console.o(i._Z12Console_Initv) refers to stm32f4xx_rcc.o(i.RCC_AHB1PeriphClockCmd) for RCC_AHB1PeriphClockCmd
    console.o(i._Z12Console_Initv) refers to stm32f4xx_gpio.o(i.GPIO_PinAFConfig) for GPIO_PinAFConfig
    console.o(i._Z12Console_Initv) refers to stm32f4xx_gpio.o(i.GPIO_Init) for GPIO_Init
    console.o(i._Z12Console_Initv) refers to stm32f4xx_usart.o(i.USART_Init) for USART_Init
    console.o(i._Z12Console_Initv) refers to misc.o(i.NVIC_Init) for NVIC_Init
    console.o(i._Z12Console_Initv) refers to stm32f4xx_usart.o(i.USART_ITConfig) for USART_ITConfig
    console.o(i._Z12Console_Initv) refers to stm32f4xx_usart.o(i.USART_Cmd) for USART_Cmd
    console.o(i._Z12Console_SendPc) refers to console.o(t._ZNSt5queueIcSt5dequeIcSaIcEEE4pushERKc) for std::queue<char, std::deque<char, std::allocator<char>>>::push(const char&)
    console.o(i._Z12Console_SendPc) refers to console.o(.bss) for ConsoleTxQueue
    console.o(i._Z14Console_printfPKcz) refers to printfa.o(i.__0vsprintf) for __c89vsprintf
    console.o(i._Z14Console_printfPKcz) refers to console.o(i._Z17Console_PutStringPc) for Console_PutString(char*)
    console.o(i._Z15Console_PutCharc) refers to stm32f4xx_usart.o(i.USART_GetFlagStatus) for USART_GetFlagStatus
    console.o(i._Z15Console_PutCharc) refers to stm32f4xx_usart.o(i.USART_SendData) for USART_SendData
    console.o(i._Z16Console_GetRxNumv) refers to console.o(.bss) for ConsoleRxQueue
    console.o(i._Z17Console_PutStringPc) refers to console.o(i._Z15Console_PutCharc) for Console_PutChar(char)
    console.o(i._Z18Console_SendRxDatav) refers to console.o(t._ZNKSt5queueIcSt5dequeIcSaIcEEE5emptyEv) for std::queue<char, std::deque<char, std::allocator<char>>>::empty() const
    console.o(i._Z18Console_SendRxDatav) refers to console.o(t._ZNSt5queueIcSt5dequeIcSaIcEEE5frontEv) for std::queue<char, std::deque<char, std::allocator<char>>>::front()
    console.o(i._Z18Console_SendRxDatav) refers to console.o(i._Z15Console_PutCharc) for Console_PutChar(char)
    console.o(i._Z18Console_SendRxDatav) refers to console.o(t._ZNSt5queueIcSt5dequeIcSaIcEEE3popEv) for std::queue<char, std::deque<char, std::allocator<char>>>::pop()
    console.o(i._Z18Console_SendRxDatav) refers to console.o(.bss) for ConsoleRxQueue
    console.o(i._Z22Console_RunTransmitterv) refers to console.o(t._ZNKSt5queueIcSt5dequeIcSaIcEEE5emptyEv) for std::queue<char, std::deque<char, std::allocator<char>>>::empty() const
    console.o(i._Z22Console_RunTransmitterv) refers to stm32f4xx_usart.o(i.USART_ITConfig) for USART_ITConfig
    console.o(i._Z22Console_RunTransmitterv) refers to stm32f4xx_usart.o(i.USART_GetFlagStatus) for USART_GetFlagStatus
    console.o(i._Z22Console_RunTransmitterv) refers to console.o(t._ZNSt5queueIcSt5dequeIcSaIcEEE5frontEv) for std::queue<char, std::deque<char, std::allocator<char>>>::front()
    console.o(i._Z22Console_RunTransmitterv) refers to stm32f4xx_usart.o(i.USART_SendData) for USART_SendData
    console.o(i._Z22Console_RunTransmitterv) refers to console.o(t._ZNSt5queueIcSt5dequeIcSaIcEEE3popEv) for std::queue<char, std::deque<char, std::allocator<char>>>::pop()
    console.o(i._Z22Console_RunTransmitterv) refers to console.o(.bss) for ConsoleTxQueue
    console.o(i.__sti___11_Console_cpp_4ad67cb8) refers to console.o(t._ZNSt5dequeIcSaIcEEC1ERKS0_) for std::deque<char, std::allocator<char>>::deque(const std::allocator<char>&)
    console.o(i.__sti___11_Console_cpp_4ad67cb8) refers to console.o(t._ZNSt5queueIcSt5dequeIcSaIcEEEC1ERKS2_) for std::queue<char, std::deque<char, std::allocator<char>>>::queue(const std::deque<char, std::allocator<char>>&)
    console.o(i.__sti___11_Console_cpp_4ad67cb8) refers to aeabi_atexit.o(.text) for __aeabi_atexit
    console.o(i.__sti___11_Console_cpp_4ad67cb8) refers to console.o(t._ZNSt5dequeIcSaIcEED1Ev) for std::deque<char, std::allocator<char>>::~deque()
    console.o(i.__sti___11_Console_cpp_4ad67cb8) refers to console.o(.bss) for ConsoleRxQueue
[...]
    std::locale::classic()::__loc            0x20000038   Data           4  locale.o(.data)
    .data                                    0x20000050   Section        4  rwthrowproc_noex.o(.data)
    .data                                    0x20000054   Section        4  stderr.o(.data)
    .data                                    0x20000058   Section        4  mvars.o(.data)
    .data                                    0x2000005c   Section        4  mvars.o(.data)
    .data                                    0x20000060   Section       12  cpp_memory.o(.data)
    handler_pointer                          0x20000060   Data           4  cpp_memory.o(.data)
    eh                                       0x20000064   Data           4  cpp_memory.o(.data)
    eh_p                                     0x20000068   Data           4  cpp_memory.o(.data)
    .data                                    0x2000006c   Section        8  rwcats.o(.data)
    [local to rwcats_cpp]::__rw::__rw_catlist 0x2000006c   Data           8  rwcats.o(.data)
    .data__ZZNKSt6locale2id7_C_initEvE9_C_id_gen 0x20000074   Section        4  locale.o(.data__ZZNKSt6locale2id7_C_initEvE9_C_id_gen)
    .data__ZZSt13__rw_get_catsvE11__open_cats 0x20000078   Section       12  messages.o(.data__ZZSt13__rw_get_catsvE11__open_cats)
    std::__rw_get_cats()::__open_cats        0x20000078   Number         0  messages.o(.data__ZZSt13__rw_get_catsvE11__open_cats)
    .bss                                     0x20000084   Section       88  console.o(.bss)
    .bss                                     0x200000e0   Section       24  rwstdexcept.o(.bss)
    [local to rwstdexcept_cpp]::__rw::__rw_vfmatstr(char*, unsigned, int, std::__va_list)::__msgs 0x200000e0   Data          24  rwstdexcept.o(.bss)
    .bss__ZNSs9__nullrefE                    0x200000f8   Section       16  vendor.o(.bss__ZNSs9__nullrefE)
    HEAP                                     0x20000108   Section     4096  startup_stm32f40xx.o(HEAP)
    STACK                                    0x20001108   Section     8192  startup_stm32f40xx.o(STACK)

    Global Symbols

    Symbol Name                              Value     Ov Type        Size  Object(Section)

    BuildAttributes$$THM_ISAv4$E$P$D$K$B$S$7EM$VFPi3$EXTD16$VFPS$VFMA$PE$A:L22UL41UL21$X:L11$S22US41US21$IEEE1$IW$USESV6$~STKCKD$USESV7$~SHL$OTIME$ROPI$EBA8$UX$MICROLIB$REQ8$PRES8$EABIv2 0x00000000   Number         0  anon$$obj.o ABSOLUTE
    __ARM_use_no_argv                        0x00000000   Number         0  main.o ABSOLUTE
    _printf_a                                0x00000000   Number         0  stubs.o ABSOLUTE
    _printf_c                                0x00000000   Number         0  stubs.o ABSOLUTE
    _printf_charcount                        0x00000000   Number         0  stubs.o ABSOLUTE
    _printf_d                                0x00000000   Number         0  stubs.o ABSOLUTE
    _printf_e                                0x00000000   Number         0  stubs.o ABSOLUTE
    _printf_f                                0x00000000   Number         0  stubs.o ABSOLUTE
    _printf_flags                            0x00000000   Number         0  stubs.o ABSOLUTE
    _printf_fp_dec                           0x00000000   Number         0  stubs.o ABSOLUTE
    _printf_fp_hex                           0x00000000   Number         0  stubs.o ABSOLUTE
    _printf_g                                0x00000000   Number         0  stubs.o ABSOLUTE
    _printf_i                                0x00000000   Number         0  stubs.o ABSOLUTE
    _printf_int_dec                          0x00000000   Number         0  stubs.o ABSOLUTE
    _printf_l                                0x00000000   Number         0  stubs.o ABSOLUTE
    _printf_lc                               0x00000000   Number         0  stubs.o ABSOLUTE
    _printf_ll                               0x00000000   Number         0  stubs.o ABSOLUTE
    _printf_lld                              0x00000000   Number         0  stubs.o ABSOLUTE
    _printf_lli                              0x00000000   Number         0  stubs.o ABSOLUTE
    _printf_llo                              0x00000000   Number         0  stubs.o ABSOLUTE
    _printf_llu                              0x00000000   Number         0  stubs.o ABSOLUTE
    _printf_llx                              0x00000000   Number         0  stubs.o ABSOLUTE
    _printf_longlong_dec                     0x00000000   Number         0  stubs.o ABSOLUTE
    _printf_longlong_hex                     0x00000000   Number         0  stubs.o ABSOLUTE
    _printf_longlong_oct                     0x00000000   Number         0  stubs.o ABSOLUTE
    _printf_ls                               0x00000000   Number         0  stubs.o ABSOLUTE
    _printf_mbtowc                           0x00000000   Number         0  stubs.o ABSOLUTE
    _printf_n                                0x00000000   Number         0  stubs.o ABSOLUTE
    _printf_o                                0x00000000   Number         0  stubs.o ABSOLUTE
    _printf_p                                0x00000000   Number         0  stubs.o ABSOLUTE
    _printf_percent                          0x00000000   Number         0  stubs.o ABSOLUTE
    _printf_pre_padding                      0x00000000   Number         0  stubs.o ABSOLUTE
    _printf_return_value                     0x00000000   Number         0  stubs.o ABSOLUTE
    _printf_s                                0x00000000   Number         0  stubs.o ABSOLUTE
    _printf_sizespec                         0x00000000   Number         0  stubs.o ABSOLUTE
    _printf_str                              0x00000000   Number         0  stubs.o ABSOLUTE
    _printf_truncate_signed                  0x00000000   Number         0  stubs.o ABSOLUTE
    _printf_truncate_unsigned                0x00000000   Number         0  stubs.o ABSOLUTE
    _printf_u                                0x00000000   Number         0  stubs.o ABSOLUTE
    _printf_wc                               0x00000000   Number         0  stubs.o ABSOLUTE
    _printf_wctomb                           0x00000000   Number         0  stubs.o ABSOLUTE
    _printf_widthprec                        0x00000000   Number         0  stubs.o ABSOLUTE
    _printf_x                                0x00000000   Number         0  stubs.o ABSOLUTE
    SHT$$ARM_EXIDX$$Base                      - Undefined Reference
    SHT$$ARM_EXIDX$$Limit                     - Undefined Reference
    __ARM::default_unexpected_handler()       - Undefined Weak Reference
    __ARM_exceptions_buffer_required          - Undefined Weak Reference
    __aeabi_unwind_cpp_pr2                    - Undefined Weak Reference
    __cxa_type_match                          - Undefined Weak Reference
    __decompress                              - Undefined Weak Reference
    _clock_init                               - Undefined Weak Reference
    _microlib_exit                            - Undefined Weak Reference
    __Vectors_Size                           0x00000188   Number         0  startup_stm32f40xx.o ABSOLUTE
    __Vectors                                0x08000000   Data           4  startup_stm32f40xx.o(RESET)
    __dso_handle                             0x08000000   Number         0  startup_stm32f40xx.o(RESET)
    __Vectors_End                            0x08000188   Data           0  startup_stm32f40xx.o(RESET)
    __main                                   0x08000189   Thumb Code     0  entry.o(.ARM.Collect$$$$00000000)
    _main_stk                                0x08000189   Thumb Code     0  entry2.o(.ARM.Collect$$$$00000001)
    _main_scatterload                        0x0800018d   Thumb Code     0  entry5.o(.ARM.Collect$$$$00000004)
    __main_after_scatterload                 0x08000191   Thumb Code     0  entry5.o(.ARM.Collect$$$$00000004)
    _main_clock                              0x08000191   Thumb Code     0  entry7b.o(.ARM.Collect$$$$00000008)
    _main_cpp_init$empty                     0x08000191   Thumb Code     0  entry8a.o(.ARM.Collect$$$$00000009)
    _main_cpp_init                           0x08000195   Thumb Code     0  entry8b.o(.ARM.Collect$$$$0000000A)
    _main_init                               0x08000195   Thumb Code     0  entry9a.o(.ARM.Collect$$$$0000000B)
    __rt_final_cpp                           0x0800019d   Thumb Code     0  entry10a.o(.ARM.Collect$$$$0000000D)
    __rt_final_cpp$nonempty                  0x0800019d   Thumb Code     0  entry10b.o(.ARM.Collect$$$$0000000E)
    __rt_final_exit                          0x080001a1   Thumb Code     0  entry11a.o(.ARM.Collect$$$$0000000F)
    Reset_Handler                            0x080001a5   Thumb Code     8  startup_stm32f40xx.o(.text)
    NMI_Handler                              0x080001ad   Thumb Code     2  startup_stm32f40xx.o(.text)
    HardFault_Handler                        0x080001af   Thumb Code     2  startup_stm32f40xx.o(.text)
    MemManage_Handler                        0x080001b1   Thumb Code     2  startup_stm32f40xx.o(.text)
    BusFault_Handler                         0x080001b3   Thumb Code     2  startup_stm32f40xx.o(.text)
    UsageFault_Handler                       0x080001b5   Thumb Code     2  startup_stm32f40xx.o(.text)
    SVC_Handler                              0x080001b7   Thumb Code     2  startup_stm32f40xx.o(.text)
    DebugMon_Handler                         0x080001b9   Thumb Code     2  startup_stm32f40xx.o(.text)
    PendSV_Handler                           0x080001bb   Thumb Code     2  startup_stm32f40xx.o(.text)
    SysTick_Handler                          0x080001bd   Thumb Code     2  startup_stm32f40xx.o(.text)
    ADC_IRQHandler                           0x080001bf   Thumb Code     0  startup_stm32f40xx.o(.text)
    CAN1_RX0_IRQHandler                      0x080001bf   Thumb Code     0  startup_stm32f40xx.o(.text)
    CAN1_RX1_IRQHandler                      0x080001bf   Thumb Code     0  startup_stm32f40xx.o(.text)
    CAN1_SCE_IRQHandler                      0x080001bf   Thumb Code     0  startup_stm32f40xx.o(.text)
    CAN1_TX_IRQHandler                       0x080001bf   Thumb Code     0  startup_stm32f40xx.o(.text)
    CAN2_RX0_IRQHandler                      0x080001bf   Thumb Code     0  startup_stm32f40xx.o(.text)
    CAN2_RX1_IRQHandler                      0x080001bf   Thumb Code     0  startup_stm32f40xx.o(.text)
    CAN2_SCE_IRQHandler                      0x080001bf   Thumb Code     0  startup_stm32f40xx.o(.text)
    CAN2_TX_IRQHandler                       0x080001bf   Thumb Code     0  startup_stm32f40xx.o(.text)
    CRYP_IRQHandler                          0x080001bf   Thumb Code     0  startup_stm32f40xx.o(.text)
    DCMI_IRQHandler                          0x080001bf   Thumb Code     0  startup_stm32f40xx.o(.text)
    DMA1_Stream0_IRQHandler                  0x080001bf   Thumb Code     0  startup_stm32f40xx.o(.text)
    DMA1_Stream1_IRQHandler                  0x080001bf   Thumb Code     0  startup_stm32f40xx.o(.text)
    DMA1_Stream2_IRQHandler                  0x080001bf   Thumb Code     0  startup_stm32f40xx.o(.text)
    DMA1_Stream3_IRQHandler                  0x080001bf   Thumb Code     0  startup_stm32f40xx.o(.text)
    DMA1_Stream4_IRQHandler                  0x080001bf   Thumb Code     0  startup_stm32f40xx.o(.text)
    DMA1_Stream5_IRQHandler                  0x080001bf   Thumb Code     0  startup_stm32f40xx.o(.text)
    DMA1_Stream6_IRQHandler                  0x080001bf   Thumb Code     0  startup_stm32f40xx.o(.text)
    DMA1_Stream7_IRQHandler                  0x080001bf   Thumb Code     0  startup_stm32f40xx.o(.text)
    DMA2_Stream0_IRQHandler                  0x080001bf   Thumb Code     0  startup_stm32f40xx.o(.text)
    DMA2_Stream1_IRQHandler                  0x080001bf   Thumb Code     0  startup_stm32f40xx.o(.text)
    DMA2_Stream2_IRQHandler                  0x080001bf   Thumb Code     0  startup_stm32f40xx.o(.text)
    DMA2_Stream3_IRQHandler                  0x080001bf   Thumb Code     0  startup_stm32f40xx.o(.text)
    DMA2_Stream4_IRQHandler                  0x080001bf   Thumb Code     0  startup_stm32f40xx.o(.text)
    DMA2_Stream5_IRQHandler                  0x080001bf   Thumb Code     0  startup_stm32f40xx.o(.text)
    DMA2_Stream6_IRQHandler                  0x080001bf   Thumb Code     0  startup_stm32f40xx.o(.text)
    DMA2_Stream7_IRQHandler                  0x080001bf   Thumb Code     0  startup_stm32f40xx.o(.text)
    ETH_IRQHandler                           0x080001bf   Thumb Code     0  startup_stm32f40xx.o(.text)
    ETH_WKUP_IRQHandler                      0x080001bf   Thumb Code     0  startup_stm32f40xx.o(.text)
    EXTI0_IRQHandler                         0x080001bf   Thumb Code     0  startup_stm32f40xx.o(.text)
    EXTI15_10_IRQHandler                     0x080001bf   Thumb Code     0  startup_stm32f40xx.o(.text)
    EXTI1_IRQHandler                         0x080001bf   Thumb Code     0  startup_stm32f40xx.o(.text)
    EXTI2_IRQHandler                         0x080001bf   Thumb Code     0  startup_stm32f40xx.o(.text)
    EXTI3_IRQHandler                         0x080001bf   Thumb Code     0  startup_stm32f40xx.o(.text)
    EXTI4_IRQHandler                         0x080001bf   Thumb Code     0  startup_stm32f40xx.o(.text)
    EXTI9_5_IRQHandler                       0x080001bf   Thumb Code     0  startup_stm32f40xx.o(.text)
    FLASH_IRQHandler                         0x080001bf   Thumb Code     0  startup_stm32f40xx.o(.text)
    FPU_IRQHandler                           0x080001bf   Thumb Code     0  startup_stm32f40xx.o(.text)
    FSMC_IRQHandler                          0x080001bf   Thumb Code     0  startup_stm32f40xx.o(.text)
    HASH_RNG_IRQHandler                      0x080001bf   Thumb Code     0  startup_stm32f40xx.o(.text)
    I2C1_ER_IRQHandler                       0x080001bf   Thumb Code     0  startup_stm32f40xx.o(.text)
    I2C1_EV_IRQHandler                       0x080001bf   Thumb Code     0  startup_stm32f40xx.o(.text)
    I2C2_ER_IRQHandler                       0x080001bf   Thumb Code     0  startup_stm32f40xx.o(.text)
    I2C2_EV_IRQHandler                       0x080001bf   Thumb Code     0  startup_stm32f40xx.o(.text)
    I2C3_ER_IRQHandler                       0x080001bf   Thumb Code     0  startup_stm32f40xx.o(.text)
    I2C3_EV_IRQHandler                       0x080001bf   Thumb Code     0  startup_stm32f40xx.o(.text)
    OTG_FS_IRQHandler                        0x080001bf   Thumb Code     0  startup_stm32f40xx.o(.text)
    OTG_FS_WKUP_IRQHandler                   0x080001bf   Thumb Code     0  startup_stm32f40xx.o(.text)
    OTG_HS_EP1_IN_IRQHandler                 0x080001bf   Thumb Code     0  startup_stm32f40xx.o(.text)
    OTG_HS_EP1_OUT_IRQHandler                0x080001bf   Thumb Code     0  startup_stm32f40xx.o(.text)
    OTG_HS_IRQHandler                        0x080001bf   Thumb Code     0  startup_stm32f40xx.o(.text)
    OTG_HS_WKUP_IRQHandler                   0x080001bf   Thumb Code     0  startup_stm32f40xx.o(.text)
    PVD_IRQHandler                           0x080001bf   Thumb Code     0  startup_stm32f40xx.o(.text)
    RCC_IRQHandler                           0x080001bf   Thumb Code     0  startup_stm32f40xx.o(.text)
    RTC_Alarm_IRQHandler                     0x080001bf   Thumb Code     0  startup_stm32f40xx.o(.text)
    RTC_WKUP_IRQHandler                      0x080001bf   Thumb Code     0  startup_stm32f40xx.o(.text)
    SDIO_IRQHandler                          0x080001bf   Thumb Code     0  startup_stm32f40xx.o(.text)
    SPI1_IRQHandler                          0x080001bf   Thumb Code     0  startup_stm32f40xx.o(.text)
    SPI2_IRQHandler                          0x080001bf   Thumb Code     0  startup_stm32f40xx.o(.text)
    SPI3_IRQHandler                          0x080001bf   Thumb Code     0  startup_stm32f40xx.o(.text)
    TAMP_STAMP_IRQHandler                    0x080001bf   Thumb Code     0  startup_stm32f40xx.o(.text)
    TIM1_BRK_TIM9_IRQHandler                 0x080001bf   Thumb Code     0  startup_stm32f40xx.o(.text)
    TIM1_CC_IRQHandler                       0x080001bf   Thumb Code     0  startup_stm32f40xx.o(.text)
    TIM1_TRG_COM_TIM11_IRQHandler            0x080001bf   Thumb Code     0  startup_stm32f40xx.o(.text)
    TIM1_UP_TIM10_IRQHandler                 0x080001bf   Thumb Code     0  startup_stm32f40xx.o(.text)
    TIM2_IRQHandler                          0x080001bf   Thumb Code     0  startup_stm32f40xx.o(.text)
    TIM3_IRQHandler                          0x080001bf   Thumb Code     0  startup_stm32f40xx.o(.text)
    TIM4_IRQHandler                          0x080001bf   Thumb Code     0  startup_stm32f40xx.o(.text)
    TIM5_IRQHandler                          0x080001bf   Thumb Code     0  startup_stm32f40xx.o(.text)
    TIM6_DAC_IRQHandler                      0x080001bf   Thumb Code     0  startup_stm32f40xx.o(.text)
    TIM7_IRQHandler                          0x080001bf   Thumb Code     0  startup_stm32f40xx.o(.text)
    TIM8_BRK_TIM12_IRQHandler                0x080001bf   Thumb Code     0  startup_stm32f40xx.o(.text)
    TIM8_CC_IRQHandler                       0x080001bf   Thumb Code     0  startup_stm32f40xx.o(.text)
    TIM8_TRG_COM_TIM14_IRQHandler            0x080001bf   Thumb Code     0  startup_stm32f40xx.o(.text)
    TIM8_UP_TIM13_IRQHandler                 0x080001bf   Thumb Code     0  startup_stm32f40xx.o(.text)
    UART4_IRQHandler                         0x080001bf   Thumb Code     0  startup_stm32f40xx.o(.text)
    UART5_IRQHandler                         0x080001bf   Thumb Code     0  startup_stm32f40xx.o(.text)
    USART1_IRQHandler                        0x080001bf   Thumb Code     0  startup_stm32f40xx.o(.text)
    USART3_IRQHandler                        0x080001bf   Thumb Code     0  startup_stm32f40xx.o(.text)
    USART6_IRQHandler                        0x080001bf   Thumb Code     0  startup_stm32f40xx.o(.text)
    WWDG_IRQHandler                          0x080001bf   Thumb Code     0  startup_stm32f40xx.o(.text)
    __cpp_initialize__aeabi_                 0x080001c9   Thumb Code    22  cpp_init.o(.text)
    __aeabi_atexit                           0x080001e9   Thumb Code    46  aeabi_atexit.o(.text)
    __aeabi_uidiv                            0x08000217   Thumb Code     0  uidiv.o(.text)
    __aeabi_uidivmod                         0x08000217   Thumb Code    44  uidiv.o(.text)
    __aeabi_uldivmod                         0x08000243   Thumb Code    98  uldiv.o(.text)
    ___aeabi_memcpy$base                     0x080002a5   Thumb Code    36  memcpya.o(.text)
    ___aeabi_memcpy4$base                    0x080002a5   Thumb Code     0  memcpya.o(.text)
    __aeabi_memcpy8                          0x080002a5   Thumb Code     0  memcpya.o(.text)
    ___aeabi_memcpy$move                     0x080002c9   Thumb Code    64  memmovea.o(.text)
    ___aeabi_memcpy4$move                    0x080002c9   Thumb Code     0  memmovea.o(.text)
    ___aeabi_memcpy8$move                    0x080002c9   Thumb Code     0  memmovea.o(.text)
    ___aeabi_memmove$base                    0x080002c9   Thumb Code     0  memmovea.o(.text)
    __aeabi_memmove4                         0x080002c9   Thumb Code     0  memmovea.o(.text)
    __aeabi_memmove8                         0x080002c9   Thumb Code     0  memmovea.o(.text)
    __I$use$fp                               0x08000309   Thumb Code     0  iusefp.o(.text)
    __rt_ddtor_pointer_addr                  0x08000309   Thumb Code     4  cpp_dtor.o(.text)
    __cxa_finalize                           0x08000311   Thumb Code    66  cxa_finalize.o(.text)
    __aeabi_dadd                             0x08000353   Thumb Code   322  dadd.o(.text)
    __aeabi_dsub                             0x08000495   Thumb Code     6  dadd.o(.text)
    __aeabi_drsub                            0x0800049b   Thumb Code     6  dadd.o(.text)
    __aeabi_dmul                             0x080004a1   Thumb Code   228  dmul.o(.text)
    __aeabi_ddiv                             0x08000585   Thumb Code   222  ddiv.o(.text)
    __aeabi_d2ulz                            0x08000663   Thumb Code    48  dfixul.o(.text)
    __aeabi_cdrcmple                         0x08000695   Thumb Code    48  cdrcmple.o(.text)
    __default_new_handler()                  0x080006c5   Thumb Code     4  arm_newhandler_noexceptions.o(.text)
    __aeabi_vec_delete                       0x080006c9   Thumb Code    14  aeabi_vec_delete_noexceptions.o(.text)
    std::terminate()                         0x080006d7   Thumb Code    26  arm_exceptions_terminate.o(.text)
    __cxa_get_globals                        0x080006f7   Thumb Code    62  arm_exceptions_globs.o(.text)
    __scatterload                            0x08000741   Thumb Code    28  init.o(.text)
    __scatterload_rt2                        0x08000741   Thumb Code     0  init.o(.text)
    __aeabi_llsl                             0x08000765   Thumb Code    30  llshl.o(.text)
    __semihosting_library_function           0x08000765   Thumb Code     0  semi.o(.text)
    _ll_shift_l                              0x08000765   Thumb Code     0  llshl.o(.text)
    __aeabi_llsr                             0x08000783   Thumb Code    32  llushr.o(.text)
    _ll_ushift_r                             0x08000783   Thumb Code     0  llushr.o(.text)
    __aeabi_lasr                             0x080007a3   Thumb Code    36  llsshr.o(.text)
    _ll_sshift_r                             0x080007a3   Thumb Code     0  llsshr.o(.text)
    strcat                                   0x080007c7   Thumb Code    24  strcat.o(.text)
    strlen                                   0x080007df   Thumb Code    14  strlen.o(.text)
    strcpy                                   0x080007ed   Thumb Code    18  strcpy.o(.text)
    strrchr                                  0x080007ff   Thumb Code    32  strrchr.o(.text)
    sscanf                                   0x08000821   Thumb Code    48  sscanf.o(.text)
    __I$use$semihosting$fputc                0x08000859   Thumb Code     0  iusesemip.o(.text)
    __rt_lib_shutdown_cpp_2                  0x08000859   Thumb Code     2  cpp_final.o(.text)
    __rt_new_handler_addr                    0x0800085d   Thumb Code     4  cpp_memory.o(.text)
    __rt_eh_globals_addr                     0x08000861   Thumb Code    12  cpp_memory.o(.text)
    _double_round                            0x08000871   Thumb Code    30  depilogue.o(.text)
    _double_epilogue                         0x0800088f   Thumb Code   156  depilogue.o(.text)
    __ARM_exceptions_buffer_init             0x0800092b   Thumb Code    18  arm_exceptions_mem.o(.text)
    __ARM_exceptions_buffer_allocate         0x0800093d   Thumb Code    22  arm_exceptions_mem.o(.text)
    __ARM_exceptions_buffer_free             0x08000953   Thumb Code    20  arm_exceptions_mem.o(.text)
    __rt_ctype_table                         0x08000969   Thumb Code     4  ctype_o.o(.text)
    isspace                                  0x08000971   Thumb Code    18  isspace_o.o(.text)
    ____aeabi_memcpy8$ret$move               0x08000983   Thumb Code     0  memmove.o(.text)
    ___aeabi_memmove4$ret                    0x08000983   Thumb Code     0  memmove.o(.text)
    ___aeabi_memmove8$ret                    0x08000983   Thumb Code     0  memmove.o(.text)
    __aeabi_memcpy                           0x08000983   Thumb Code    66  memmove.o(.text)
    __aeabi_memcpy4                          0x08000983   Thumb Code     0  memmove.o(.text)
    __aeabi_memmove                          0x08000983   Thumb Code     0  memmove.o(.text)
    memcpy                                   0x08000983   Thumb Code     0  memmove.o(.text)
    memmove                                  0x08000983   Thumb Code     0  memmove.o(.text)
    strcmp                                   0x080009c5   Thumb Code    28  strcmp.o(.text)
    _scanf_longlong                          0x080009e1   Thumb Code   342  _scanf_longlong.o(.text)
    _scanf_int                               0x08000b37   Thumb Code   332  _scanf_int.o(.text)
    _scanf_string                            0x08000c83   Thumb Code   224  _scanf_str.o(.text)
    _scanf_real                              0x08000e65   Thumb Code     0  scanf_fp.o(.text)
    _scanf_really_real                       0x08000e65   Thumb Code   556  scanf_fp.o(.text)
    __vfscanf_char                           0x080010a9   Thumb Code    20  scanf_char.o(.text)
    _sgetc                                   0x080010c5   Thumb Code    30  _sgetc.o(.text)
    _sbackspace                              0x080010e3   Thumb Code    34  _sgetc.o(.text)
    __cxa_rethrow                            0x08001105   Thumb Code     2  arm_rethrow_noexceptions.o(.text)
    __aeabi_vec_dtor                         0x08001107   Thumb Code    34  aeabi_vec_dtor_noexceptions.o(.text)
    _chval                                   0x08001129   Thumb Code    28  _chval.o(.text)
    __vfscanf                                0x08001145   Thumb Code   808  _scanf.o(.text)
    __aeabi_ul2d                             0x08001471   Thumb Code    24  dfltul.o(.text)
    __aeabi_d2f                              0x08001489   Thumb Code    56  d2f.o(.text)
    _float_round                             0x080014c1   Thumb Code    18  fepilogue.o(.text)
    _float_epilogue                          0x080014d3   Thumb Code    92  fepilogue.o(.text)
    __ARM_vec_cleanup                        0x0800152f   Thumb Code    28  ARM_vec_cleanup_noexceptions.o(.text)
    GPIO_Init                                0x0800155f   Thumb Code   144  stm32f4xx_gpio.o(i.GPIO_Init)
    GPIO_PinAFConfig                         0x080015ef   Thumb Code    70  stm32f4xx_gpio.o(i.GPIO_PinAFConfig)
    NVIC_Init                                0x08001635   Thumb Code   106  misc.o(i.NVIC_Init)
    NVIC_PriorityGroupConfig                 0x080016ad   Thumb Code    10  misc.o(i.NVIC_PriorityGroupConfig)
    RCC_AHB1PeriphClockCmd                   0x080016c1   Thumb Code    26  stm32f4xx_rcc.o(i.RCC_AHB1PeriphClockCmd)
    RCC_APB1PeriphClockCmd                   0x080016e1   Thumb Code    26  stm32f4xx_rcc.o(i.RCC_APB1PeriphClockCmd)
    RCC_GetClocksFreq                        0x08001701   Thumb Code   214  stm32f4xx_rcc.o(i.RCC_GetClocksFreq)
    SystemInit                               0x080018d5   Thumb Code    88  system_stm32f4xx.o(i.SystemInit)
    USART2_IRQHandler                        0x0800193d   Thumb Code    76  console.o(i.USART2_IRQHandler)
    USART_ClearITPendingBit                  0x08001991   Thumb Code    30  stm32f4xx_usart.o(i.USART_ClearITPendingBit)
    USART_Cmd                                0x080019af   Thumb Code    24  stm32f4xx_usart.o(i.USART_Cmd)
    USART_GetFlagStatus                      0x080019c7   Thumb Code    26  stm32f4xx_usart.o(i.USART_GetFlagStatus)
    USART_GetITStatus                        0x080019e1   Thumb Code    84  stm32f4xx_usart.o(i.USART_GetITStatus)
    USART_ITConfig                           0x08001a35   Thumb Code    74  stm32f4xx_usart.o(i.USART_ITConfig)
    USART_Init                               0x08001a81   Thumb Code   204  stm32f4xx_usart.o(i.USART_Init)
    USART_ReceiveData                        0x08001b55   Thumb Code    10  stm32f4xx_usart.o(i.USART_ReceiveData)
    USART_SendData                           0x08001b5f   Thumb Code     8  stm32f4xx_usart.o(i.USART_SendData)
    Console_Init()                           0x08001b69   Thumb Code   164  console.o(i._Z12Console_Initv)
    Console_printf(const char*, ...)         0x08001c15   Thumb Code    36  console.o(i._Z14Console_printfPKcz)
    Console_PutChar(char)                    0x08001c39   Thumb Code    28  console.o(i._Z15Console_PutCharc)
    Console_PutString(char*)                 0x08001c59   Thumb Code    22  console.o(i._Z17Console_PutStringPc)
    Console_SendRxData()                     0x08001c71   Thumb Code    32  console.o(i._Z18Console_SendRxDatav)
    Console_RunTransmitter()                 0x08001c95   Thumb Code    74  console.o(i._Z22Console_RunTransmitterv)
    catgets(__rw::__rw_cat*, int, int, const char*) 0x08001ce9   Thumb Code    28  rwcats.o(i._Z7catgetsPN4__rw8__rw_catEiiPKc)
    catopen(const char*, int)                0x08001d09   Thumb Code    34  rwcats.o(i._Z7catopenPKci)
    __rw::__rw_throw(int, ...)               0x08001ed1   Thumb Code    86  rwstdexcept.o(i._ZN4__rw10__rw_throwEiz)
    __rw::__rw_allocate(unsigned, int)       0x08001f2d   Thumb Code    32  rwalloc.o(i._ZN4__rw13__rw_allocateEji)
    __rw::__rw_deallocate(void*, unsigned, int) 0x08001f4d   Thumb Code     4  rwalloc.o(i._ZN4__rw15__rw_deallocateEPvji)
    __rw::__rw_facet_base::_C_initfacet(const std::locale&) 0x08001f51   Thumb Code     2  char.o(i._ZN4__rw15__rw_facet_base12_C_initfacetERKSt6locale)
    __rw::__rw_locale_imp::__rw_locale_imp(const char*, unsigned, unsigned) 0x08001f55   Thumb Code   226  locale.o(i._ZN4__rw15__rw_locale_impC1EPKcjj)
    __rw::__rw_locale_imp::__rw_locale_imp__sub_object(const char*, unsigned, unsigned) 0x08001f55   Thumb Code     0  locale.o(i._ZN4__rw15__rw_locale_impC1EPKcjj)
    __rw::__rw_locale_imp::~__rw_locale_imp() 0x08002041   Thumb Code    26  locale.o(i._ZN4__rw15__rw_locale_impD1Ev)
    __rw::__rw_locale_imp::~__rw_locale_imp__sub_object() 0x08002041   Thumb Code     0  locale.o(i._ZN4__rw15__rw_locale_impD1Ev)
    __rw::__rw_use_c_lib_locale::__rw_use_c_lib_locale(const char*, int) 0x0800205b   Thumb Code    58  locale.o(i._ZN4__rw21__rw_use_c_lib_localeC1EPKci)
    __rw::__rw_use_c_lib_locale::__rw_use_c_lib_locale__sub_object(const char*, int) 0x0800205b   Thumb Code     0  locale.o(i._ZN4__rw21__rw_use_c_lib_localeC1EPKci)
    __rw::__rw_use_c_lib_locale::~__rw_use_c_lib_locale() 0x08002095   Thumb Code    24  char.o(i._ZN4__rw21__rw_use_c_lib_localeD1Ev)
    __rw::__rw_use_c_lib_locale::~__rw_use_c_lib_locale__sub_object() 0x08002095   Thumb Code     0  char.o(i._ZN4__rw21__rw_use_c_lib_localeD1Ev)
    __rw::__rw_throw_exception_noex(int, char*) 0x080020ad   Thumb Code    58  rwthrowproc_impl_noex.o(i._ZN4__rw25__rw_throw_exception_noexEiPc)
    __rw::__catfind(__rw::__rw_cat*)         0x08002145   Thumb Code    42  rwcats.o(i._ZN4__rw9__catfindEPNS_8__rw_catE)
    std::__rw_exception::what() const        0x08002175   Thumb Code     4  rwstdexcept.o(i._ZNKSt14__rw_exception4whatEv)
    std::__rw_messages_base::_C_cat_open(const std::basic_string<char, std::char_traits<char>, std::allocator<char>>&, const std::locale&) const 0x08002179   Thumb Code   114  messages.o(i._ZNKSt18__rw_messages_base11_C_cat_openERKSsRKSt6locale)
    std::__rw_messages_base::_C_get_locale(int) const 0x080021eb   Thumb Code    32  messages.o(i._ZNKSt18__rw_messages_base13_C_get_localeEi)
    std::__rw_messages_base::_C_get_message(int, int, int) const 0x0800220b   Thumb Code    52  messages.o(i._ZNKSt18__rw_messages_base14_C_get_messageEiii)
    std::ctype<char>::is(std::ctype_base::mask, char) const 0x0800223f   Thumb Code    14  char.o(i._ZNKSt5ctypeIcE2isENSt10ctype_base4maskEc)
    std::locale::_C_make_facet(const std::locale::id&, bool, int, __rw::__rw_facet_base*(*)(int, const char*, unsigned)) const 0x0800224d   Thumb Code   252  locale.o(i._ZNKSt6locale13_C_make_facetERKNS_2idEbiPFPN4__rw15__rw_facet_baseEiPKcjE)
    std::locale::_C_install_facet(__rw::__rw_facet_base*, const std::locale::id&) const 0x08002355   Thumb Code   112  locale.o(i._ZNKSt6locale16_C_install_facetEPN4__rw15__rw_facet_baseERKNS_2idE)
    std::locale::name() const                0x080023c9   Thumb Code    44  locale.o(i._ZNKSt6locale4nameEv)
    std::char_traits<char>::copy(char*, const char*, unsigned) 0x080023f9   Thumb Code    12  char.o(i._ZNSt11char_traitsIcE4copyEPcPKcj)
    std::ctype_byname<char>::_C_get_mask_table(const char*) 0x08002405   Thumb Code   186  char.o(i._ZNSt12ctype_bynameIcE17_C_get_mask_tableEPKc)
    std::ctype_byname<char>::ctype_byname(const char*, unsigned) 0x080024d1   Thumb Code   280  char.o(i._ZNSt12ctype_bynameIcEC1EPKcj)
    std::ctype_byname<char>::ctype_byname__sub_object(const char*, unsigned) 0x080024d1   Thumb Code     0  char.o(i._ZNSt12ctype_bynameIcEC1EPKcj)
    std::ctype_byname<char>::~ctype_byname__deallocating() 0x080025f1   Thumb Code    14  char.o(i._ZNSt12ctype_bynameIcED0Ev)
    std::ctype_byname<char>::~ctype_byname() 0x080025ff   Thumb Code     8  char.o(i._ZNSt12ctype_bynameIcED1Ev)
    std::ctype_byname<char>::~ctype_byname__sub_object() 0x080025ff   Thumb Code     0  char.o(i._ZNSt12ctype_bynameIcED1Ev)
    std::__rw_exception::_C_vformat(int, std::__va_list) 0x08002609   Thumb Code   128  rwstdexcept.o(i._ZNSt14__rw_exception10_C_vformatEiSt9__va_list)
    std::__rw_exception::__rw_exception()    0x0800268d   Thumb Code    16  rwstdexcept.o(i._ZNSt14__rw_exceptionC1Ev)
    std::__rw_exception::__rw_exception__sub_object() 0x0800268d   Thumb Code     0  rwstdexcept.o(i._ZNSt14__rw_exceptionC1Ev)
    std::__rw_exception::~__rw_exception()   0x080026a1   Thumb Code    22  rwstdexcept.o(i._ZNSt14__rw_exceptionD1Ev)
    std::__rw_exception::~__rw_exception__sub_object() 0x080026a1   Thumb Code     0  rwstdexcept.o(i._ZNSt14__rw_exceptionD1Ev)
    std::__rw_messages_base::~__rw_messages_base() 0x080026bd   Thumb Code     8  rwstdexcept.o(i._ZNSt18__rw_messages_baseD1Ev)
    std::__rw_messages_base::~__rw_messages_base__sub_object() 0x080026bd   Thumb Code     0  rwstdexcept.o(i._ZNSt18__rw_messages_baseD1Ev)
    std::__rw_open_cat_data::__rw_open_cat_data() 0x080026c5   Thumb Code    26  messages.o(i._ZNSt18__rw_open_cat_dataC1Ev)
    std::__rw_open_cat_data::__rw_open_cat_data__sub_object() 0x080026c5   Thumb Code     0  messages.o(i._ZNSt18__rw_open_cat_dataC1Ev)
    std::__rw_open_cat_data::~__rw_open_cat_data() 0x080026df   Thumb Code    12  messages.o(i._ZNSt18__rw_open_cat_dataD1Ev)
    std::__rw_open_cat_data::~__rw_open_cat_data__sub_object() 0x080026df   Thumb Code     0  messages.o(i._ZNSt18__rw_open_cat_dataD1Ev)
    std::__rw_open_cat_data::operator =(const std::__rw_open_cat_data&) 0x080026eb   Thumb Code    18  messages.o(i._ZNSt18__rw_open_cat_dataaSERKS_)
    std::ctype<char>::_C_initfacet(const std::locale&) 0x080026fd   Thumb Code   250  char.o(i._ZNSt5ctypeIcE12_C_initfacetERKSt6locale)
    std::ctype<char>::ctype(const std::ctype_base::mask*, bool, unsigned) 0x080027f9   Thumb Code   270  char.o(i._ZNSt5ctypeIcEC1EPKNSt10ctype_base4maskEbj)
    std::ctype<char>::ctype__sub_object(const std::ctype_base::mask*, bool, unsigned) 0x080027f9   Thumb Code     0  char.o(i._ZNSt5ctypeIcEC1EPKNSt10ctype_base4maskEbj)
    std::ctype<char>::~ctype__deallocating() 0x08002911   Thumb Code    14  char.o(i._ZNSt5ctypeIcED0Ev)
    std::ctype<char>::~ctype()               0x08002921   Thumb Code    38  char.o(i._ZNSt5ctypeIcED1Ev)
    std::ctype<char>::~ctype__sub_object()   0x08002921   Thumb Code     0  char.o(i._ZNSt5ctypeIcED1Ev)
    std::queue<char, std::deque<char, std::allocator<char>>>::~queue() 0x0800294d   Thumb Code    14  console.o(i._ZNSt5queueIcSt5dequeIcSaIcEEED1Ev)
    std::queue<char, std::deque<char, std::allocator<char>>>::~queue__sub_object() 0x0800294d   Thumb Code     0  console.o(i._ZNSt5queueIcSt5dequeIcSaIcEEED1Ev)
    std::locale::facet::~facet__deallocating() 0x0800295b   Thumb Code    14  rwstdexcept.o(i._ZNSt6locale5facetD0Ev)
    std::locale::_C_init()                   0x08002969   Thumb Code   120  locale.o(i._ZNSt6locale7_C_initEv)
    std::locale::classic()                   0x080029ed   Thumb Code    56  locale.o(i._ZNSt6locale7classicEv)
    std::locale::locale(__rw::__rw_locale_imp*) 0x08002a31   Thumb Code    28  locale.o(i._ZNSt6localeC1EPN4__rw15__rw_locale_impE)
    std::locale::locale__sub_object(__rw::__rw_locale_imp*) 0x08002a31   Thumb Code     0  locale.o(i._ZNSt6localeC1EPN4__rw15__rw_locale_impE)
    std::locale::locale(const std::locale&)  0x08002a51   Thumb Code    12  messages.o(i._ZNSt6localeC1ERKS_)
    std::locale::locale__sub_object(const std::locale&) 0x08002a51   Thumb Code     0  messages.o(i._ZNSt6localeC1ERKS_)
    std::locale::locale()                    0x08002a5d   Thumb Code    28  rwstdexcept.o(i._ZNSt6localeC1Ev)
    std::locale::locale__sub_object()        0x08002a5d   Thumb Code     0  rwstdexcept.o(i._ZNSt6localeC1Ev)
    std::locale::~locale()                   0x08002a7d   Thumb Code    32  locale.o(i._ZNSt6localeD1Ev)
    std::locale::~locale__sub_object()       0x08002a7d   Thumb Code     0  locale.o(i._ZNSt6localeD1Ev)
    std::locale::operator =(const std::locale&) 0x08002a9d   Thumb Code    50  locale.o(i._ZNSt6localeaSERKS_)
    std::messages<char>::~messages__deallocating() 0x08002acf   Thumb Code    14  rwstdexcept.o(i._ZNSt8messagesIcED0Ev)
    std::messages<char>::~messages()         0x08002add   Thumb Code    16  rwstdexcept.o(i._ZNSt8messagesIcED1Ev)
    std::messages<char>::~messages__sub_object() 0x08002add   Thumb Code     0  rwstdexcept.o(i._ZNSt8messagesIcED1Ev)
    std::exception::exception()              0x08002aed   Thumb Code     6  exception_ctor.o(i._ZNSt9exceptionC1Ev)
    std::exception::exception__sub_object()  0x08002aed   Thumb Code     0  exception_ctor.o(i._ZNSt9exceptionC1Ev)
    std::__rw_get_cats()                     0x08002af9   Thumb Code    44  messages.o(i._ZSt13__rw_get_catsv)
    operator delete[] (void*)                0x08002b35   Thumb Code     8  array_del.o(i._ZdaPv)
    operator delete (void*)                  0x08002b3d   Thumb Code     8  delete.o(i._ZdlPv)
    operator new[] (unsigned)                0x08002b45   Thumb Code     8  array_new.o(i._Znaj)
    operator new(unsigned)                   0x08002b4d   Thumb Code    34  new.o(i._Znwj)
    __0fprintf                               0x08002b75   Thumb Code    22  printfa.o(i.__0fprintf)
    __1fprintf                               0x08002b75   Thumb Code     0  printfa.o(i.__0fprintf)
    __2fprintf                               0x08002b75   Thumb Code     0  printfa.o(i.__0fprintf)
    __c89fprintf                             0x08002b75   Thumb Code     0  printfa.o(i.__0fprintf)
    fprintf                                  0x08002b75   Thumb Code     0  printfa.o(i.__0fprintf)
    __0vsnprintf                             0x08002b91   Thumb Code    40  printfa.o(i.__0vsnprintf)
    __1vsnprintf                             0x08002b91   Thumb Code     0  printfa.o(i.__0vsnprintf)
    __2vsnprintf                             0x08002b91   Thumb Code     0  printfa.o(i.__0vsnprintf)
    __c89vsnprintf                           0x08002b91   Thumb Code     0  printfa.o(i.__0vsnprintf)
    vsnprintf                                0x08002b91   Thumb Code     0  printfa.o(i.__0vsnprintf)
    __0vsprintf                              0x08002bbd   Thumb Code    30  printfa.o(i.__0vsprintf)
    __1vsprintf                              0x08002bbd   Thumb Code     0  printfa.o(i.__0vsprintf)
    __2vsprintf                              0x08002bbd   Thumb Code     0  printfa.o(i.__0vsprintf)
    __c89vsprintf                            0x08002bbd   Thumb Code     0  printfa.o(i.__0vsprintf)
    vsprintf                                 0x08002bbd   Thumb Code     0  printfa.o(i.__0vsprintf)
    __ARM_array_new_general                  0x08002be1   Thumb Code   146  array_new_general.o(i.__ARM_array_new_general)
    __aeabi_vec_dtor_cookie                  0x08002c73   Thumb Code    16  aeabi_vec_dtor_cookie.o(i.__aeabi_vec_dtor_cookie)
    __aeabi_vec_new_cookie                   0x08002c83   Thumb Code    20  aeabi_vec_new_cookie.o(i.__aeabi_vec_new_cookie)
    __cxa_guard_acquire                      0x08002c97   Thumb Code    16  cxa_guard_acquire.o(i.__cxa_guard_acquire)
    __cxa_vec_new                            0x08002ca9   Thumb Code    18  cxa_vec_new.o(i.__cxa_vec_new)
    __scatterload_copy                       0x08002cc1   Thumb Code    14  handlers.o(i.__scatterload_copy)
    __scatterload_null                       0x08002ccf   Thumb Code     2  handlers.o(i.__scatterload_null)
    __scatterload_zeroinit                   0x08002cd1   Thumb Code    14  handlers.o(i.__scatterload_zeroinit)
    _is_digit                                0x08002f29   Thumb Code    14  scanf_fp.o(i._is_digit)
    fputc                                    0x08003687   Thumb Code    18  fputc.o(i.fputc)
    free                                     0x08003699   Thumb Code    76  malloc.o(i.free)
    main                                     0x080036e9   Thumb Code    26  main.o(i.main)
    malloc                                   0x08003735   Thumb Code    92  malloc.o(i.malloc)
    __rw::__string_ref<char, std::char_traits<char>, std::allocator<char>>::_C_inc_ref() 0x080037a1   Thumb Code    14  char.o(t._ZN4__rw12__string_refIcSt11char_traitsIcESaIcEE10_C_inc_refEv)
    __rw::__rw_facet_maker<std::ctype<char>>::_C_maker_func(int, const char*, unsigned) 0x080037b5   Thumb Code    70  rwstdexcept.o(t._ZN4__rw16__rw_facet_makerISt5ctypeIcEE13_C_maker_funcEiPKcj)
    unsigned __rw::__rw_new_capacity<std::deque<char, std::allocator<char>>>(unsigned, const T1*) 0x080037fb   Thumb Code    30  console.o(t._ZN4__rw17__rw_new_capacityISt5dequeIcSaIcEEEEjjPKT_)
    __rw::__rw_locale_vector<__rw::__rw_facet_base*>::resize(unsigned, __rw::__rw_facet_base*const &) 0x08003819   Thumb Code    86  locale.o(t._ZN4__rw18__rw_locale_vectorIPNS_15__rw_facet_baseEE6resizeEjRKS2_)
    __rw::__rw_locale_vector<__rw::__rw_facet_base*>::~__rw_locale_vector() 0x0800386f   Thumb Code    14  locale.o(t._ZN4__rw18__rw_locale_vectorIPNS_15__rw_facet_baseEED1Ev)
    __rw::__rw_locale_vector<__rw::__rw_facet_base*>::~__rw_locale_vector__sub_object() 0x0800386f   Thumb Code     0  locale.o(t._ZN4__rw18__rw_locale_vectorIPNS_15__rw_facet_baseEED1Ev)
    __rw::__rw_locale_vector<__rw::__rw_cat*>::~__rw_locale_vector() 0x0800387d   Thumb Code    14  rwcats.o(t._ZN4__rw18__rw_locale_vectorIPNS_8__rw_catEED1Ev)
    __rw::__rw_locale_vector<__rw::__rw_cat*>::~__rw_locale_vector__sub_object() 0x0800387d   Thumb Code     0  rwcats.o(t._ZN4__rw18__rw_locale_vectorIPNS_8__rw_catEED1Ev)
    __rw::__rw_locale_vector<std::basic_string<char, std::char_traits<char>, std::allocator<char>>>::~__rw_locale_vector() 0x0800388d   Thumb Code    16  locale.o(t._ZN4__rw18__rw_locale_vectorISsED1Ev)
    __rw::__rw_locale_vector<std::basic_string<char, std::char_traits<char>, std::allocator<char>>>::~__rw_locale_vector__sub_object() 0x0800388d   Thumb Code     0  locale.o(t._ZN4__rw18__rw_locale_vectorISsED1Ev)
    __rw::__rw_locale_vector<std::__rw_open_cat_data>::resize(unsigned) 0x080038a1   Thumb Code   122  messages.o(t._ZN4__rw18__rw_locale_vectorISt18__rw_open_cat_dataE6resizeEj)
    __rw::__rw_locale_vector<std::__rw_open_cat_data>::~__rw_locale_vector() 0x08003929   Thumb Code    16  messages.o(t._ZN4__rw18__rw_locale_vectorISt18__rw_open_cat_dataED1Ev)
    __rw::__rw_locale_vector<std::__rw_open_cat_data>::~__rw_locale_vector__sub_object() 0x08003929   Thumb Code     0  messages.o(t._ZN4__rw18__rw_locale_vectorISt18__rw_open_cat_dataED1Ev)
    std::deque<char, std::allocator<char>>::_C_make_iter(const std::__rw_deque_iter<char, int, const char*, const char&, std::allocator<char>>&) const 0x0800393d   Thumb Code    12  console.o(t._ZNKSt5dequeIcSaIcEE12_C_make_iterERKSt15__rw_deque_iterIciPKcRS3_S0_E)
    std::deque<char, std::allocator<char>>::empty() const 0x08003949   Thumb Code    16  console.o(t._ZNKSt5dequeIcSaIcEE5emptyEv)
    std::queue<char, std::deque<char, std::allocator<char>>>::empty() const 0x08003959   Thumb Code    12  console.o(t._ZNKSt5queueIcSt5dequeIcSaIcEEE5emptyEv)
    std::messages<char>::do_get(int, int, int, const std::basic_string<char, std::char_traits<char>, std::allocator<char>>&) const 0x08003965   Thumb Code   136  rwstdexcept.o(t._ZNKSt8messagesIcE6do_getEiiiRKSs)
    std::messages<char>::do_open(const std::basic_string<char, std::char_traits<char>, std::allocator<char>>&, const std::locale&) const 0x080039f5   Thumb Code     6  rwstdexcept.o(t._ZNKSt8messagesIcE7do_openERKSsRKSt6locale)
    std::allocator<char*>::deallocate(char**, unsigned) 0x080039fb   Thumb Code    20  console.o(t._ZNSaIPcE10deallocateEPS_j)
    std::allocator<char*>::allocate(unsigned, const void*) 0x08003a0f   Thumb Code    18  console.o(t._ZNSaIPcE8allocateEjPKv)
    std::allocator<char>::deallocate(char*, unsigned) 0x08003a21   Thumb Code    20  console.o(t._ZNSaIcE10deallocateEPcj)
    std::basic_string<char, std::char_traits<char>, std::allocator<char>>::_C_allocate(unsigned, unsigned, unsigned) 0x08003a35   Thumb Code    50  locale.o(t._ZNSs11_C_allocateEjjj)
    std::basic_string<char, std::char_traits<char>, std::allocator<char>>::replace(unsigned, unsigned, const char*, unsigned) 0x08003a67   Thumb Code    24  locale.o(t._ZNSs7replaceEjjPKcj)
    std::basic_string<char, std::char_traits<char>, std::allocator<char>>::replace(unsigned, unsigned, const char*, unsigned, unsigned, unsigned) 0x08003a81   Thumb Code   352  char.o(t._ZNSs7replaceEjjPKcjjj)
    std::basic_string<char, std::char_traits<char>, std::allocator<char>>::_C_getRep(unsigned, unsigned) 0x08003be9   Thumb Code   108  char.o(t._ZNSs9_C_getRepEjj)
    std::basic_string<char, std::char_traits<char>, std::allocator<char>>::_C_unlink() 0x08003c5d   Thumb Code    66  char.o(t._ZNSs9_C_unlinkEv)
    std::basic_string<char, std::char_traits<char>, std::allocator<char>>::basic_string(const char*, const std::allocator<char>&) 0x08003ca5   Thumb Code    52  locale.o(t._ZNSsC1EPKcRKSaIcE)
    std::basic_string<char, std::char_traits<char>, std::allocator<char>>::basic_string__sub_object(const char*, const std::allocator<char>&) 0x08003ca5   Thumb Code     0  locale.o(t._ZNSsC1EPKcRKSaIcE)
    std::basic_string<char, std::char_traits<char>, std::allocator<char>>::basic_string(const std::allocator<char>&) 0x08003cdd   Thumb Code    12  locale.o(t._ZNSsC1ERKSaIcE)
    std::basic_string<char, std::char_traits<char>, std::allocator<char>>::basic_string__sub_object(const std::allocator<char>&) 0x08003cdd   Thumb Code     0  locale.o(t._ZNSsC1ERKSaIcE)
    std::basic_string<char, std::char_traits<char>, std::allocator<char>>::basic_string(const std::basic_string<char, std::char_traits<char>, std::allocator<char>>&) 0x08003ced   Thumb Code    62  char.o(t._ZNSsC1ERKSs)
    std::basic_string<char, std::char_traits<char>, std::allocator<char>>::basic_string__sub_object(const std::basic_string<char, std::char_traits<char>, std::allocator<char>>&) 0x08003ced   Thumb Code     0  char.o(t._ZNSsC1ERKSs)
    std::basic_string<char, std::char_traits<char>, std::allocator<char>>::~basic_string() 0x08003d2b   Thumb Code    12  char.o(t._ZNSsD1Ev)
    std::basic_string<char, std::char_traits<char>, std::allocator<char>>::~basic_string__sub_object() 0x08003d2b   Thumb Code     0  char.o(t._ZNSsD1Ev)
    std::basic_string<char, std::char_traits<char>, std::allocator<char>>::operator =(const char*) 0x08003d39   Thumb Code    70  locale.o(t._ZNSsaSEPKc)
    std::basic_string<char, std::char_traits<char>, std::allocator<char>>::operator =(const std::basic_string<char, std::char_traits<char>, std::allocator<char>>&) 0x08003d85   Thumb Code    62  locale.o(t._ZNSsaSERKSs)
    std::__rw_deque_iter<char, int, const char*, const char&, std::allocator<char>>::_C_bufsize() 0x08003dc3   Thumb Code    12  console.o(t._ZNSt15__rw_deque_iterIciPKcRS0_SaIcEE10_C_bufsizeEv)
    std::__rw_deque_iter<char, int, const char*, const char&, std::allocator<char>>::__rw_deque_iter(const std::__rw_deque_iter<char, int, char*, char&, std::allocator<char>>&) 0x08003dcf   Thumb Code    18  console.o(t._ZNSt15__rw_deque_iterIciPKcRS0_SaIcEEC1ERKS_IciPcRcS3_E)
    std::__rw_deque_iter<char, int, const char*, const char&, std::allocator<char>>::__rw_deque_iter__sub_object(const std::__rw_deque_iter<char, int, char*, char&, std::allocator<char>>&) 0x08003dcf   Thumb Code     0  console.o(t._ZNSt15__rw_deque_iterIciPKcRS0_SaIcEEC1ERKS_IciPcRcS3_E)
    std::__rw_deque_iter<char, int, char*, char&, std::allocator<char>>::_C_bufsize() 0x08003de1   Thumb Code    12  console.o(t._ZNSt15__rw_deque_iterIciPcRcSaIcEE10_C_bufsizeEv)
    std::__rw_deque_iter<char, int, char*, char&, std::allocator<char>>::__rw_deque_iter(const std::__rw_deque_iter<char, int, char*, char&, std::allocator<char>>&) 0x08003ded   Thumb Code    18  console.o(t._ZNSt15__rw_deque_iterIciPcRcSaIcEEC1ERKS3_)
    std::__rw_deque_iter<char, int, char*, char&, std::allocator<char>>::__rw_deque_iter__sub_object(const std::__rw_deque_iter<char, int, char*, char&, std::allocator<char>>&) 0x08003ded   Thumb Code     0  console.o(t._ZNSt15__rw_deque_iterIciPcRcSaIcEEC1ERKS3_)
    std::__rw_deque_iter<char, int, char*, char&, std::allocator<char>>::__rw_deque_iter(char*, char**) 0x08003dff   Thumb Code    42  console.o(t._ZNSt15__rw_deque_iterIciPcRcSaIcEEC1ES0_PS0_)
    std::__rw_deque_iter<char, int, char*, char&, std::allocator<char>>::__rw_deque_iter__sub_object(char*, char**) 0x08003dff   Thumb Code     0  console.o(t._ZNSt15__rw_deque_iterIciPcRcSaIcEEC1ES0_PS0_)
    std::deque<char, std::allocator<char>>::_C_bufsize() 0x08003e29   Thumb Code     8  console.o(t._ZNSt5dequeIcSaIcEE10_C_bufsizeEv)
    std::deque<char, std::allocator<char>>::_C_alloc_at_end() 0x08003e31   Thumb Code   370  console.o(t._ZNSt5dequeIcSaIcEE15_C_alloc_at_endEv)
    std::deque<char, std::allocator<char>>::_C_free_at_begin() 0x08003fa3   Thumb Code   122  console.o(t._ZNSt5dequeIcSaIcEE16_C_free_at_beginEv)
    std::deque<char, std::allocator<char>>::_C_init() 0x0800401d   Thumb Code    50  console.o(t._ZNSt5dequeIcSaIcEE7_C_initEv)
    std::deque<char, std::allocator<char>>::pop_front() 0x0800404f   Thumb Code    56  console.o(t._ZNSt5dequeIcSaIcEE9pop_frontEv)
    std::deque<char, std::allocator<char>>::push_back(const char&) 0x08004087   Thumb Code    62  console.o(t._ZNSt5dequeIcSaIcEE9push_backERKc)
    std::deque<char, std::allocator<char>>::deque(const std::allocator<char>&) 0x080040c5   Thumb Code    42  console.o(t._ZNSt5dequeIcSaIcEEC1ERKS0_)
    std::deque<char, std::allocator<char>>::deque__sub_object(const std::allocator<char>&) 0x080040c5   Thumb Code     0  console.o(t._ZNSt5dequeIcSaIcEEC1ERKS0_)
    std::deque<char, std::allocator<char>>::deque(const std::deque<char, std::allocator<char>>&) 0x080040ef   Thumb Code   134  console.o(t._ZNSt5dequeIcSaIcEEC1ERKS1_)
    std::deque<char, std::allocator<char>>::deque__sub_object(const std::deque<char, std::allocator<char>>&) 0x080040ef   Thumb Code     0  console.o(t._ZNSt5dequeIcSaIcEEC1ERKS1_)
    std::deque<char, std::allocator<char>>::~deque() 0x08004175   Thumb Code    26  console.o(t._ZNSt5dequeIcSaIcEED1Ev)
    std::deque<char, std::allocator<char>>::~deque__sub_object() 0x08004175   Thumb Code     0  console.o(t._ZNSt5dequeIcSaIcEED1Ev)
    std::queue<char, std::deque<char, std::allocator<char>>>::pop() 0x0800418f   Thumb Code    12  console.o(t._ZNSt5queueIcSt5dequeIcSaIcEEE3popEv)
    std::queue<char, std::deque<char, std::allocator<char>>>::push(const char&) 0x0800419b   Thumb Code    16  console.o(t._ZNSt5queueIcSt5dequeIcSaIcEEE4pushERKc)
    std::queue<char, std::deque<char, std::allocator<char>>>::front() 0x080041ab   Thumb Code    32  console.o(t._ZNSt5queueIcSt5dequeIcSaIcEEE5frontEv)
    std::queue<char, std::deque<char, std::allocator<char>>>::queue(const std::deque<char, std::allocator<char>>&) 0x080041cb   Thumb Code    20  console.o(t._ZNSt5queueIcSt5dequeIcSaIcEEEC1ERKS2_)
    std::queue<char, std::deque<char, std::allocator<char>>>::queue__sub_object(const std::deque<char, std::allocator<char>>&) 0x080041cb   Thumb Code     0  console.o(t._ZNSt5queueIcSt5dequeIcSaIcEEEC1ERKS2_)
    const T1& std::max<unsigned>(const T1&, const T1&) 0x080041df   Thumb Code    12  char.o(t._ZSt3maxIjERKT_S2_S2_)
    T2 std::copy<std::__rw_deque_iter<char, int, const char*, const char&, std::allocator<char>>, std::back_insert_iterator<std::deque<char, std::allocator<char>>>>(T1, T1, T2) 0x080041eb   Thumb Code   102  console.o(t._ZSt4copyISt15__rw_deque_iterIciPKcRS1_SaIcEESt20back_insert_iteratorISt5dequeIcS4_EEET0_T_SB_SA_)
    bool std::operator ==<char, int, const char*, const char&, const char*, const char&, std::allocator<char>>(const std::__rw_deque_iter<T1, T2, T3, T4, T7>&, const std::__rw_deque_iter<T1, T2, T5, T6, T7>&) 0x08004251   Thumb Code    92  console.o(t._ZSteqIciPKcRS0_S1_S2_SaIcEEbRKSt15__rw_deque_iterIT_T0_T1_T2_T5_ERKS4_IS5_S6_T3_T4_S9_E)
    std::ctype<char>::_C_classic_table       0x08004308   Data         512  char.o(.constdata)
    __ctype_table                            0x08004508   Data         129  ctype_o.o(.constdata)
    vtable for std::locale::facet            0x08004590   Data          20  rwstdexcept.o(.constdata__ZTVNSt6locale5facetE)
    vtable for std::ctype_byname<char>       0x080045a4   Data          52  char.o(.constdata__ZTVSt12ctype_bynameIcE)
    vtable for std::__rw_exception           0x080045d8   Data          20  rwstdexcept.o(.constdata__ZTVSt14__rw_exception)
    vtable for std::ctype<char>              0x080045ec   Data          52  char.o(.constdata__ZTVSt5ctypeIcE)
    vtable for std::messages<char>           0x08004620   Data          32  rwstdexcept.o(.constdata__ZTVSt8messagesIcE)
    vtable for std::exception                0x08004640   Data          20  exception_dtor.o(.constdata__ZTVSt9exception)
    __rw::__rw_locale_imp::_C_category_name(int) const::string 0x08004654   Data           1  locale.o(.constdata__ZZNK4__rw15__rw_locale_imp16_C_category_nameEiEs)
    std::basic_string<char, std::char_traits<char>, std::allocator<char>>::replace(unsigned, unsigned, const char*, unsigned, unsigned, unsigned)::string 0x08004655   Data           1  char.o(.constdata__ZZNSs7replaceEjjPKcjjjEs)
    std::basic_string<char, std::char_traits<char>, std::allocator<char>>::_C_getRep(unsigned, unsigned)::string 0x08004656   Data           1  char.o(.constdata__ZZNSs9_C_getRepEjjEs)
    std::messages<char>::messages(unsigned)::string 0x08004657   Data           2  rwstdexcept.o(.constdata__ZZNSt8messagesIcEC1EjEs)
    Region$$Table$$Base                      0x080048d0   Number         0  anon$$obj.o(Region$$Table)
    Region$$Table$$Limit                     0x080048f0   Number         0  anon$$obj.o(Region$$Table)
    SHT$$INIT_ARRAY$$Base                    0x080048f0   Number         0  console.o(.init_array)
    SHT$$INIT_ARRAY$$Limit                   0x08004900   Number         0  rwcats.o(.init_array)
    std::ctype<char>::id                     0x2000002c   Data           4  char.o(.data)
    std::ctype<wchar_t>::id                  0x20000030   Data           4  char.o(.data)
    std::locale::_C_classic                  0x2000003c   Data           4  locale.o(.data)
    std::locale::_C_native                   0x20000040   Data           4  locale.o(.data)
    std::locale::_C_global                   0x20000044   Data           4  locale.o(.data)
    std::codecvt<char, char, std::__mbstate_t>::id 0x20000048   Data           4  locale.o(.data)
    std::codecvt<wchar_t, char, std::__mbstate_t>::id 0x2000004c   Data           4  locale.o(.data)
    __rw_throw_proc                          0x20000050   Data           4  rwthrowproc_noex.o(.data)
    __stderr                                 0x20000054   Data           4  stderr.o(.data)
    __microlib_freelist                      0x20000058   Data           4  mvars.o(.data)
    __microlib_freelist_initialised          0x2000005c   Data           4  mvars.o(.data)
    std::locale::id::_C_init() const::_C_id_gen 0x20000074   Data           4  locale.o(.data__ZZNKSt6locale2id7_C_initEvE9_C_id_gen)
    guard variable for std::__rw_get_cats()::__open_cats 0x20000078   Data           4  messages.o(.data__ZZSt13__rw_get_catsvE11__open_cats)
    std::__rw_get_cats()::__open_cats        0x2000007c   Data           8  messages.o(.data__ZZSt13__rw_get_catsvE11__open_cats)
    ConsoleRxQueue                           0x20000084   Data          44  console.o(.bss)
    ConsoleTxQueue                           0x200000b0   Data          44  console.o(.bss)
    std::basic_string<char, std::char_traits<char>, std::allocator<char>>::__nullref 0x200000f8   Data          16  vendor.o(.bss__ZNSs9__nullrefE)
    __heap_base                              0x20000108   Data           0  startup_stm32f40xx.o(HEAP)
    __heap_limit                             0x20001108   Data           0  startup_stm32f40xx.o(HEAP)
    __initial_sp                             0x20003108   Data           0  startup_stm32f40xx.o(STACK)



==============================================================================

Memory Map of the image

  Image Entry point : 0x08000189

  Load Region LR_IROM1 (Base: 0x08000000, Size: 0x00004984, Max: 0x00080000, ABSOLUTE)

    Execution Region ER_IROM1 (Base: 0x08000000, Size: 0x00004900, Max: 0x00080000, ABSOLUTE)

    Base Addr    Size         Type   Attr      Idx    E Section Name        Object

    0x08000000   0x00000188   Data   RO         5875    RESET               startup_stm32f40xx.o
    0x08000188   0x00000000   Code   RO         6075  * .ARM.Collect$$$$00000000  mc_w.l(entry.o)
    0x08000188   0x00000004   Code   RO         6373    .ARM.Collect$$$$00000001  mc_w.l(entry2.o)
    0x0800018c   0x00000004   Code   RO         6376    .ARM.Collect$$$$00000004  mc_w.l(entry5.o)
    0x08000190   0x00000000   Code   RO         6378    .ARM.Collect$$$$00000008  mc_w.l(entry7b.o)
    0x08000190   0x00000004   Code   RO         6379    .ARM.Collect$$$$00000009  mc_w.l(entry8a.o)
    0x08000194   0x00000000   Code   RO         6380    .ARM.Collect$$$$0000000A  mc_w.l(entry8b.o)
    0x08000194   0x00000008   Code   RO         6381    .ARM.Collect$$$$0000000B  mc_w.l(entry9a.o)
    0x0800019c   0x00000000   Code   RO         6383    .ARM.Collect$$$$0000000D  mc_w.l(entry10a.o)
    0x0800019c   0x00000004   Code   RO         6384    .ARM.Collect$$$$0000000E  mc_w.l(entry10b.o)
    0x080001a0   0x00000000   Code   RO         6385    .ARM.Collect$$$$0000000F  mc_w.l(entry11a.o)
    0x080001a0   0x00000004   Code   RO         6374    .ARM.Collect$$$$00002712  mc_w.l(entry2.o)
    0x080001a4   0x00000024   Code   RO         5876    .text               startup_stm32f40xx.o
    0x080001c8   0x00000020   Code   RO         6109    .text               mc_w.l(cpp_init.o)
    0x080001e8   0x0000002e   Code   RO         6111    .text               mc_w.l(aeabi_atexit.o)
    0x08000216   0x0000002c   Code   RO         6390    .text               mc_w.l(uidiv.o)
    0x08000242   0x00000062   Code   RO         6392    .text               mc_w.l(uldiv.o)
    0x080002a4   0x00000024   Code   RO         6394    .text               mc_w.l(memcpya.o)
    0x080002c8   0x00000040   Code   RO         6396    .text               mc_w.l(memmovea.o)
    0x08000308   0x00000000   Code   RO         6430    .text               mc_w.l(iusefp.o)
    0x08000308   0x00000008   Code   RO         6431    .text               mc_w.l(cpp_dtor.o)
    0x08000310   0x00000042   Code   RO         6434    .text               mc_w.l(cxa_finalize.o)
    0x08000352   0x0000014e   Code   RO         6436    .text               mf_w.l(dadd.o)
    0x080004a0   0x000000e4   Code   RO         6438    .text               mf_w.l(dmul.o)
    0x08000584   0x000000de   Code   RO         6440    .text               mf_w.l(ddiv.o)
    0x08000662   0x00000030   Code   RO         6442    .text               mf_w.l(dfixul.o)
    0x08000692   0x00000002   PAD
    0x08000694   0x00000030   Code   RO         6444    .text               mf_w.l(cdrcmple.o)
    0x080006c4   0x00000004   Code   RO         6939    .text               cpprt_w.l(arm_newhandler_noexceptions.o)
    0x080006c8   0x0000000e   Code   RO         6975    .text               cpprt_w.l(aeabi_vec_delete_noexceptions.o)
    0x080006d6   0x0000001a   Code   RO         6985    .text               cpprt_w.l(arm_exceptions_terminate.o)
    0x080006f0   0x00000050   Code   RO         6988    .text               cpprt_w.l(arm_exceptions_globs.o)
    0x08000740   0x00000024   Code   RO         6997    .text               mc_w.l(init.o)
    0x08000764   0x00000000   Code   RO         6999    .text               mc_w.l(semi.o)
    0x08000764   0x0000001e   Code   RO         7001    .text               mc_w.l(llshl.o)
    0x08000782   0x00000020   Code   RO         7003    .text               mc_w.l(llushr.o)
    0x080007a2   0x00000024   Code   RO         7005    .text               mc_w.l(llsshr.o)
    0x080007c6   0x00000018   Code   RO         7011    .text               mc_w.l(strcat.o)
    0x080007de   0x0000000e   Code   RO         7013    .text               mc_w.l(strlen.o)
    0x080007ec   0x00000012   Code   RO         7015    .text               mc_w.l(strcpy.o)
    0x080007fe   0x00000020   Code   RO         7017    .text               mc_w.l(strrchr.o)
    0x0800081e   0x00000002   PAD
    0x08000820   0x00000038   Code   RO         7021    .text               mc_w.l(sscanf.o)
    0x08000858   0x00000000   Code   RO         7023    .text               mc_w.l(iusesemip.o)
    0x08000858   0x00000002   Code   RO         7024    .text               mc_w.l(cpp_final.o)
    0x0800085a   0x00000002   PAD
    0x0800085c   0x00000014   Code   RO         7026    .text               mc_w.l(cpp_memory.o)
    0x08000870   0x000000ba   Code   RO         7029    .text               mf_w.l(depilogue.o)
    0x0800092a   0x0000003c   Code   RO         7144    .text               cpprt_w.l(arm_exceptions_mem.o)
    0x08000966   0x00000002   PAD
    0x08000968   0x00000008   Code   RO         7157    .text               mc_w.l(ctype_o.o)
    0x08000970   0x00000012   Code   RO         7179    .text               mc_w.l(isspace_o.o)
    0x08000982   0x00000042   Code   RO         7193    .text               mc_w.l(memmove.o)
    0x080009c4   0x0000001c   Code   RO         7197    .text               mc_w.l(strcmp.o)
    0x080009e0   0x00000156   Code   RO         7209    .text               mc_w.l(_scanf_longlong.o)
    0x08000b36   0x0000014c   Code   RO         7211    .text               mc_w.l(_scanf_int.o)
    0x08000c82   0x000000e0   Code   RO         7213    .text               mc_w.l(_scanf_str.o)
    0x08000d62   0x00000002   PAD
    0x08000d64   0x00000338   Code   RO         7215    .text               mc_w.l(scanf_fp.o)
    0x0800109c   0x00000028   Code   RO         7219    .text               mc_w.l(scanf_char.o)
    0x080010c4   0x00000040   Code   RO         7221    .text               mc_w.l(_sgetc.o)
    0x08001104   0x00000002   Code   RO         7223    .text               cpprt_w.l(arm_rethrow_noexceptions.o)
    0x08001106   0x00000022   Code   RO         7229    .text               cpprt_w.l(aeabi_vec_dtor_noexceptions.o)
    0x08001128   0x0000001c   Code   RO         7239    .text               mc_w.l(_chval.o)
    0x08001144   0x0000032c   Code   RO         7241    .text               mc_w.l(_scanf.o)
    0x08001470   0x00000018   Code   RO         7245    .text               mf_w.l(dfltul.o)
    0x08001488   0x00000038   Code   RO         7249    .text               mf_w.l(d2f.o)
    0x080014c0   0x0000006e   Code   RO         7262    .text               mf_w.l(fepilogue.o)
    0x0800152e   0x0000001c   Code   RO         7264    .text               cpprt_w.l(ARM_vec_cleanup_noexceptions.o)
    0x0800154a   0x00000014   Code   RO         6702    i.<Func5>           cpp_ws.l(locale.o)
    0x0800155e   0x00000090   Code   RO         2746    i.GPIO_Init         stm32f4xx_gpio.o
    0x080015ee   0x00000046   Code   RO         2747    i.GPIO_PinAFConfig  stm32f4xx_gpio.o
    0x08001634   0x00000078   Code   RO          769    i.NVIC_Init         misc.o
    0x080016ac   0x00000014   Code   RO          770    i.NVIC_PriorityGroupConfig  misc.o
    0x080016c0   0x00000020   Code   RO         3672    i.RCC_AHB1PeriphClockCmd  stm32f4xx_rcc.o
    0x080016e0   0x00000020   Code   RO         3681    i.RCC_APB1PeriphClockCmd  stm32f4xx_rcc.o
    0x08001700   0x000000e8   Code   RO         3693    i.RCC_GetClocksFreq  stm32f4xx_rcc.o
    0x080017e8   0x000000ec   Code   RO         5883    i.SetSysClock       system_stm32f4xx.o
    0x080018d4   0x00000068   Code   RO         5885    i.SystemInit        system_stm32f4xx.o
    0x0800193c   0x00000054   Code   RO            4    i.USART2_IRQHandler  console.o
    0x08001990   0x0000001e   Code   RO         5619    i.USART_ClearITPendingBit  stm32f4xx_usart.o
    0x080019ae   0x00000018   Code   RO         5622    i.USART_Cmd         stm32f4xx_usart.o
    0x080019c6   0x0000001a   Code   RO         5625    i.USART_GetFlagStatus  stm32f4xx_usart.o
    0x080019e0   0x00000054   Code   RO         5626    i.USART_GetITStatus  stm32f4xx_usart.o
    0x08001a34   0x0000004a   Code   RO         5628    i.USART_ITConfig    stm32f4xx_usart.o
    0x08001a7e   0x00000002   PAD
    0x08001a80   0x000000d4   Code   RO         5629    i.USART_Init        stm32f4xx_usart.o
    0x08001b54   0x0000000a   Code   RO         5636    i.USART_ReceiveData  stm32f4xx_usart.o
    0x08001b5e   0x00000008   Code   RO         5639    i.USART_SendData    stm32f4xx_usart.o
    0x08001b66   0x00000002   PAD
    0x08001b68   0x000000ac   Code   RO            5    i._Z12Console_Initv  console.o
    0x08001c14   0x00000024   Code   RO            8    i._Z14Console_printfPKcz  console.o
    0x08001c38   0x00000020   Code   RO            9    i._Z15Console_PutCharc  console.o
    0x08001c58   0x00000016   Code   RO           11    i._Z17Console_PutStringPc  console.o
    0x08001c6e   0x00000002   PAD
    0x08001c70   0x00000024   Code   RO           12    i._Z18Console_SendRxDatav  console.o
    0x08001c94   0x00000054   Code   RO           13    i._Z22Console_RunTransmitterv  console.o
    0x08001ce8   0x00000020   Code   RO         7031    i._Z7catgetsPN4__rw8__rw_catEiiPKc  cpp_ws.l(rwcats.o)
    0x08001d08   0x00000022   Code   RO         7032    i._Z7catopenPKci    cpp_ws.l(rwcats.o)
    0x08001d2a   0x00000058   Code   RO         6113    i._ZN37_INTERNAL_15_rwstdexcept_cpp_8697b68a4__rw13__rw_vfmatstrEPcjPKcSt9__va_list  cpp_ws.l(rwstdexcept.o)
    0x08001d82   0x00000002   PAD
    0x08001d84   0x0000014c   Code   RO         6114    i._ZN37_INTERNAL_15_rwstdexcept_cpp_8697b68a4__rw13__rw_vfmatstrEPcjiSt9__va_list  cpp_ws.l(rwstdexcept.o)
    0x08001ed0   0x0000005c   Code   RO         6116    i._ZN4__rw10__rw_throwEiz  cpp_ws.l(rwstdexcept.o)
    0x08001f2c   0x00000020   Code   RO         5921    i._ZN4__rw13__rw_allocateEji  cpp_ws.l(rwalloc.o)
    0x08001f4c   0x00000004   Code   RO         5922    i._ZN4__rw15__rw_deallocateEPvji  cpp_ws.l(rwalloc.o)
    0x08001f50   0x00000002   Code   RO         6649    i._ZN4__rw15__rw_facet_base12_C_initfacetERKSt6locale  cpp_ws.l(char.o)
    0x08001f52   0x00000002   PAD
    0x08001f54   0x000000ec   Code   RO         6805    i._ZN4__rw15__rw_locale_impC1EPKcjj  cpp_ws.l(locale.o)
    0x08002040   0x0000001a   Code   RO         6843    i._ZN4__rw15__rw_locale_impD1Ev  cpp_ws.l(locale.o)
    0x0800205a   0x0000003a   Code   RO         6703    i._ZN4__rw21__rw_use_c_lib_localeC1EPKci  cpp_ws.l(locale.o)
    0x08002094   0x00000018   Code   RO         6619    i._ZN4__rw21__rw_use_c_lib_localeD1Ev  cpp_ws.l(char.o)
    0x080020ac   0x00000098   Code   RO         7055    i._ZN4__rw25__rw_throw_exception_noexEiPc  cpp_ws.l(rwthrowproc_impl_noex.o)
    0x08002144   0x00000030   Code   RO         7035    i._ZN4__rw9__catfindEPNS_8__rw_catE  cpp_ws.l(rwcats.o)
    0x08002174   0x00000004   Code   RO         6236    i._ZNKSt14__rw_exception4whatEv  cpp_ws.l(rwstdexcept.o)
    0x08002178   0x00000072   Code   RO         6880    i._ZNKSt18__rw_messages_base11_C_cat_openERKSsRKSt6locale  cpp_ws.l(messages.o)
    0x080021ea   0x00000020   Code   RO         6883    i._ZNKSt18__rw_messages_base13_C_get_localeEi  cpp_ws.l(messages.o)
    0x0800220a   0x00000034   Code   RO         6884    i._ZNKSt18__rw_messages_base14_C_get_messageEiii  cpp_ws.l(messages.o)
    0x0800223e   0x0000000e   Code   RO         6589    i._ZNKSt5ctypeIcE2isENSt10ctype_base4maskEc  cpp_ws.l(char.o)
    0x0800224c   0x00000108   Code   RO         6708    i._ZNKSt6locale13_C_make_facetERKNS_2idEbiPFPN4__rw15__rw_facet_baseEiPKcjE  cpp_ws.l(locale.o)
    0x08002354   0x00000074   Code   RO         6710    i._ZNKSt6locale16_C_install_facetEPN4__rw15__rw_facet_baseERKNS_2idE  cpp_ws.l(locale.o)
    0x080023c8   0x00000030   Code   RO         6711    i._ZNKSt6locale4nameEv  cpp_ws.l(locale.o)
    0x080023f8   0x0000000c   Code   RO         6564    i._ZNSt11char_traitsIcE4copyEPcPKcj  cpp_ws.l(char.o)
    0x08002404   0x000000cc   Code   RO         6450    i._ZNSt12ctype_bynameIcE17_C_get_mask_tableEPKc  cpp_ws.l(char.o)
    0x080024d0   0x00000120   Code   RO         6452    i._ZNSt12ctype_bynameIcEC1EPKcj  cpp_ws.l(char.o)
    0x080025f0   0x0000000e   Code   RO         6696    i._ZNSt12ctype_bynameIcED0Ev  cpp_ws.l(char.o)
    0x080025fe   0x00000008   Code   RO         6693    i._ZNSt12ctype_bynameIcED1Ev  cpp_ws.l(char.o)
    0x08002606   0x00000002   PAD
    0x08002608   0x00000084   Code   RO         6119    i._ZNSt14__rw_exception10_C_vformatEiSt9__va_list  cpp_ws.l(rwstdexcept.o)
    0x0800268c   0x00000014   Code   RO         6186    i._ZNSt14__rw_exceptionC1Ev  cpp_ws.l(rwstdexcept.o)
    0x080026a0   0x0000001c   Code   RO         6230    i._ZNSt14__rw_exceptionD1Ev  cpp_ws.l(rwstdexcept.o)
    0x080026bc   0x00000008   Code   RO         6183    i._ZNSt18__rw_messages_baseD1Ev  cpp_ws.l(rwstdexcept.o)
    0x080026c4   0x0000001a   Code   RO         6920    i._ZNSt18__rw_open_cat_dataC1Ev  cpp_ws.l(messages.o)
    0x080026de   0x0000000c   Code   RO         6917    i._ZNSt18__rw_open_cat_dataD1Ev  cpp_ws.l(messages.o)
    0x080026ea   0x00000012   Code   RO         6923    i._ZNSt18__rw_open_cat_dataaSERKS_  cpp_ws.l(messages.o)
    0x080026fc   0x000000fa   Code   RO         6454    i._ZNSt5ctypeIcE12_C_initfacetERKSt6locale  cpp_ws.l(char.o)
    0x080027f6   0x00000002   PAD
    0x080027f8   0x00000118   Code   RO         6456    i._ZNSt5ctypeIcEC1EPKNSt10ctype_base4maskEbj  cpp_ws.l(char.o)
    0x08002910   0x0000000e   Code   RO         6592    i._ZNSt5ctypeIcED0Ev  cpp_ws.l(char.o)
    0x0800291e   0x00000002   PAD
    0x08002920   0x0000002c   Code   RO         6521    i._ZNSt5ctypeIcED1Ev  cpp_ws.l(char.o)
    0x0800294c   0x0000000e   Code   RO          226    i._ZNSt5queueIcSt5dequeIcSaIcEEED1Ev  console.o
    0x0800295a   0x0000000e   Code   RO         6227    i._ZNSt6locale5facetD0Ev  cpp_ws.l(rwstdexcept.o)
    0x08002968   0x00000084   Code   RO         6714    i._ZNSt6locale7_C_initEv  cpp_ws.l(locale.o)
    0x080029ec   0x00000044   Code   RO         6716    i._ZNSt6locale7classicEv  cpp_ws.l(locale.o)
    0x08002a30   0x00000020   Code   RO         6846    i._ZNSt6localeC1EPN4__rw15__rw_locale_impE  cpp_ws.l(locale.o)
    0x08002a50   0x0000000c   Code   RO         6926    i._ZNSt6localeC1ERKS_  cpp_ws.l(messages.o)
    0x08002a5c   0x00000020   Code   RO         6179    i._ZNSt6localeC1Ev  cpp_ws.l(rwstdexcept.o)
    0x08002a7c   0x00000020   Code   RO         6821    i._ZNSt6localeD1Ev  cpp_ws.l(locale.o)
    0x08002a9c   0x00000032   Code   RO         6724    i._ZNSt6localeaSERKS_  cpp_ws.l(locale.o)
    0x08002ace   0x0000000e   Code   RO         6201    i._ZNSt8messagesIcED0Ev  cpp_ws.l(rwstdexcept.o)
    0x08002adc   0x00000010   Code   RO         6170    i._ZNSt8messagesIcED1Ev  cpp_ws.l(rwstdexcept.o)
    0x08002aec   0x0000000c   Code   RO         6952    i._ZNSt9exceptionC1Ev  cpprt_w.l(exception_ctor.o)
    0x08002af8   0x0000003c   Code   RO         6901    i._ZSt13__rw_get_catsv  cpp_ws.l(messages.o)
    0x08002b34   0x00000008   Code   RO         6932    i._ZdaPv            cpprt_w.l(array_del.o)
    0x08002b3c   0x00000008   Code   RO         6239    i._ZdlPv            cpprt_w.l(delete.o)
    0x08002b44   0x00000008   Code   RO         6935    i._Znaj             cpprt_w.l(array_new.o)
    0x08002b4c   0x00000028   Code   RO         6242    i._Znwj             cpprt_w.l(new.o)
    0x08002b74   0x0000001c   Code   RO         6078    i.__0fprintf        mc_w.l(printfa.o)
    0x08002b90   0x0000002c   Code   RO         6084    i.__0vsnprintf      mc_w.l(printfa.o)
    0x08002bbc   0x00000024   Code   RO         6085    i.__0vsprintf       mc_w.l(printfa.o)
    0x08002be0   0x00000092   Code   RO         7251    i.__ARM_array_new_general  cpprt_w.l(array_new_general.o)
    0x08002c72   0x00000010   Code   RO         7141    i.__aeabi_vec_dtor_cookie  cpprt_w.l(aeabi_vec_dtor_cookie.o)
    0x08002c82   0x00000014   Code   RO         7138    i.__aeabi_vec_new_cookie  cpprt_w.l(aeabi_vec_new_cookie.o)
    0x08002c96   0x00000010   Code   RO         7126    i.__cxa_guard_acquire  cpprt_w.l(cxa_guard_acquire.o)
    0x08002ca6   0x00000002   PAD
    0x08002ca8   0x00000018   Code   RO         7226    i.__cxa_vec_new     cpprt_w.l(cxa_vec_new.o)
    0x08002cc0   0x0000000e   Code   RO         7277    i.__scatterload_copy  mc_w.l(handlers.o)
    0x08002cce   0x00000002   Code   RO         7278    i.__scatterload_null  mc_w.l(handlers.o)
    0x08002cd0   0x0000000e   Code   RO         7279    i.__scatterload_zeroinit  mc_w.l(handlers.o)
    0x08002cde   0x00000002   PAD
    0x08002ce0   0x00000010   Code   RO         6725    i.__sti___10_locale_cpp_ff99fc7b  cpp_ws.l(locale.o)
    0x08002cf0   0x00000038   Code   RO         7036    i.__sti___10_rwcats_cpp_64e8068e  cpp_ws.l(rwcats.o)
    0x08002d28   0x0000006c   Code   RO           14    i.__sti___11_Console_cpp_4ad67cb8  console.o
    0x08002d94   0x00000010   Code   RO         6458    i.__sti___8_char_cpp_a3dc957a  cpp_ws.l(char.o)
    0x08002da4   0x00000184   Code   RO         6086    i._fp_digits        mc_w.l(printfa.o)
    0x08002f28   0x0000000e   Code   RO         7217    i._is_digit         mc_w.l(scanf_fp.o)
    0x08002f36   0x00000002   PAD
    0x08002f38   0x000006dc   Code   RO         6087    i._printf_core      mc_w.l(printfa.o)
    0x08003614   0x00000024   Code   RO         6088    i._printf_post_padding  mc_w.l(printfa.o)
    0x08003638   0x0000002e   Code   RO         6089    i._printf_pre_padding  mc_w.l(printfa.o)
    0x08003666   0x00000016   Code   RO         6090    i._snputc           mc_w.l(printfa.o)
    0x0800367c   0x0000000a   Code   RO         6091    i._sputc            mc_w.l(printfa.o)
    0x08003686   0x00000012   Code   RO         6387    i.fputc             mc_w.l(fputc.o)
    0x08003698   0x00000050   Code   RO         6402    i.free              mc_w.l(malloc.o)
    0x080036e8   0x0000004c   Code   RO          719    i.main              main.o
    0x08003734   0x0000006c   Code   RO         6403    i.malloc            mc_w.l(malloc.o)
    0x080037a0   0x00000014   Code   RO         6573    t._ZN4__rw12__string_refIcSt11char_traitsIcESaIcEE10_C_inc_refEv  cpp_ws.l(char.o)
    0x080037b4   0x00000046   Code   RO         6192    t._ZN4__rw16__rw_facet_makerISt5ctypeIcEE13_C_maker_funcEiPKcj  cpp_ws.l(rwstdexcept.o)
    0x080037fa   0x0000001e   Code   RO           94    t._ZN4__rw17__rw_new_capacityISt5dequeIcSaIcEEEEjjPKT_  console.o
    0x08003818   0x00000056   Code   RO         6824    t._ZN4__rw18__rw_locale_vectorIPNS_15__rw_facet_baseEE6resizeEjRKS2_  cpp_ws.l(locale.o)
    0x0800386e   0x0000000e   Code   RO         6836    t._ZN4__rw18__rw_locale_vectorIPNS_15__rw_facet_baseEED1Ev  cpp_ws.l(locale.o)
    0x0800387c   0x0000000e   Code   RO         7052    t._ZN4__rw18__rw_locale_vectorIPNS_8__rw_catEED1Ev  cpp_ws.l(rwcats.o)
    0x0800388a   0x00000002   PAD
    0x0800388c   0x00000014   Code   RO         6839    t._ZN4__rw18__rw_locale_vectorISsED1Ev  cpp_ws.l(locale.o)
    0x080038a0   0x00000088   Code   RO         6907    t._ZN4__rw18__rw_locale_vectorISt18__rw_open_cat_dataE6resizeEj  cpp_ws.l(messages.o)
    0x08003928   0x00000014   Code   RO         6913    t._ZN4__rw18__rw_locale_vectorISt18__rw_open_cat_dataED1Ev  cpp_ws.l(messages.o)
    0x0800393c   0x0000000c   Code   RO          235    t._ZNKSt5dequeIcSaIcEE12_C_make_iterERKSt15__rw_deque_iterIciPKcRS3_S0_E  console.o
    0x08003948   0x00000010   Code   RO          190    t._ZNKSt5dequeIcSaIcEE5emptyEv  console.o
    0x08003958   0x0000000c   Code   RO          208    t._ZNKSt5queueIcSt5dequeIcSaIcEEE5emptyEv  console.o
    0x08003964   0x00000090   Code   RO         6164    t._ZNKSt8messagesIcE6do_getEiiiRKSs  cpp_ws.l(rwstdexcept.o)
    0x080039f4   0x00000006   Code   RO         6189    t._ZNKSt8messagesIcE7do_openERKSsRKSt6locale  cpp_ws.l(rwstdexcept.o)
    0x080039fa   0x00000014   Code   RO          184    t._ZNSaIPcE10deallocateEPS_j  console.o
    0x08003a0e   0x00000012   Code   RO          178    t._ZNSaIPcE8allocateEjPKv  console.o
    0x08003a20   0x00000014   Code   RO          172    t._ZNSaIcE10deallocateEPcj  console.o
    0x08003a34   0x00000032   Code   RO         6793    t._ZNSs11_C_allocateEjjj  cpp_ws.l(locale.o)
    0x08003a66   0x00000018   Code   RO         6833    t._ZNSs7replaceEjjPKcj  cpp_ws.l(locale.o)
    0x08003a7e   0x00000002   PAD
    0x08003a80   0x00000168   Code   RO         6511    t._ZNSs7replaceEjjPKcjjj  cpp_ws.l(char.o)
    0x08003be8   0x00000074   Code   RO         6499    t._ZNSs9_C_getRepEjj  cpp_ws.l(char.o)
    0x08003c5c   0x00000048   Code   RO         6508    t._ZNSs9_C_unlinkEv  cpp_ws.l(char.o)
    0x08003ca4   0x00000038   Code   RO         6796    t._ZNSsC1EPKcRKSaIcE  cpp_ws.l(locale.o)
    0x08003cdc   0x00000010   Code   RO         6830    t._ZNSsC1ERKSaIcE   cpp_ws.l(locale.o)
    0x08003cec   0x0000003e   Code   RO         6502    t._ZNSsC1ERKSs      cpp_ws.l(char.o)
    0x08003d2a   0x0000000c   Code   RO         6582    t._ZNSsD1Ev         cpp_ws.l(char.o)
    0x08003d36   0x00000002   PAD
    0x08003d38   0x0000004c   Code   RO         6802    t._ZNSsaSEPKc       cpp_ws.l(locale.o)
    0x08003d84   0x0000003e   Code   RO         6799    t._ZNSsaSERKSs      cpp_ws.l(locale.o)
    0x08003dc2   0x0000000c   Code   RO          247    t._ZNSt15__rw_deque_iterIciPKcRS0_SaIcEE10_C_bufsizeEv  console.o
    0x08003dce   0x00000012   Code   RO          154    t._ZNSt15__rw_deque_iterIciPKcRS0_SaIcEEC1ERKS_IciPcRcS3_E  console.o
    0x08003de0   0x0000000c   Code   RO          160    t._ZNSt15__rw_deque_iterIciPcRcSaIcEE10_C_bufsizeEv  console.o
    0x08003dec   0x00000012   Code   RO          124    t._ZNSt15__rw_deque_iterIciPcRcSaIcEEC1ERKS3_  console.o
    0x08003dfe   0x0000002a   Code   RO          100    t._ZNSt15__rw_deque_iterIciPcRcSaIcEEC1ES0_PS0_  console.o
    0x08003e28   0x00000008   Code   RO          166    t._ZNSt5dequeIcSaIcEE10_C_bufsizeEv  console.o
    0x08003e30   0x00000172   Code   RO          106    t._ZNSt5dequeIcSaIcEE15_C_alloc_at_endEv  console.o
    0x08003fa2   0x0000007a   Code   RO          118    t._ZNSt5dequeIcSaIcEE16_C_free_at_beginEv  console.o
    0x0800401c   0x00000032   Code   RO          142    t._ZNSt5dequeIcSaIcEE7_C_initEv  console.o
    0x0800404e   0x00000038   Code   RO          130    t._ZNSt5dequeIcSaIcEE9pop_frontEv  console.o
    0x08004086   0x0000003e   Code   RO          112    t._ZNSt5dequeIcSaIcEE9push_backERKc  console.o
    0x080040c4   0x0000002a   Code   RO          148    t._ZNSt5dequeIcSaIcEEC1ERKS0_  console.o
    0x080040ee   0x00000086   Code   RO          229    t._ZNSt5dequeIcSaIcEEC1ERKS1_  console.o
    0x08004174   0x0000001a   Code   RO          214    t._ZNSt5dequeIcSaIcEED1Ev  console.o
    0x0800418e   0x0000000c   Code   RO          202    t._ZNSt5queueIcSt5dequeIcSaIcEEE3popEv  console.o
    0x0800419a   0x00000010   Code   RO          196    t._ZNSt5queueIcSt5dequeIcSaIcEEE4pushERKc  console.o
    0x080041aa   0x00000020   Code   RO          136    t._ZNSt5queueIcSt5dequeIcSaIcEEE5frontEv  console.o
    0x080041ca   0x00000014   Code   RO          220    t._ZNSt5queueIcSt5dequeIcSaIcEEEC1ERKS2_  console.o
    0x080041de   0x0000000c   Code   RO         6576    t._ZSt3maxIjERKT_S2_S2_  cpp_ws.l(char.o)
    0x080041ea   0x00000066   Code   RO          241    t._ZSt4copyISt15__rw_deque_iterIciPKcRS1_SaIcEESt20back_insert_iteratorISt5dequeIcS4_EEET0_T_SB_SA_  console.o
    0x08004250   0x0000005c   Code   RO          253    t._ZSteqIciPKcRS0_S1_S2_SaIcEEbRKSt15__rw_deque_iterIT_T0_T1_T2_T5_ERKS4_IS5_S6_T3_T4_S9_E  console.o
    0x080042ac   0x0000005c   Data   RO         6139    .constdata          cpp_ws.l(rwstdexcept.o)
    0x08004308   0x00000200   Data   RO         6478    .constdata          cpp_ws.l(char.o)
    0x08004508   0x00000081   Data   RO         7158    .constdata          mc_w.l(ctype_o.o)
    0x08004589   0x00000003   PAD
    0x0800458c   0x00000004   Data   RO         7159    .constdata          mc_w.l(ctype_o.o)
    0x08004590   0x00000014   Data   RO         6215    .constdata__ZTVNSt6locale5facetE  cpp_ws.l(rwstdexcept.o)
    0x080045a4   0x00000034   Data   RO         6660    .constdata__ZTVSt12ctype_bynameIcE  cpp_ws.l(char.o)
    0x080045d8   0x00000014   Data   RO         6217    .constdata__ZTVSt14__rw_exception  cpp_ws.l(rwstdexcept.o)
    0x080045ec   0x00000034   Data   RO         6489    .constdata__ZTVSt5ctypeIcE  cpp_ws.l(char.o)
    0x08004620   0x00000020   Data   RO         6152    .constdata__ZTVSt8messagesIcE  cpp_ws.l(rwstdexcept.o)
    0x08004640   0x00000014   Data   RO         6962    .constdata__ZTVSt9exception  cpprt_w.l(exception_dtor.o)
    0x08004654   0x00000001   Data   RO         6790    .constdata__ZZNK4__rw15__rw_locale_imp16_C_category_nameEiEs  cpp_ws.l(locale.o)
    0x08004655   0x00000001   Data   RO         6497    .constdata__ZZNSs7replaceEjjPKcjjjEs  cpp_ws.l(char.o)
    0x08004656   0x00000001   Data   RO         6498    .constdata__ZZNSs9_C_getRepEjjEs  cpp_ws.l(char.o)
    0x08004657   0x00000002   Data   RO         6153    .constdata__ZZNSt8messagesIcEC1EjEs  cpp_ws.l(rwstdexcept.o)
    0x08004659   0x00000003   PAD
    0x0800465c   0x00000272   Data   RO         6140    .conststring        cpp_ws.l(rwstdexcept.o)
    0x080048ce   0x00000002   PAD
    0x080048d0   0x00000020   Data   RO         7276    Region$$Table       anon$$obj.o
    0x080048f0   0x00000004   Data   RO           27    .init_array         console.o
    0x080048f4   0x00000000   Data   RO         6107    .init_array         mc_w.l(cpp_init.o)
    0x080048f4   0x00000004   Data   RO         6480    .init_array         cpp_ws.l(char.o)
    0x080048f8   0x00000004   Data   RO         6773    .init_array         cpp_ws.l(locale.o)
    0x080048fc   0x00000004   Data   RO         7046    .init_array         cpp_ws.l(rwcats.o)


    Execution Region RW_IRAM1 (Base: 0x20000000, Size: 0x00003108, Max: 0x00020000, ABSOLUTE)

    Base Addr    Size         Type   Attr      Idx    E Section Name        Object

    0x20000000   0x00000010   Data   RW         3725    .data               stm32f4xx_rcc.o
    0x20000010   0x00000017   Data   RW         6141    .data               cpp_ws.l(rwstdexcept.o)
    0x20000027   0x00000001   PAD
    0x20000028   0x00000004   Data   RW         6432    .data               mc_w.l(cpp_dtor.o)
    0x2000002c   0x00000008   Data   RW         6479    .data               cpp_ws.l(char.o)
    0x20000034   0x0000001c   Data   RW         6772    .data               cpp_ws.l(locale.o)
    0x20000050   0x00000004   Data   RW         6931    .data               cpp_ws.l(rwthrowproc_noex.o)
    0x20000054   0x00000004   Data   RW         7000    .data               mc_w.l(stderr.o)
    0x20000058   0x00000004   Data   RW         7019    .data               mc_w.l(mvars.o)
    0x2000005c   0x00000004   Data   RW         7020    .data               mc_w.l(mvars.o)
    0x20000060   0x0000000c   Data   RW         7027    .data               mc_w.l(cpp_memory.o)
    0x2000006c   0x00000008   Data   RW         7045    .data               cpp_ws.l(rwcats.o)
    0x20000074   0x00000004   Data   RW         6873    .data__ZZNKSt6locale2id7_C_initEvE9_C_id_gen  cpp_ws.l(locale.o)
    0x20000078   0x0000000c   Data   RW         6929    .data__ZZSt13__rw_get_catsvE11__open_cats  cpp_ws.l(messages.o)
    0x20000084   0x00000058   Zero   RW           26    .bss                console.o
    0x200000dc   0x00000004   PAD
    0x200000e0   0x00000018   Zero   RW         6138    .bss                cpp_ws.l(rwstdexcept.o)
    0x200000f8   0x00000010   Zero   RW         7119    .bss__ZNSs9__nullrefE  cpp_ws.l(vendor.o)
    0x20000108   0x00001000   Zero   RW         5874    HEAP                startup_stm32f40xx.o
    0x20001108   0x00002000   Zero   RW         5873    STACK               startup_stm32f40xx.o


==============================================================================

Image component sizes


      Code (inc. data)   RO Data    RW Data    ZI Data      Debug   Object Name

      1962         50          4          0         88     298217   console.o
        76         50          0          0          0        455   main.o
       140         24          0          0          0     272679   misc.o
        36          8        392          0      12288        908   startup_stm32f40xx.o
       214          0          0          0          0       1891   stm32f4xx_gpio.o
       296         30          0         16          0       4234   stm32f4xx_rcc.o
       468          8          0          0          0       6451   stm32f4xx_usart.o
       340         32          0          0          0       1773   system_stm32f4xx.o

    ----------------------------------------------------------------------
      3538        202        428         16      12380     586608   Object Totals
         0          0         32          0          0          0   (incl. Generated)
         6          0          0          0          4          0   (incl. Padding)

    ----------------------------------------------------------------------

      Code (inc. data)   RO Data    RW Data    ZI Data      Debug   Library Member Name

      1824         74        622          8          0       1552   char.o
      1502         80          5         32          0       1760   locale.o
       482         34          0         12          0        784   messages.o
        36          0          0          0          0        144   rwalloc.o
       184         24          4          8          0        400   rwcats.o
      1000         68        792         23         24       1220   rwstdexcept.o
       152         94          0          0          0         72   rwthrowproc_impl_noex.o
         0          0          0          4          0          0   rwthrowproc_noex.o
         0          0          0          0         16          0   vendor.o
        28          0          0          0          0         84   ARM_vec_cleanup_noexceptions.o
        14          0          0          0          0         80   aeabi_vec_delete_noexceptions.o
        16          0          0          0          0         68   aeabi_vec_dtor_cookie.o
        34          0          0          0          0         84   aeabi_vec_dtor_noexceptions.o
        20          0          0          0          0         80   aeabi_vec_new_cookie.o
        80         12          0          0          0        104   arm_exceptions_globs.o
        60          0          0          0          0        108   arm_exceptions_mem.o
        26          0          0          0          0         76   arm_exceptions_terminate.o
         4          0          0          0          0         68   arm_newhandler_noexceptions.o
         2          0          0          0          0         68   arm_rethrow_noexceptions.o
         8          0          0          0          0         76   array_del.o
         8          0          0          0          0         76   array_new.o
       146          0          0          0          0         96   array_new_general.o
        16          0          0          0          0         68   cxa_guard_acquire.o
        24          6          0          0          0         84   cxa_vec_new.o
         8          0          0          0          0         76   delete.o
        12          6          0          0          0         68   exception_ctor.o
         0          0         20          0          0          0   exception_dtor.o
        40          6          0          0          0         76   new.o
        28          0          0          0          0         68   _chval.o
       812          4          0          0          0        112   _scanf.o
       332          0          0          0          0         96   _scanf_int.o
       342          0          0          0          0        100   _scanf_longlong.o
       224          0          0          0          0         96   _scanf_str.o
        64          0          0          0          0         84   _sgetc.o
        46          0          0          0          0         84   aeabi_atexit.o
         8          4          0          4          0         68   cpp_dtor.o
         2          0          0          0          0         68   cpp_final.o
        32         10          0          0          0         80   cpp_init.o
        20          4          0         12          0        136   cpp_memory.o
         8          4        133          0          0         68   ctype_o.o
        66          0          0          0          0         84   cxa_finalize.o
         0          0          0          0          0          0   entry.o
         0          0          0          0          0          0   entry10a.o
         4          0          0          0          0          0   entry10b.o
         0          0          0          0          0          0   entry11a.o
         8          4          0          0          0          0   entry2.o
         4          0          0          0          0          0   entry5.o
         0          0          0          0          0          0   entry7b.o
         4          0          0          0          0          0   entry8a.o
         0          0          0          0          0          0   entry8b.o
         8          4          0          0          0          0   entry9a.o
        18          0          0          0          0         80   fputc.o
        30          0          0          0          0          0   handlers.o
        36          8          0          0          0         68   init.o
        18          0          0          0          0         76   isspace_o.o
         0          0          0          0          0          0   iusefp.o
         0          0          0          0          0          0   iusesemip.o
        30          0          0          0          0         68   llshl.o
        36          0          0          0          0         68   llsshr.o
        32          0          0          0          0         68   llushr.o
       188         20          0          0          0        160   malloc.o
        36          0          0          0          0         68   memcpya.o
        66          0          0          0          0         76   memmove.o
        64          0          0          0          0         76   memmovea.o
         0          0          0          8          0          0   mvars.o
      2366         96          0          0          0        748   printfa.o
        40          8          0          0          0         84   scanf_char.o
       838         12          0          0          0        216   scanf_fp.o
         0          0          0          0          0          0   semi.o
        56          8          0          0          0         84   sscanf.o
         0          0          0          4          0          0   stderr.o
        24          0          0          0          0         68   strcat.o
        28          0          0          0          0         76   strcmp.o
        18          0          0          0          0         68   strcpy.o
        14          0          0          0          0         68   strlen.o
        32          0          0          0          0         68   strrchr.o
        44          0          0          0          0         80   uidiv.o
        98          0          0          0          0         92   uldiv.o
        48          0          0          0          0         68   cdrcmple.o
        56          0          0          0          0         88   d2f.o
       334          0          0          0          0        148   dadd.o
       222          0          0          0          0        100   ddiv.o
       186          0          0          0          0        176   depilogue.o
        48          0          0          0          0         68   dfixul.o
        24          0          0          0          0         76   dfltul.o
       228          0          0          0          0         96   dmul.o
       110          0          0          0          0        168   fepilogue.o

    ----------------------------------------------------------------------
     13138        590       1584        116         40      11964   Library Totals
        32          0          8          1          0          0   (incl. Padding)

    ----------------------------------------------------------------------

      Code (inc. data)   RO Data    RW Data    ZI Data      Debug   Library Name

      5180        374       1423         87         40       5932   cpp_ws.l
       546         30         20          0          0       1440   cpprt_w.l
      6124        186        133         28          0       3604   mc_w.l
      1256          0          0          0          0        988   mf_w.l

    ----------------------------------------------------------------------
     13138        590       1584        116         40      11964   Library Totals

    ----------------------------------------------------------------------

==============================================================================


      Code (inc. data)   RO Data    RW Data    ZI Data      Debug   

     16676        792       2012        132      12420     586392   Grand Totals
     16676        792       2012        132      12420     586392   ELF Image Totals
     16676        792       2012        132          0          0   ROM Totals

==============================================================================

    Total RO  Size (Code + RO Data)                18688 (  18.25kB)
    Total RW  Size (RW Data + ZI Data)             12552 (  12.26kB)
    Total ROM Size (Code + RO Data + RW Data)      18820 (  18.38kB)

==============================================================================

