Component: ARM Compiler 5.06 update 4 (build 422) Tool: armlink [4d35d2]

==============================================================================

Section Cross References

    ccan.o(i._ZN10CCanRouter11InitCanGpioEi) refers to stm32f10x_gpio.o(i.GPIO_PinRemapConfig) for GPIO_PinRemapConfig
    ccan.o(i._ZN10CCanRouter11InitCanGpioEi) refers to stm32f10x_rcc.o(i.RCC_APB2PeriphClockCmd) for RCC_APB2PeriphClockCmd
    ccan.o(i._ZN10CCanRouter11InitCanGpioEi) refers to stm32f10x_gpio.o(i.GPIO_Init) for GPIO_Init
    ccan.o(i._ZN10CCanRouter11runReceiverEv) refers to stm32f10x_can.o(i.CAN_MessagePending) for CAN_MessagePending
    ccan.o(i._ZN10CCanRouter11runReceiverEv) refers to stm32f10x_can.o(i.CAN_Receive) for CAN_Receive
    ccan.o(i._ZN10CCanRouter11runReceiverEv) refers to ccan.o(i._ZN13CCanRxMailbox9isIdEqualERK8CanRxMsg) for CCanRxMailbox::isIdEqual(const CanRxMsg&)
    ccan.o(i._ZN10CCanRouter11setBaudrateEj) refers to ccan.o(i._ZN10CCanRouter7InitCanEv) for CCanRouter::InitCan()
    ccan.o(i._ZN10CCanRouter13attachMailboxEP13CCanRxMailbox) refers to ccan.o(t._ZN15NormalSingletonI8CConsoleE8InstanceEv) for NormalSingleton<CConsole>::Instance()
    ccan.o(i._ZN10CCanRouter13attachMailboxEP13CCanRxMailbox) refers to console.o(i._ZN8CConsole6printfEPKcz) for CConsole::printf(const char*, ...)
    ccan.o(i._ZN10CCanRouter13attachMailboxEP13CCanRxMailbox) refers to ccan.o(i._ZN13CCanRxMailbox9isIdEqualEPS_) for CCanRxMailbox::isIdEqual(CCanRxMailbox*)
    ccan.o(i._ZN10CCanRouter13attachMailboxEP13CCanRxMailbox) refers to ccan.o(.constdata) for __FUNCTION__
    ccan.o(i._ZN10CCanRouter14runTransmitterEv) refers to ccan.o(t._ZNK7ringqueI8CanTxMsgE10elemsInQueEv) for ringque<CanTxMsg>::elemsInQue() const
    ccan.o(i._ZN10CCanRouter14runTransmitterEv) refers to stm32f10x_can.o(i.CAN_Transmit) for CAN_Transmit
    ccan.o(i._ZN10CCanRouter6putMsgER8CanTxMsg) refers to ccan.o(t._ZNK7ringqueI8CanTxMsgE10elemsInQueEv) for ringque<CanTxMsg>::elemsInQue() const
    ccan.o(i._ZN10CCanRouter6putMsgER8CanTxMsg) refers to rt_memcpy_w.o(.text) for __aeabi_memcpy4
    ccan.o(i._ZN10CCanRouter7InitCanEv) refers to stm32f10x_rcc.o(i.RCC_APB1PeriphClockCmd) for RCC_APB1PeriphClockCmd
    ccan.o(i._ZN10CCanRouter7InitCanEv) refers to ccan.o(t._ZN15NormalSingletonI8CConsoleE8InstanceEv) for NormalSingleton<CConsole>::Instance()
    ccan.o(i._ZN10CCanRouter7InitCanEv) refers to console.o(i._ZN8CConsole6printfEPKcz) for CConsole::printf(const char*, ...)
    ccan.o(i._ZN10CCanRouter7InitCanEv) refers to stm32f10x_can.o(i.CAN_Init) for CAN_Init
    ccan.o(i._ZN10CCanRouter7InitCanEv) refers to stm32f10x_can.o(i.CAN_FilterInit) for CAN_FilterInit
    ccan.o(i._ZN10CCanRouter7InitCanEv) refers to stm32f10x_can.o(i.CAN_FIFORelease) for CAN_FIFORelease
    ccan.o(i._ZN10CCanRouter7InitCanEv) refers to ccan.o(.constdata) for __FUNCTION__
    ccan.o(i._ZN10CCanRouterC1EP11CAN_TypeDefP8CanTxMsgtj) refers to rt_memclr_w.o(.text) for __aeabi_memclr4
    ccan.o(i._ZN10CCanRouterC1EP11CAN_TypeDefP8CanTxMsgtj) refers to ccan.o(t._ZN15NormalSingletonI8CConsoleE8InstanceEv) for NormalSingleton<CConsole>::Instance()
    ccan.o(i._ZN10CCanRouterC1EP11CAN_TypeDefP8CanTxMsgtj) refers to console.o(i._ZN8CConsole6printfEPKcz) for CConsole::printf(const char*, ...)
    ccan.o(i._ZN10CCanRouterC1EP11CAN_TypeDefP8CanTxMsgtj) refers to ccan.o(.constdata) for __FUNCTION__
    ccan.o(i._ZN13CCanRxMailbox14attachToRouterER10CCanRouter) refers to ccan.o(i._ZN10CCanRouter13attachMailboxEP13CCanRxMailbox) for CCanRouter::attachMailbox(CCanRxMailbox*)
    ccan.o(i._ZN13CCanRxMailbox6getMsgEP8CanRxMsg) refers to ccan.o(t._ZNK7ringqueI8CanRxMsgE10elemsInQueEv) for ringque<CanRxMsg>::elemsInQue() const
    ccan.o(i._ZN13CCanRxMailbox6getMsgEP8CanRxMsg) refers to rt_memcpy_w.o(.text) for __aeabi_memcpy4
    ccan.o(i._ZN13CCanRxMailbox7pushMsgERK8CanRxMsg) refers to ccan.o(t._ZNK7ringqueI8CanRxMsgE10elemsInQueEv) for ringque<CanRxMsg>::elemsInQue() const
    ccan.o(i._ZN13CCanRxMailbox7pushMsgERK8CanRxMsg) refers to rt_memcpy_w.o(.text) for __aeabi_memcpy4
    ccan.o(i._ZN13CCanRxMailboxC1EP8CanRxMsgt) refers to rt_memclr_w.o(.text) for __aeabi_memclr4
    ccan.o(i._ZN13CCanRxMailboxC1EP8CanRxMsgt) refers to ccan.o(.constdata__ZTV13CCanRxMailbox) for vtable for CCanRxMailbox
    ccan.o(i._ZNK13CCanRxMailbox9msgsInQueEv) refers to ccan.o(t._ZNK7ringqueI8CanRxMsgE10elemsInQueEv) for ringque<CanRxMsg>::elemsInQue() const
    ccan.o(i.__sti___8_CCan_cpp_8232fc5b) refers to ccan.o(i._ZN10CCanRouterC1EP11CAN_TypeDefP8CanTxMsgtj) for CCanRouter::CCanRouter(CAN_TypeDef*, CanTxMsg*, unsigned short, unsigned)
    ccan.o(i.__sti___8_CCan_cpp_8232fc5b) refers to aeabi_atexit.o(.text) for __aeabi_atexit
    ccan.o(i.__sti___8_CCan_cpp_8232fc5b) refers to ccan.o(.bss) for <unnamed namespace _8_CCan_cpp_8232fc5b>::router1_txQueBuf
    ccan.o(i.__sti___8_CCan_cpp_8232fc5b) refers to ccan.o(i._ZN10CCanRouterD1Ev) for CCanRouter::~CCanRouter()
[...]
    .constdata                               0x080043fc   Section       40  _printf_hex_int_ll_ptr.o(.constdata)
    uc_hextab                                0x080043fc   Data          20  _printf_hex_int_ll_ptr.o(.constdata)
    lc_hextab                                0x08004410   Data          20  _printf_hex_int_ll_ptr.o(.constdata)
    .constdata                               0x08004424   Section       17  __printf_flags_ss_wp.o(.constdata)
    maptable                                 0x08004424   Data          17  __printf_flags_ss_wp.o(.constdata)
    .constdata                               0x08004438   Section      148  bigflt0.o(.constdata)
    tenpwrs_x                                0x08004438   Data          60  bigflt0.o(.constdata)
    tenpwrs_i                                0x08004474   Data          64  bigflt0.o(.constdata)
    .constdata__ZTV11CRttConsole             0x080044cc   Section       32  console.o(.constdata__ZTV11CRttConsole)
    .constdata__ZTV13CCanRxMailbox           0x080044ec   Section       12  ccan.o(.constdata__ZTV13CCanRxMailbox)
    .constdata__ZTVN8CConsole11COstreamDevE  0x080044f8   Section       32  ccanconsole.o(.constdata__ZTVN8CConsole11COstreamDevE)
    locale$$data                             0x08004538   Section       28  lc_numeric_c.o(locale$$data)
    __lcnum_c_name                           0x0800453c   Data           2  lc_numeric_c.o(locale$$data)
    __lcnum_c_start                          0x08004544   Data           0  lc_numeric_c.o(locale$$data)
    __lcnum_c_point                          0x08004550   Data           0  lc_numeric_c.o(locale$$data)
    __lcnum_c_thousands                      0x08004552   Data           0  lc_numeric_c.o(locale$$data)
    __lcnum_c_grouping                       0x08004553   Data           0  lc_numeric_c.o(locale$$data)
    locale$$data                             0x08004554   Section      272  lc_ctype_c.o(locale$$data)
    __lcnum_c_end                            0x08004554   Data           0  lc_numeric_c.o(locale$$data)
    __lcctype_c_name                         0x08004558   Data           2  lc_ctype_c.o(locale$$data)
    __lcctype_c_start                        0x08004560   Data           0  lc_ctype_c.o(locale$$data)
    .init_array                              0x08004664   Section        4  ccan.o(.init_array)
    __lcctype_c_end                          0x08004664   Data           0  lc_ctype_c.o(locale$$data)
    .init_array                              0x08004668   Section        4  main.o(.init_array)
    .init_array                              0x0800466c   Section        0  init_aeabi.o(.init_array)
    .data                                    0x20000000   Section        6  main.o(.data)
    .data                                    0x20000006   Section        1  dht11.o(.data)
    .data                                    0x20000008   Section       20  system_stm32f10x.o(.data)
    .data__ZN15NormalSingletonI10CBaseTimerE3insE 0x2000001c   Section        4  timer.o(.data__ZN15NormalSingletonI10CBaseTimerE3insE)
    .data__ZN15NormalSingletonI8CConsoleE3insE 0x20000020   Section        4  ccan.o(.data__ZN15NormalSingletonI8CConsoleE3insE)
    .bss                                     0x20000024   Section     1120  ccan.o(.bss)
    <unnamed namespace _8_CCan_cpp_8232fc5b>::router1_txQueBuf 0x20000164   Data         400  ccan.o(.bss)
    <unnamed namespace _8_CCan_cpp_8232fc5b>::router2_txQueBuf 0x200002f4   Data         400  ccan.o(.bss)
    .bss                                     0x20000484   Section      236  main.o(.bss)
    .bss                                     0x20000570   Section       90  dht11.o(.bss)
    .bss                                     0x200005cc   Section      528  console.o(.bss)
    .bss                                     0x200007dc   Section     1208  segger_rtt.o(.bss)
    _acUpBuffer                              0x20000884   Data        1024  segger_rtt.o(.bss)
    _acDownBuffer                            0x20000c84   Data          16  segger_rtt.o(.bss)
    .bss                                     0x20000c94   Section       96  libspace.o(.bss)
    HEAP                                     0x20000cf8   Section      512  startup_stm32f10x_md.o(HEAP)
    Heap_Mem                                 0x20000cf8   Data         512  startup_stm32f10x_md.o(HEAP)
    STACK                                    0x20000ef8   Section     1024  startup_stm32f10x_md.o(STACK)
    Stack_Mem                                0x20000ef8   Data        1024  startup_stm32f10x_md.o(STACK)
    __initial_sp                             0x200012f8   Data           0  startup_stm32f10x_md.o(STACK)

    Global Symbols

    Symbol Name                              Value     Ov Type        Size  Object(Section)

    BuildAttributes$$THM_ISAv4$P$D$K$B$S$PE$A:L22UL41UL21$X:L11$S22US41US21$IEEE1$IW$USESV6$~STKCKD$USESV7$~SHL$OTIME$ROPI$IEEEJ$EBA8$UX$STANDARDLIB$REQ8$PRES8$EABIv2 0x00000000   Number         0  anon$$obj.o ABSOLUTE
    __ARM_use_no_argv                        0x00000000   Number         0  main.o ABSOLUTE
    _printf_flags                            0x00000000   Number         0  printf_stubs.o ABSOLUTE
    _printf_return_value                     0x00000000   Number         0  printf_stubs.o ABSOLUTE
    _printf_sizespec                         0x00000000   Number         0  printf_stubs.o ABSOLUTE
    _printf_widthprec                        0x00000000   Number         0  printf_stubs.o ABSOLUTE
    SHT$$ARM_EXIDX$$Base                      - Undefined Reference
    SHT$$ARM_EXIDX$$Limit                     - Undefined Reference
    __ARM::default_unexpected_handler()       - Undefined Weak Reference
    __ARM_exceptions_buffer_required          - Undefined Weak Reference
    __ARM_exceptions_init                     - Undefined Weak Reference
    __aeabi_unwind_cpp_pr1                    - Undefined Weak Reference
    __aeabi_unwind_cpp_pr2                    - Undefined Weak Reference
    __alloca_initialize                       - Undefined Weak Reference
    __arm_preinit_                            - Undefined Weak Reference
    __cxa_begin_cleanup                       - Undefined Weak Reference
    __cxa_type_match                          - Undefined Weak Reference
    __sigvec_lookup                           - Undefined Weak Reference
    __user_heap_extent                        - Undefined Weak Reference
    _atexit_init                              - Undefined Weak Reference
    _call_atexit_fns                          - Undefined Weak Reference
    _clock_init                               - Undefined Weak Reference
    _fp_trap_init                             - Undefined Weak Reference
    _fp_trap_shutdown                         - Undefined Weak Reference
    _get_lc_collate                           - Undefined Weak Reference
    _get_lc_monetary                          - Undefined Weak Reference
    _get_lc_time                              - Undefined Weak Reference
    _getenv_init                              - Undefined Weak Reference
    _handle_redirection                       - Undefined Weak Reference
    _initio                                   - Undefined Weak Reference
    _mutex_acquire                            - Undefined Weak Reference
    _mutex_free                               - Undefined Weak Reference
    _mutex_release                            - Undefined Weak Reference
    _printf_fp_hex                            - Undefined Weak Reference
    _printf_mbtowc                            - Undefined Weak Reference
    _printf_wc                                - Undefined Weak Reference
    _rand_init                                - Undefined Weak Reference
    _signal_finish                            - Undefined Weak Reference
    _signal_init                              - Undefined Weak Reference
    _terminateio                              - Undefined Weak Reference
    __Vectors_Size                           0x000000ec   Number         0  startup_stm32f10x_md.o ABSOLUTE
    __Vectors                                0x08000000   Data           4  startup_stm32f10x_md.o(RESET)
    __dso_handle                             0x08000000   Number         0  startup_stm32f10x_md.o(RESET)
    __Vectors_End                            0x080000ec   Data           0  startup_stm32f10x_md.o(RESET)
    __main                                   0x080000ed   Thumb Code     8  __main.o(!!!main)
    __scatterload                            0x080000f5   Thumb Code     0  __scatter.o(!!!scatter)
    __scatterload_rt2                        0x080000f5   Thumb Code    44  __scatter.o(!!!scatter)
    __scatterload_rt2_thumb_only             0x080000f5   Thumb Code     0  __scatter.o(!!!scatter)
    __scatterload_null                       0x08000103   Thumb Code     0  __scatter.o(!!!scatter)
    __scatterload_copy                       0x08000129   Thumb Code    26  __scatter_copy.o(!!handler_copy)
    __scatterload_zeroinit                   0x08000145   Thumb Code    28  __scatter_zi.o(!!handler_zi)
    _printf_n                                0x08000161   Thumb Code     0  _printf_n.o(.ARM.Collect$$_printf_percent$$00000001)
    _printf_percent                          0x08000161   Thumb Code     0  _printf_percent.o(.ARM.Collect$$_printf_percent$$00000000)
    _printf_p                                0x08000167   Thumb Code     0  _printf_p.o(.ARM.Collect$$_printf_percent$$00000002)
    _printf_f                                0x0800016d   Thumb Code     0  _printf_f.o(.ARM.Collect$$_printf_percent$$00000003)
    _printf_e                                0x08000173   Thumb Code     0  _printf_e.o(.ARM.Collect$$_printf_percent$$00000004)
    _printf_g                                0x08000179   Thumb Code     0  _printf_g.o(.ARM.Collect$$_printf_percent$$00000005)
    _printf_a                                0x0800017f   Thumb Code     0  _printf_a.o(.ARM.Collect$$_printf_percent$$00000006)
    _printf_ll                               0x08000185   Thumb Code     0  _printf_ll.o(.ARM.Collect$$_printf_percent$$00000007)
    _printf_i                                0x0800018f   Thumb Code     0  _printf_i.o(.ARM.Collect$$_printf_percent$$00000008)
    _printf_d                                0x08000195   Thumb Code     0  _printf_d.o(.ARM.Collect$$_printf_percent$$00000009)
    _printf_u                                0x0800019b   Thumb Code     0  _printf_u.o(.ARM.Collect$$_printf_percent$$0000000A)
    _printf_o                                0x080001a1   Thumb Code     0  _printf_o.o(.ARM.Collect$$_printf_percent$$0000000B)
    _printf_x                                0x080001a7   Thumb Code     0  _printf_x.o(.ARM.Collect$$_printf_percent$$0000000C)
    _printf_lli                              0x080001ad   Thumb Code     0  _printf_lli.o(.ARM.Collect$$_printf_percent$$0000000D)
    _printf_lld                              0x080001b3   Thumb Code     0  _printf_lld.o(.ARM.Collect$$_printf_percent$$0000000E)
    _printf_llu                              0x080001b9   Thumb Code     0  _printf_llu.o(.ARM.Collect$$_printf_percent$$0000000F)
    _printf_llo                              0x080001bf   Thumb Code     0  _printf_llo.o(.ARM.Collect$$_printf_percent$$00000010)
    _printf_llx                              0x080001c5   Thumb Code     0  _printf_llx.o(.ARM.Collect$$_printf_percent$$00000011)
    _printf_l                                0x080001cb   Thumb Code     0  _printf_l.o(.ARM.Collect$$_printf_percent$$00000012)
    _printf_c                                0x080001d5   Thumb Code     0  _printf_c.o(.ARM.Collect$$_printf_percent$$00000013)
    _printf_s                                0x080001db   Thumb Code     0  _printf_s.o(.ARM.Collect$$_printf_percent$$00000014)
    _printf_lc                               0x080001e1   Thumb Code     0  _printf_lc.o(.ARM.Collect$$_printf_percent$$00000015)
    _printf_ls                               0x080001e7   Thumb Code     0  _printf_ls.o(.ARM.Collect$$_printf_percent$$00000016)
    _printf_percent_end                      0x080001ed   Thumb Code     0  _printf_percent_end.o(.ARM.Collect$$_printf_percent$$00000017)
    __rt_lib_init                            0x080001f1   Thumb Code     0  libinit.o(.ARM.Collect$$libinit$$00000000)
    __rt_lib_init_fp_1                       0x080001f3   Thumb Code     0  libinit2.o(.ARM.Collect$$libinit$$00000002)
    __rt_lib_init_heap_2                     0x080001f3   Thumb Code     0  libinit2.o(.ARM.Collect$$libinit$$00000005)
    __rt_lib_init_preinit_1                  0x080001f3   Thumb Code     0  libinit2.o(.ARM.Collect$$libinit$$00000004)
    __rt_lib_init_heap_1                     0x080001fb   Thumb Code     0  libinit2.o(.ARM.Collect$$libinit$$0000000A)
    __rt_lib_init_lc_common                  0x080001fb   Thumb Code     0  libinit2.o(.ARM.Collect$$libinit$$0000000F)
    __rt_lib_init_rand_1                     0x080001fb   Thumb Code     0  libinit2.o(.ARM.Collect$$libinit$$0000000E)
    __rt_lib_init_user_alloc_1               0x080001fb   Thumb Code     0  libinit2.o(.ARM.Collect$$libinit$$0000000C)
    __rt_lib_init_lc_collate_1               0x08000201   Thumb Code     0  libinit2.o(.ARM.Collect$$libinit$$00000011)
    __rt_lib_init_lc_ctype_2                 0x08000201   Thumb Code     0  libinit2.o(.ARM.Collect$$libinit$$00000012)
    __rt_lib_init_lc_ctype_1                 0x0800020d   Thumb Code     0  libinit2.o(.ARM.Collect$$libinit$$00000013)
    __rt_lib_init_lc_monetary_1              0x0800020d   Thumb Code     0  libinit2.o(.ARM.Collect$$libinit$$00000015)
    __rt_lib_init_lc_numeric_2               0x0800020d   Thumb Code     0  libinit2.o(.ARM.Collect$$libinit$$00000016)
    __rt_lib_init_alloca_1                   0x08000217   Thumb Code     0  libinit2.o(.ARM.Collect$$libinit$$0000002E)
    __rt_lib_init_argv_1                     0x08000217   Thumb Code     0  libinit2.o(.ARM.Collect$$libinit$$0000002C)
    __rt_lib_init_atexit_1                   0x08000217   Thumb Code     0  libinit2.o(.ARM.Collect$$libinit$$0000001B)
    __rt_lib_init_clock_1                    0x08000217   Thumb Code     0  libinit2.o(.ARM.Collect$$libinit$$00000021)
    __rt_lib_init_cpp_2                      0x08000217   Thumb Code     0  libinit2.o(.ARM.Collect$$libinit$$00000031)
    __rt_lib_init_exceptions_1               0x08000217   Thumb Code     0  libinit2.o(.ARM.Collect$$libinit$$00000030)
    __rt_lib_init_fp_trap_1                  0x08000217   Thumb Code     0  libinit2.o(.ARM.Collect$$libinit$$0000001F)
    __rt_lib_init_getenv_1                   0x08000217   Thumb Code     0  libinit2.o(.ARM.Collect$$libinit$$00000023)
    __rt_lib_init_lc_numeric_1               0x08000217   Thumb Code     0  libinit2.o(.ARM.Collect$$libinit$$00000017)
    __rt_lib_init_lc_time_1                  0x08000217   Thumb Code     0  libinit2.o(.ARM.Collect$$libinit$$00000019)
    __rt_lib_init_signal_1                   0x08000217   Thumb Code     0  libinit2.o(.ARM.Collect$$libinit$$0000001D)
    __rt_lib_init_stdio_1                    0x08000217   Thumb Code     0  libinit2.o(.ARM.Collect$$libinit$$00000025)
    __rt_lib_init_cpp_1                      0x0800021b   Thumb Code     0  libinit2.o(.ARM.Collect$$libinit$$00000032)
    __rt_lib_init_return                     0x0800021b   Thumb Code     0  libinit2.o(.ARM.Collect$$libinit$$00000033)
    __rt_lib_shutdown                        0x0800021d   Thumb Code     0  libshutdown.o(.ARM.Collect$$libshutdown$$00000000)
    __rt_lib_shutdown_cpp_2                  0x0800021f   Thumb Code     0  libshutdown2.o(.ARM.Collect$$libshutdown$$00000001)
    __rt_lib_shutdown_cpp_1                  0x08000225   Thumb Code     0  libshutdown2.o(.ARM.Collect$$libshutdown$$00000002)
    __rt_lib_shutdown_fp_trap_1              0x08000225   Thumb Code     0  libshutdown2.o(.ARM.Collect$$libshutdown$$00000007)
    __rt_lib_shutdown_heap_1                 0x08000225   Thumb Code     0  libshutdown2.o(.ARM.Collect$$libshutdown$$0000000F)
    __rt_lib_shutdown_return                 0x08000225   Thumb Code     0  libshutdown2.o(.ARM.Collect$$libshutdown$$00000010)
    __rt_lib_shutdown_signal_1               0x08000225   Thumb Code     0  libshutdown2.o(.ARM.Collect$$libshutdown$$0000000A)
    __rt_lib_shutdown_stdio_1                0x08000225   Thumb Code     0  libshutdown2.o(.ARM.Collect$$libshutdown$$00000004)
    __rt_lib_shutdown_user_alloc_1           0x08000225   Thumb Code     0  libshutdown2.o(.ARM.Collect$$libshutdown$$0000000C)
    __rt_entry                               0x08000227   Thumb Code     0  __rtentry.o(.ARM.Collect$$rtentry$$00000000)
    __rt_entry_presh_1                       0x08000227   Thumb Code     0  __rtentry2.o(.ARM.Collect$$rtentry$$00000002)
    __rt_entry_sh                            0x08000227   Thumb Code     0  __rtentry4.o(.ARM.Collect$$rtentry$$00000004)
    __rt_entry_li                            0x0800022d   Thumb Code     0  __rtentry2.o(.ARM.Collect$$rtentry$$0000000A)
    __rt_entry_postsh_1                      0x0800022d   Thumb Code     0  __rtentry2.o(.ARM.Collect$$rtentry$$00000009)
    __rt_entry_main                          0x08000231   Thumb Code     0  __rtentry2.o(.ARM.Collect$$rtentry$$0000000D)
    __rt_entry_postli_1                      0x08000231   Thumb Code     0  __rtentry2.o(.ARM.Collect$$rtentry$$0000000C)
    __rt_exit                                0x08000239   Thumb Code     0  rtexit.o(.ARM.Collect$$rtexit$$00000000)
    __rt_exit_ls                             0x0800023b   Thumb Code     0  rtexit2.o(.ARM.Collect$$rtexit$$00000003)
    __rt_exit_prels_1                        0x0800023b   Thumb Code     0  rtexit2.o(.ARM.Collect$$rtexit$$00000002)
    __rt_exit_exit                           0x0800023f   Thumb Code     0  rtexit2.o(.ARM.Collect$$rtexit$$00000004)
    Reset_Handler                            0x08000245   Thumb Code     8  startup_stm32f10x_md.o(.text)
    _maybe_terminate_alloc                   0x08000245   Thumb Code     0  maybetermalloc1.o(.emb_text)
    ADC1_2_IRQHandler                        0x0800025f   Thumb Code     0  startup_stm32f10x_md.o(.text)
    CAN1_RX1_IRQHandler                      0x0800025f   Thumb Code     0  startup_stm32f10x_md.o(.text)
    CAN1_SCE_IRQHandler                      0x0800025f   Thumb Code     0  startup_stm32f10x_md.o(.text)
    DMA1_Channel1_IRQHandler                 0x0800025f   Thumb Code     0  startup_stm32f10x_md.o(.text)
    DMA1_Channel2_IRQHandler                 0x0800025f   Thumb Code     0  startup_stm32f10x_md.o(.text)
    DMA1_Channel3_IRQHandler                 0x0800025f   Thumb Code     0  startup_stm32f10x_md.o(.text)
    DMA1_Channel4_IRQHandler                 0x0800025f   Thumb Code     0  startup_stm32f10x_md.o(.text)
    DMA1_Channel5_IRQHandler                 0x0800025f   Thumb Code     0  startup_stm32f10x_md.o(.text)
    DMA1_Channel6_IRQHandler                 0x0800025f   Thumb Code     0  startup_stm32f10x_md.o(.text)
    DMA1_Channel7_IRQHandler                 0x0800025f   Thumb Code     0  startup_stm32f10x_md.o(.text)
    EXTI0_IRQHandler                         0x0800025f   Thumb Code     0  startup_stm32f10x_md.o(.text)
    EXTI15_10_IRQHandler                     0x0800025f   Thumb Code     0  startup_stm32f10x_md.o(.text)
    EXTI1_IRQHandler                         0x0800025f   Thumb Code     0  startup_stm32f10x_md.o(.text)
    EXTI2_IRQHandler                         0x0800025f   Thumb Code     0  startup_stm32f10x_md.o(.text)
    EXTI3_IRQHandler                         0x0800025f   Thumb Code     0  startup_stm32f10x_md.o(.text)
    EXTI4_IRQHandler                         0x0800025f   Thumb Code     0  startup_stm32f10x_md.o(.text)
    EXTI9_5_IRQHandler                       0x0800025f   Thumb Code     0  startup_stm32f10x_md.o(.text)
    FLASH_IRQHandler                         0x0800025f   Thumb Code     0  startup_stm32f10x_md.o(.text)
    I2C1_ER_IRQHandler                       0x0800025f   Thumb Code     0  startup_stm32f10x_md.o(.text)
    I2C1_EV_IRQHandler                       0x0800025f   Thumb Code     0  startup_stm32f10x_md.o(.text)
    I2C2_ER_IRQHandler                       0x0800025f   Thumb Code     0  startup_stm32f10x_md.o(.text)
    I2C2_EV_IRQHandler                       0x0800025f   Thumb Code     0  startup_stm32f10x_md.o(.text)
    PVD_IRQHandler                           0x0800025f   Thumb Code     0  startup_stm32f10x_md.o(.text)
    RCC_IRQHandler                           0x0800025f   Thumb Code     0  startup_stm32f10x_md.o(.text)
    RTCAlarm_IRQHandler                      0x0800025f   Thumb Code     0  startup_stm32f10x_md.o(.text)
    RTC_IRQHandler                           0x0800025f   Thumb Code     0  startup_stm32f10x_md.o(.text)
    SPI1_IRQHandler                          0x0800025f   Thumb Code     0  startup_stm32f10x_md.o(.text)
    SPI2_IRQHandler                          0x0800025f   Thumb Code     0  startup_stm32f10x_md.o(.text)
    TAMPER_IRQHandler                        0x0800025f   Thumb Code     0  startup_stm32f10x_md.o(.text)
    TIM1_BRK_IRQHandler                      0x0800025f   Thumb Code     0  startup_stm32f10x_md.o(.text)
    TIM1_CC_IRQHandler                       0x0800025f   Thumb Code     0  startup_stm32f10x_md.o(.text)
    TIM1_TRG_COM_IRQHandler                  0x0800025f   Thumb Code     0  startup_stm32f10x_md.o(.text)
    TIM1_UP_IRQHandler                       0x0800025f   Thumb Code     0  startup_stm32f10x_md.o(.text)
    TIM2_IRQHandler                          0x0800025f   Thumb Code     0  startup_stm32f10x_md.o(.text)
    TIM4_IRQHandler                          0x0800025f   Thumb Code     0  startup_stm32f10x_md.o(.text)
    USART1_IRQHandler                        0x0800025f   Thumb Code     0  startup_stm32f10x_md.o(.text)
    USART2_IRQHandler                        0x0800025f   Thumb Code     0  startup_stm32f10x_md.o(.text)
    USART3_IRQHandler                        0x0800025f   Thumb Code     0  startup_stm32f10x_md.o(.text)
    USBWakeUp_IRQHandler                     0x0800025f   Thumb Code     0  startup_stm32f10x_md.o(.text)
    USB_HP_CAN1_TX_IRQHandler                0x0800025f   Thumb Code     0  startup_stm32f10x_md.o(.text)
    WWDG_IRQHandler                          0x0800025f   Thumb Code     0  startup_stm32f10x_md.o(.text)
    __user_initial_stackheap                 0x08000261   Thumb Code     0  startup_stm32f10x_md.o(.text)
    __c89vsnprintf                           0x08000285   Thumb Code    48  c89vsnprintf.o(.text)
    __aeabi_atexit                           0x080002b9   Thumb Code    46  aeabi_atexit.o(.text)
    strcpy                                   0x080002e7   Thumb Code    72  strcpy.o(.text)
    __aeabi_memcpy                           0x0800032f   Thumb Code     0  rt_memcpy_v6.o(.text)
    __rt_memcpy                              0x0800032f   Thumb Code   138  rt_memcpy_v6.o(.text)
    _memcpy_lastbytes                        0x08000395   Thumb Code     0  rt_memcpy_v6.o(.text)
    __aeabi_memcpy4                          0x080003b9   Thumb Code     0  rt_memcpy_w.o(.text)
    __aeabi_memcpy8                          0x080003b9   Thumb Code     0  rt_memcpy_w.o(.text)
    __rt_memcpy_w                            0x080003b9   Thumb Code   100  rt_memcpy_w.o(.text)
    _memcpy_lastbytes_aligned                0x08000401   Thumb Code     0  rt_memcpy_w.o(.text)
    __aeabi_memclr                           0x0800041d   Thumb Code     0  rt_memclr.o(.text)
    __rt_memclr                              0x0800041d   Thumb Code    68  rt_memclr.o(.text)
    _memset                                  0x08000421   Thumb Code     0  rt_memclr.o(.text)
    __aeabi_memclr4                          0x08000461   Thumb Code     0  rt_memclr_w.o(.text)
    __aeabi_memclr8                          0x08000461   Thumb Code     0  rt_memclr_w.o(.text)
    __rt_memclr_w                            0x08000461   Thumb Code    78  rt_memclr_w.o(.text)
    _memset_w                                0x08000465   Thumb Code     0  rt_memclr_w.o(.text)
    __use_two_region_memory                  0x080004af   Thumb Code     2  heapauxi.o(.text)
    __rt_heap_escrow                         0x080004b1   Thumb Code     2  heapauxi.o(.text)
    __rt_heap_expand                         0x080004b3   Thumb Code     2  heapauxi.o(.text)
    __cpp_initialize__aeabi_                 0x080004b5   Thumb Code    26  init_aeabi.o(.text)
    __rt_new_handler_addr                    0x080004d9   Thumb Code     8  rt_new_handler_addr_intlibspace.o(.text)
    __rt_ddtor_pointer_addr                  0x080004e1   Thumb Code     8  rt_ddtor_pointer_addr_intlibspace.o(.text)
    malloc                                   0x080004e9   Thumb Code    94  h1_alloc.o(.text)
    _printf_pre_padding                      0x08000547   Thumb Code    44  _printf_pad.o(.text)
    _printf_post_padding                     0x08000573   Thumb Code    34  _printf_pad.o(.text)
    _printf_truncate_signed                  0x08000595   Thumb Code    18  _printf_truncate.o(.text)
    _printf_truncate_unsigned                0x080005a7   Thumb Code    18  _printf_truncate.o(.text)
    _printf_str                              0x080005b9   Thumb Code    82  _printf_str.o(.text)
    _printf_int_dec                          0x0800060d   Thumb Code   104  _printf_dec.o(.text)
    _printf_charcount                        0x08000685   Thumb Code    40  _printf_charcount.o(.text)
    _printf_char_common                      0x080006b7   Thumb Code    32  _printf_char_common.o(.text)
    _sputc                                   0x080006dd   Thumb Code    10  _sputc.o(.text)
    _snputc                                  0x080006e7   Thumb Code    16  _snputc.o(.text)
    _printf_wctomb                           0x080006f9   Thumb Code   182  _printf_wctomb.o(.text)
    _printf_longlong_dec                     0x080007b5   Thumb Code   108  _printf_longlong_dec.o(.text)
    _printf_longlong_oct                     0x08000831   Thumb Code    66  _printf_oct_int_ll.o(.text)
    _printf_int_oct                          0x08000873   Thumb Code    24  _printf_oct_int_ll.o(.text)
    _printf_ll_oct                           0x0800088b   Thumb Code    12  _printf_oct_int_ll.o(.text)
    _printf_longlong_hex                     0x080008a1   Thumb Code    86  _printf_hex_int_ll_ptr.o(.text)
    _printf_int_hex                          0x080008f7   Thumb Code    28  _printf_hex_int_ll_ptr.o(.text)
    _printf_ll_hex                           0x08000913   Thumb Code    12  _printf_hex_int_ll_ptr.o(.text)
    _printf_hex_ptr                          0x0800091f   Thumb Code    18  _printf_hex_int_ll_ptr.o(.text)
    __printf                                 0x08000935   Thumb Code   388  __printf_flags_ss_wp.o(.text)
    __cxa_finalize                           0x08000abd   Thumb Code    66  cxa_finalize.o(.text)
    __rt_SIGPVFN                             0x08000aff   Thumb Code    14  defsig_pvfn_outer.o(.text)
    __default_new_handler()                  0x08000b0d   Thumb Code     4  arm_newhandler_noexceptions.o(.text)
    __user_libspace                          0x08000b11   Thumb Code     8  libspace.o(.text)
    __user_perproc_libspace                  0x08000b11   Thumb Code     0  libspace.o(.text)
    __user_perthread_libspace                0x08000b11   Thumb Code     0  libspace.o(.text)
    __rt_heap_descriptor                     0x08000b19   Thumb Code     8  rt_heap_descriptor_intlibspace.o(.text)
    __use_no_heap                            0x08000b21   Thumb Code     2  hguard.o(.text)
    __heap$guard                             0x08000b23   Thumb Code     2  hguard.o(.text)
    _terminate_user_alloc                    0x08000b25   Thumb Code     2  init_alloc.o(.text)
    _init_user_alloc                         0x08000b27   Thumb Code     2  init_alloc.o(.text)
    __Heap_Full                              0x08000b29   Thumb Code    34  init_alloc.o(.text)
    __Heap_Broken                            0x08000b4b   Thumb Code     6  init_alloc.o(.text)
    _init_alloc                              0x08000b51   Thumb Code    94  init_alloc.o(.text)
    __Heap_Initialize                        0x08000baf   Thumb Code    10  h1_init.o(.text)
    __Heap_DescSize                          0x08000bb9   Thumb Code     4  h1_init.o(.text)
    free                                     0x08000bbd   Thumb Code    78  h1_free.o(.text)
    _ll_udiv10                               0x08000c0b   Thumb Code   138  lludiv10.o(.text)
    _printf_int_common                       0x08000c95   Thumb Code   178  _printf_intcommon.o(.text)
    __lib_sel_fp_printf                      0x08000d47   Thumb Code     2  _printf_fp_dec.o(.text)
    _printf_fp_dec_real                      0x08000ef5   Thumb Code   620  _printf_fp_dec.o(.text)
    _printf_cs_common                        0x08001161   Thumb Code    20  _printf_char.o(.text)
    _printf_char                             0x08001175   Thumb Code    16  _printf_char.o(.text)
    _printf_string                           0x08001185   Thumb Code     8  _printf_char.o(.text)
    _printf_lcs_common                       0x0800118d   Thumb Code    20  _printf_wchar.o(.text)
    _printf_wchar                            0x080011a1   Thumb Code    16  _printf_wchar.o(.text)
    _printf_wstring                          0x080011b1   Thumb Code     8  _printf_wchar.o(.text)
    _wcrtomb                                 0x080011b9   Thumb Code    64  _wcrtomb.o(.text)
    __sig_exit                               0x080011f9   Thumb Code    10  defsig_exit.o(.text)
    __rt_SIGPVFN_inner                       0x08001205   Thumb Code    14  defsig_pvfn_inner.o(.text)
    std::terminate()                         0x08001235   Thumb Code    26  arm_exceptions_terminate.o(.text)
    __cxa_get_globals                        0x08001257   Thumb Code    62  arm_exceptions_globs.o(.text)
    _sys_exit                                0x080012a1   Thumb Code     8  sys_exit.o(.text)
    __user_setup_stackheap                   0x080012ad   Thumb Code    74  sys_stackheap_outer.o(.text)
    __rt_ctype_table                         0x080012f9   Thumb Code    16  rt_ctype_table.o(.text)
    __rt_locale                              0x08001309   Thumb Code     8  rt_locale_intlibspace.o(.text)
    __rt_eh_globals_addr                     0x08001311   Thumb Code     8  rt_eh_globals_addr_intlibspace.o(.text)
    __Heap_ProvideMemory                     0x08001319   Thumb Code    52  h1_extend.o(.text)
    _printf_fp_infnan                        0x0800134d   Thumb Code   112  _printf_fp_infnan.o(.text)
    _btod_etento                             0x080013cd   Thumb Code   216  bigflt0.o(.text)
    exit                                     0x080014a9   Thumb Code    18  exit.o(.text)
    abort                                    0x080014bb   Thumb Code    22  abort.o(.text)
    __default_signal_display                 0x080014d1   Thumb Code    50  defsig_general.o(.text)
    __rt_SIGRTMEM                            0x08001503   Thumb Code    14  defsig_rtmem_outer.o(.text)
    __ARM_exceptions_buffer_init             0x08001511   Thumb Code    18  arm_exceptions_mem.o(.text)
    __ARM_exceptions_buffer_allocate         0x08001523   Thumb Code    22  arm_exceptions_mem.o(.text)
    __ARM_exceptions_buffer_free             0x08001539   Thumb Code    20  arm_exceptions_mem.o(.text)
    _ttywrch                                 0x0800154d   Thumb Code    14  sys_wrch.o(.text)
    __I$use$semihosting                      0x0800155b   Thumb Code     0  use_no_semi.o(.text)
    __use_no_semihosting_swi                 0x0800155b   Thumb Code     2  use_no_semi.o(.text)
    __rt_SIGABRT                             0x0800155d   Thumb Code    14  defsig_abrt_outer.o(.text)
    __semihosting_library_function           0x0800155d   Thumb Code     0  indicate_semi.o(.text)
    __rt_SIGRTMEM_inner                      0x0800156d   Thumb Code    22  defsig_rtmem_inner.o(.text)
    strcmp                                   0x080015bd   Thumb Code   128  strcmpv7m.o(.text)
    __rt_SIGABRT_inner                       0x0800163d   Thumb Code    14  defsig_abrt_inner.o(.text)
    _btod_d2e                                0x0800166d   Thumb Code    62  btod.o(CL$$btod_d2e)
    _d2e_denorm_low                          0x080016ab   Thumb Code    70  btod.o(CL$$btod_d2e_denorm_low)
    _d2e_norm_op1                            0x080016f1   Thumb Code    96  btod.o(CL$$btod_d2e_norm_op1)
    __btod_div_common                        0x08001751   Thumb Code   696  btod.o(CL$$btod_div_common)
    _e2e                                     0x08001a89   Thumb Code   198  btod.o(CL$$btod_e2e)
    _btod_ediv                               0x08001b4f   Thumb Code    40  btod.o(CL$$btod_ediv)
    _btod_emul                               0x08001b77   Thumb Code    40  btod.o(CL$$btod_emul)
    __btod_mult_common                       0x08001b9f   Thumb Code   580  btod.o(CL$$btod_mult_common)
    ADC_Cmd                                  0x08001de3   Thumb Code    22  stm32f10x_adc.o(i.ADC_Cmd)
    ADC_DeInit                               0x08001df9   Thumb Code    78  stm32f10x_adc.o(i.ADC_DeInit)
    ADC_GetCalibrationStatus                 0x08001e55   Thumb Code    20  stm32f10x_adc.o(i.ADC_GetCalibrationStatus)
    ADC_GetConversionValue                   0x08001e69   Thumb Code     8  stm32f10x_adc.o(i.ADC_GetConversionValue)
    ADC_GetFlagStatus                        0x08001e71   Thumb Code    18  stm32f10x_adc.o(i.ADC_GetFlagStatus)
    ADC_GetResetCalibrationStatus            0x08001e83   Thumb Code    20  stm32f10x_adc.o(i.ADC_GetResetCalibrationStatus)
    ADC_Init                                 0x08001e99   Thumb Code    70  stm32f10x_adc.o(i.ADC_Init)
    ADC_RegularChannelConfig                 0x08001ee9   Thumb Code   184  stm32f10x_adc.o(i.ADC_RegularChannelConfig)
    ADC_ResetCalibration                     0x08001fa1   Thumb Code    10  stm32f10x_adc.o(i.ADC_ResetCalibration)
    ADC_SoftwareStartConvCmd                 0x08001fab   Thumb Code    22  stm32f10x_adc.o(i.ADC_SoftwareStartConvCmd)
    ADC_StartCalibration                     0x08001fc1   Thumb Code    10  stm32f10x_adc.o(i.ADC_StartCalibration)
    BusFault_Handler                         0x08001fcb   Thumb Code     4  stm32f10x_it.o(i.BusFault_Handler)
    CAN_ClearITPendingBit                    0x08001fd1   Thumb Code   162  stm32f10x_can.o(i.CAN_ClearITPendingBit)
    CAN_FIFORelease                          0x08002079   Thumb Code    22  stm32f10x_can.o(i.CAN_FIFORelease)
    CAN_FilterInit                           0x08002091   Thumb Code   258  stm32f10x_can.o(i.CAN_FilterInit)
    CAN_Init                                 0x08002199   Thumb Code   276  stm32f10x_can.o(i.CAN_Init)
    CAN_MessagePending                       0x080022ad   Thumb Code    30  stm32f10x_can.o(i.CAN_MessagePending)
    CAN_Receive                              0x080022cb   Thumb Code   240  stm32f10x_can.o(i.CAN_Receive)
    CAN_Transmit                             0x080023bb   Thumb Code   294  stm32f10x_can.o(i.CAN_Transmit)
    DHT_Decode                               0x080024e1   Thumb Code   188  dht11.o(i.DHT_Decode)
    DHT_Init                                 0x080025a1   Thumb Code    52  dht11.o(i.DHT_Init)
    DHT_Start                                0x080025d9   Thumb Code    48  dht11.o(i.DHT_Start)
    DHT_StartTimer                           0x08002615   Thumb Code    50  dht11.o(i.DHT_StartTimer)
    DHT_TimerInit                            0x0800264d   Thumb Code   122  dht11.o(i.DHT_TimerInit)
    DebugMon_Handler                         0x080026cd   Thumb Code     2  stm32f10x_it.o(i.DebugMon_Handler)
    GPIO_Init                                0x080026cf   Thumb Code   278  stm32f10x_gpio.o(i.GPIO_Init)
    GPIO_PinRemapConfig                      0x080027e5   Thumb Code   138  stm32f10x_gpio.o(i.GPIO_PinRemapConfig)
    GPIO_ReadInputData                       0x08002875   Thumb Code     8  stm32f10x_gpio.o(i.GPIO_ReadInputData)
    HardFault_Handler                        0x0800287d   Thumb Code     4  stm32f10x_it.o(i.HardFault_Handler)
    MemManage_Handler                        0x08002881   Thumb Code     4  stm32f10x_it.o(i.MemManage_Handler)
    NMI_Handler                              0x08002885   Thumb Code     2  stm32f10x_it.o(i.NMI_Handler)
    NVIC_Init                                0x08002889   Thumb Code   100  misc.o(i.NVIC_Init)
    NVIC_PriorityGroupConfig                 0x080028f9   Thumb Code    10  misc.o(i.NVIC_PriorityGroupConfig)
    PendSV_Handler                           0x0800290d   Thumb Code     2  stm32f10x_it.o(i.PendSV_Handler)
    RCC_ADCCLKConfig                         0x08002911   Thumb Code    18  stm32f10x_rcc.o(i.RCC_ADCCLKConfig)
    RCC_APB1PeriphClockCmd                   0x08002929   Thumb Code    26  stm32f10x_rcc.o(i.RCC_APB1PeriphClockCmd)
    RCC_APB2PeriphClockCmd                   0x08002949   Thumb Code    26  stm32f10x_rcc.o(i.RCC_APB2PeriphClockCmd)
    RCC_APB2PeriphResetCmd                   0x08002969   Thumb Code    26  stm32f10x_rcc.o(i.RCC_APB2PeriphResetCmd)
    SEGGER_RTT_Init                          0x08002989   Thumb Code     8  segger_rtt.o(i.SEGGER_RTT_Init)
    SEGGER_RTT_Write                         0x08002991   Thumb Code    68  segger_rtt.o(i.SEGGER_RTT_Write)
    SEGGER_RTT_WriteNoLock                   0x080029d9   Thumb Code   126  segger_rtt.o(i.SEGGER_RTT_WriteNoLock)
    SVC_Handler                              0x08002a5d   Thumb Code     2  stm32f10x_it.o(i.SVC_Handler)
    SysTick_CLKSourceConfig                  0x08002a5f   Thumb Code    40  misc.o(i.SysTick_CLKSourceConfig)
    SysTick_Handler                          0x08002a87   Thumb Code     8  stm32f10x_it.o(i.SysTick_Handler)
    SystemCoreClockUpdate                    0x08002a91   Thumb Code   142  system_stm32f10x.o(i.SystemCoreClockUpdate)
    SystemInit                               0x08002b35   Thumb Code    78  system_stm32f10x.o(i.SystemInit)
    TIM3_IRQHandler                          0x08002b95   Thumb Code   202  dht11.o(i.TIM3_IRQHandler)
    TIM_ClearITPendingBit                    0x08002c75   Thumb Code     6  stm32f10x_tim.o(i.TIM_ClearITPendingBit)
    TIM_Cmd                                  0x08002c7b   Thumb Code    24  stm32f10x_tim.o(i.TIM_Cmd)
    TIM_GetCapture4                          0x08002c93   Thumb Code     8  stm32f10x_tim.o(i.TIM_GetCapture4)
    TIM_GetITStatus                          0x08002c9b   Thumb Code    34  stm32f10x_tim.o(i.TIM_GetITStatus)
    TIM_ICInit                               0x08002cbd   Thumb Code   150  stm32f10x_tim.o(i.TIM_ICInit)
    TIM_ITConfig                             0x08002d69   Thumb Code    18  stm32f10x_tim.o(i.TIM_ITConfig)
    TIM_SetCounter                           0x08002d7b   Thumb Code     4  stm32f10x_tim.o(i.TIM_SetCounter)
    TIM_SetIC1Prescaler                      0x08002d7f   Thumb Code    18  stm32f10x_tim.o(i.TIM_SetIC1Prescaler)
    TIM_SetIC2Prescaler                      0x08002d91   Thumb Code    26  stm32f10x_tim.o(i.TIM_SetIC2Prescaler)
    TIM_SetIC3Prescaler                      0x08002dab   Thumb Code    18  stm32f10x_tim.o(i.TIM_SetIC3Prescaler)
    TIM_SetIC4Prescaler                      0x08002dbd   Thumb Code    26  stm32f10x_tim.o(i.TIM_SetIC4Prescaler)
    TIM_TimeBaseInit                         0x08002dd9   Thumb Code   122  stm32f10x_tim.o(i.TIM_TimeBaseInit)
    USB_LP_CAN1_RX0_IRQHandler               0x08002e7d   Thumb Code    12  stm32f10x_it.o(i.USB_LP_CAN1_RX0_IRQHandler)
    UsageFault_Handler                       0x08002e8d   Thumb Code     4  stm32f10x_it.o(i.UsageFault_Handler)
    BatAD_Init()                             0x08002e91   Thumb Code   132  adc.o(i._Z10BatAD_Initv)
    Get_BatVol()                             0x08002f1d   Thumb Code    40  adc.o(i._Z10Get_BatVolv)
    IntBrdSend()                             0x08002f45   Thumb Code    88  main.o(i._Z10IntBrdSendv)
    CommonConfig()                           0x080031f9   Thumb Code    28  main.o(i._Z12CommonConfigv)
    CPUTIMER0_ISR()                          0x08003219   Thumb Code    22  timer.o(i._Z13CPUTIMER0_ISRv)
    IO_Init()                                0x080033f1   Thumb Code    78  main.o(i._Z7IO_Initv)
    IO_Read()                                0x08003449   Thumb Code    42  main.o(i._Z7IO_Readv)
    Get_ADVal()                              0x080034ed   Thumb Code    44  adc.o(i._Z9Get_ADValv)
    Toggle_IO(GPIO_TypeDef*, unsigned short) 0x0800351d   Thumb Code    22  main.o(i._Z9Toggle_IOP12GPIO_TypeDeft)
    CBaseTimer::initialize()                 0x08003535   Thumb Code   114  timer.o(i._ZN10CBaseTimer10initializeEv)
    CBaseTimer::doUpdate()                   0x080035b5   Thumb Code    16  timer.o(i._ZN10CBaseTimer8doUpdateEv)
    CBaseTimer::CBaseTimer()                 0x080035c5   Thumb Code    16  timer.o(i._ZN10CBaseTimerC1Ev)
    CBaseTimer::CBaseTimer__sub_object()     0x080035c5   Thumb Code     0  timer.o(i._ZN10CBaseTimerC1Ev)
    CCanRouter::InitCanGpio(int)             0x080035d5   Thumb Code   126  ccan.o(i._ZN10CCanRouter11InitCanGpioEi)
    CCanRouter::runReceiver()                0x0800365d   Thumb Code   100  ccan.o(i._ZN10CCanRouter11runReceiverEv)
    CCanRouter::attachMailbox(CCanRxMailbox*) 0x080036c1   Thumb Code   266  ccan.o(i._ZN10CCanRouter13attachMailboxEP13CCanRxMailbox)
    CCanRouter::runTransmitter()             0x0800389d   Thumb Code   126  ccan.o(i._ZN10CCanRouter14runTransmitterEv)
    CCanRouter::putMsg(CanTxMsg&)            0x0800391b   Thumb Code    96  ccan.o(i._ZN10CCanRouter6putMsgER8CanTxMsg)
    CCanRouter::InitCan()                    0x0800397d   Thumb Code   254  ccan.o(i._ZN10CCanRouter7InitCanEv)
    CCanRouter::CCanRouter(CAN_TypeDef*, CanTxMsg*, unsigned short, unsigned) 0x08003add   Thumb Code   150  ccan.o(i._ZN10CCanRouterC1EP11CAN_TypeDefP8CanTxMsgtj)
    CCanRouter::CCanRouter__sub_object(CAN_TypeDef*, CanTxMsg*, unsigned short, unsigned) 0x08003add   Thumb Code     0  ccan.o(i._ZN10CCanRouterC1EP11CAN_TypeDefP8CanTxMsgtj)
    CCanRouter::~CCanRouter()                0x08003bc1   Thumb Code     2  ccan.o(i._ZN10CCanRouterD1Ev)
    CCanRouter::~CCanRouter__sub_object()    0x08003bc1   Thumb Code     0  ccan.o(i._ZN10CCanRouterD1Ev)
    CRttConsole::getFreeSize()               0x08003bc3   Thumb Code     6  console.o(i._ZN11CRttConsole11getFreeSizeEv)
    CRttConsole::open()                      0x08003bc9   Thumb Code    12  console.o(i._ZN11CRttConsole4openEv)
    CRttConsole::write(unsigned char*, unsigned short) 0x08003bd5   Thumb Code    22  console.o(i._ZN11CRttConsole5writeEPht)
    CCanRxMailbox::attachToRouter(CCanRouter&) 0x08003beb   Thumb Code    22  ccan.o(i._ZN13CCanRxMailbox14attachToRouterER10CCanRouter)
    CCanRxMailbox::getMsg(CanRxMsg*)         0x08003c01   Thumb Code    92  ccan.o(i._ZN13CCanRxMailbox6getMsgEP8CanRxMsg)
    CCanRxMailbox::pushMsg(const CanRxMsg&)  0x08003c5d   Thumb Code   100  ccan.o(i._ZN13CCanRxMailbox7pushMsgERK8CanRxMsg)
    CCanRxMailbox::setStdId(unsigned short)  0x08003cc1   Thumb Code     8  ccan.o(i._ZN13CCanRxMailbox8setStdIdEt)
    CCanRxMailbox::isIdEqual(CCanRxMailbox*) 0x08003cc9   Thumb Code    48  ccan.o(i._ZN13CCanRxMailbox9isIdEqualEPS_)
    CCanRxMailbox::isIdEqual(const CanRxMsg&) 0x08003cf9   Thumb Code    48  ccan.o(i._ZN13CCanRxMailbox9isIdEqualERK8CanRxMsg)
    CCanRxMailbox::CCanRxMailbox(CanRxMsg*, unsigned short) 0x08003d29   Thumb Code    80  ccan.o(i._ZN13CCanRxMailboxC1EP8CanRxMsgt)
    CCanRxMailbox::CCanRxMailbox__sub_object(CanRxMsg*, unsigned short) 0x08003d29   Thumb Code     0  ccan.o(i._ZN13CCanRxMailboxC1EP8CanRxMsgt)
    CCanRxMailbox::~CCanRxMailbox()          0x08003d7d   Thumb Code     2  main.o(i._ZN13CCanRxMailboxD1Ev)
    CCanRxMailbox::~CCanRxMailbox__sub_object() 0x08003d7d   Thumb Code     0  main.o(i._ZN13CCanRxMailboxD1Ev)
    Timer::isAbsoluteTimeUp()                0x08003d7f   Thumb Code    40  timer.o(i._ZN5Timer16isAbsoluteTimeUpEv)
    Timer::Timer(int, int)                   0x08003da7   Thumb Code    30  timer.o(i._ZN5TimerC1Eii)
    Timer::Timer__sub_object(int, int)       0x08003da7   Thumb Code     0  timer.o(i._ZN5TimerC1Eii)
    CConsole::send_array(char*, unsigned short) 0x08003dc5   Thumb Code    34  console.o(i._ZN8CConsole10send_arrayEPct)
    CConsole::COstreamDev::runTransmitter()  0x08003de7   Thumb Code     2  ccanconsole.o(i._ZN8CConsole11COstreamDev14runTransmitterEv)
    CConsole::runTransmitter()               0x08003de9   Thumb Code   152  console.o(i._ZN8CConsole14runTransmitterEv)
    CConsole::printf(const char*, ...)       0x08003e85   Thumb Code    60  console.o(i._ZN8CConsole6printfEPKcz)
    CConsole::CConsole()                     0x08003ec5   Thumb Code   120  console.o(i._ZN8CConsoleC1Ev)
    CConsole::CConsole__sub_object()         0x08003ec5   Thumb Code     0  console.o(i._ZN8CConsoleC1Ev)
    operator new(unsigned)                   0x08003f4d   Thumb Code    34  new.o(i._Znwj)
    __ARM_fpclassify                         0x08003f75   Thumb Code    40  fpclassify.o(i.__ARM_fpclassify)
    __cxa_pure_virtual                       0x08003f9d   Thumb Code     6  pure_virt.o(i.__cxa_pure_virtual)
    _is_digit                                0x08004029   Thumb Code    14  __printf_wp.o(i._is_digit)
    main                                     0x08004039   Thumb Code   370  main.o(i.main)
    _get_lc_numeric                          0x080041d1   Thumb Code    44  lc_numeric_c.o(locale$$code)
    _get_lc_ctype                            0x080041fd   Thumb Code    44  lc_ctype_c.o(locale$$code)
    NormalSingleton<CBaseTimer>::Instance()  0x08004229   Thumb Code    32  timer.o(t._ZN15NormalSingletonI10CBaseTimerE8InstanceEv)
    NormalSingleton<CConsole>::Instance()    0x0800424d   Thumb Code    32  ccan.o(t._ZN15NormalSingletonI8CConsoleE8InstanceEv)
    ringque<char>::push_array(char*, unsigned short) 0x08004271   Thumb Code   126  console.o(t._ZN7ringqueIcE10push_arrayEPct)
    ringque<char>::pop_array(char*, unsigned short) 0x080042ef   Thumb Code   130  console.o(t._ZN7ringqueIcE9pop_arrayEPct)
    ringque<CanRxMsg>::elemsInQue() const    0x08004371   Thumb Code    26  ccan.o(t._ZNK7ringqueI8CanRxMsgE10elemsInQueEv)
    ringque<CanTxMsg>::elemsInQue() const    0x0800438b   Thumb Code    26  ccan.o(t._ZNK7ringqueI8CanTxMsgE10elemsInQueEv)
    ringque<char>::elemsInQue() const        0x080043a5   Thumb Code    20  console.o(t._ZNK7ringqueIcE10elemsInQueEv)
    ringque<char>::emptyElemsInQue() const   0x080043b9   Thumb Code    20  console.o(t._ZNK7ringqueIcE15emptyElemsInQueEv)
    _printf_fp_dec                           0x080043cd   Thumb Code     4  printf1.o(x$fpl$printf1)
    __I$use$fp                               0x080043d0   Number         0  usenofp.o(x$fpl$usenofp)
    vtable for CRttConsole                   0x080044cc   Data          32  console.o(.constdata__ZTV11CRttConsole)
    vtable for CCanRxMailbox                 0x080044ec   Data          12  ccan.o(.constdata__ZTV13CCanRxMailbox)
    vtable for CConsole::COstreamDev         0x080044f8   Data          32  ccanconsole.o(.constdata__ZTVN8CConsole11COstreamDevE)
    Region$$Table$$Base                      0x08004518   Number         0  anon$$obj.o(Region$$Table)
    Region$$Table$$Limit                     0x08004538   Number         0  anon$$obj.o(Region$$Table)
    __ctype                                  0x08004561   Data           0  lc_ctype_c.o(locale$$data)
    SHT$$INIT_ARRAY$$Base                    0x08004664   Number         0  ccan.o(.init_array)
    SHT$$INIT_ARRAY$$Limit                   0x0800466c   Number         0  init_aeabi.o(.init_array)
    IO_St                                    0x20000000   Data           2  main.o(.data)
    VoltData                                 0x20000002   Data           2  main.o(.data)
    TempData                                 0x20000004   Data           1  main.o(.data)
    HumiData                                 0x20000005   Data           1  main.o(.data)
    i                                        0x20000006   Data           1  dht11.o(.data)
    SystemCoreClock                          0x20000008   Data           4  system_stm32f10x.o(.data)
    AHBPrescTable                            0x2000000c   Data          16  system_stm32f10x.o(.data)
    NormalSingleton<CBaseTimer>::ins         0x2000001c   Data           4  timer.o(.data__ZN15NormalSingletonI10CBaseTimerE3insE)
    NormalSingleton<CConsole>::ins           0x20000020   Data           4  ccan.o(.data__ZN15NormalSingletonI8CConsoleE3insE)
    CanRouter1                               0x20000024   Data         160  ccan.o(.bss)
    CanRouter2                               0x200000c4   Data         160  ccan.o(.bss)
    CanRxBuf                                 0x20000484   Data         200  main.o(.bss)
    _rxMailBox                               0x2000054c   Data          36  main.o(.bss)
    DHT_CapBuf                               0x20000570   Data          90  dht11.o(.bss)
    CConsole::TxBuf_                         0x200005cc   Data         256  console.o(.bss)
    CConsole::vsnprintfBuf_                  0x200006cc   Data         256  console.o(.bss)
    CConsole::ConsoleDevTab_                 0x200007cc   Data          16  console.o(.bss)
    _SEGGER_RTT                              0x200007dc   Data         168  segger_rtt.o(.bss)
    __libspace_start                         0x20000c94   Data          96  libspace.o(.bss)
    __temporary_stack_top$libspace           0x20000cf4   Data           0  libspace.o(.bss)



==============================================================================

Memory Map of the image

  Image Entry point : 0x080000ed

  Load Region LR_IROM1 (Base: 0x08000000, Size: 0x00004690, Max: 0x00010000, ABSOLUTE)

    Execution Region ER_IROM1 (Base: 0x08000000, Size: 0x0000466c, Max: 0x00010000, ABSOLUTE)

    Base Addr    Size         Type   Attr      Idx    E Section Name        Object

    0x08000000   0x000000ec   Data   RO         2974    RESET               startup_stm32f10x_md.o
    0x080000ec   0x00000008   Code   RO         3053  * !!!main             c_w.l(__main.o)
    0x080000f4   0x00000034   Code   RO         3699    !!!scatter          c_w.l(__scatter.o)
    0x08000128   0x0000001a   Code   RO         3701    !!handler_copy      c_w.l(__scatter_copy.o)
    0x08000142   0x00000002   PAD
    0x08000144   0x0000001c   Code   RO         3703    !!handler_zi        c_w.l(__scatter_zi.o)
    0x08000160   0x00000000   Code   RO         3324    .ARM.Collect$$_printf_percent$$00000000  c_w.l(_printf_percent.o)
    0x08000160   0x00000006   Code   RO         3313    .ARM.Collect$$_printf_percent$$00000001  c_w.l(_printf_n.o)
    0x08000166   0x00000006   Code   RO         3315    .ARM.Collect$$_printf_percent$$00000002  c_w.l(_printf_p.o)
    0x0800016c   0x00000006   Code   RO         3320    .ARM.Collect$$_printf_percent$$00000003  c_w.l(_printf_f.o)
    0x08000172   0x00000006   Code   RO         3321    .ARM.Collect$$_printf_percent$$00000004  c_w.l(_printf_e.o)
    0x08000178   0x00000006   Code   RO         3322    .ARM.Collect$$_printf_percent$$00000005  c_w.l(_printf_g.o)
    0x0800017e   0x00000006   Code   RO         3323    .ARM.Collect$$_printf_percent$$00000006  c_w.l(_printf_a.o)
    0x08000184   0x0000000a   Code   RO         3328    .ARM.Collect$$_printf_percent$$00000007  c_w.l(_printf_ll.o)
    0x0800018e   0x00000006   Code   RO         3317    .ARM.Collect$$_printf_percent$$00000008  c_w.l(_printf_i.o)
    0x08000194   0x00000006   Code   RO         3318    .ARM.Collect$$_printf_percent$$00000009  c_w.l(_printf_d.o)
    0x0800019a   0x00000006   Code   RO         3319    .ARM.Collect$$_printf_percent$$0000000A  c_w.l(_printf_u.o)
    0x080001a0   0x00000006   Code   RO         3316    .ARM.Collect$$_printf_percent$$0000000B  c_w.l(_printf_o.o)
    0x080001a6   0x00000006   Code   RO         3314    .ARM.Collect$$_printf_percent$$0000000C  c_w.l(_printf_x.o)
    0x080001ac   0x00000006   Code   RO         3325    .ARM.Collect$$_printf_percent$$0000000D  c_w.l(_printf_lli.o)
    0x080001b2   0x00000006   Code   RO         3326    .ARM.Collect$$_printf_percent$$0000000E  c_w.l(_printf_lld.o)
    0x080001b8   0x00000006   Code   RO         3327    .ARM.Collect$$_printf_percent$$0000000F  c_w.l(_printf_llu.o)
    0x080001be   0x00000006   Code   RO         3332    .ARM.Collect$$_printf_percent$$00000010  c_w.l(_printf_llo.o)
    0x080001c4   0x00000006   Code   RO         3333    .ARM.Collect$$_printf_percent$$00000011  c_w.l(_printf_llx.o)
    0x080001ca   0x0000000a   Code   RO         3329    .ARM.Collect$$_printf_percent$$00000012  c_w.l(_printf_l.o)
    0x080001d4   0x00000006   Code   RO         3311    .ARM.Collect$$_printf_percent$$00000013  c_w.l(_printf_c.o)
    0x080001da   0x00000006   Code   RO         3312    .ARM.Collect$$_printf_percent$$00000014  c_w.l(_printf_s.o)
    0x080001e0   0x00000006   Code   RO         3330    .ARM.Collect$$_printf_percent$$00000015  c_w.l(_printf_lc.o)
    0x080001e6   0x00000006   Code   RO         3331    .ARM.Collect$$_printf_percent$$00000016  c_w.l(_printf_ls.o)
    0x080001ec   0x00000004   Code   RO         3485    .ARM.Collect$$_printf_percent$$00000017  c_w.l(_printf_percent_end.o)
    0x080001f0   0x00000002   Code   RO         3626    .ARM.Collect$$libinit$$00000000  c_w.l(libinit.o)
    0x080001f2   0x00000000   Code   RO         3342    .ARM.Collect$$libinit$$00000002  c_w.l(libinit2.o)
    0x080001f2   0x00000000   Code   RO         3344    .ARM.Collect$$libinit$$00000004  c_w.l(libinit2.o)
    0x080001f2   0x00000008   Code   RO         3345    .ARM.Collect$$libinit$$00000005  c_w.l(libinit2.o)
    0x080001fa   0x00000000   Code   RO         3347    .ARM.Collect$$libinit$$0000000A  c_w.l(libinit2.o)
    0x080001fa   0x00000000   Code   RO         3349    .ARM.Collect$$libinit$$0000000C  c_w.l(libinit2.o)
    0x080001fa   0x00000000   Code   RO         3351    .ARM.Collect$$libinit$$0000000E  c_w.l(libinit2.o)
    0x080001fa   0x00000006   Code   RO         3352    .ARM.Collect$$libinit$$0000000F  c_w.l(libinit2.o)
    0x08000200   0x00000000   Code   RO         3354    .ARM.Collect$$libinit$$00000011  c_w.l(libinit2.o)
    0x08000200   0x0000000c   Code   RO         3355    .ARM.Collect$$libinit$$00000012  c_w.l(libinit2.o)
    0x0800020c   0x00000000   Code   RO         3356    .ARM.Collect$$libinit$$00000013  c_w.l(libinit2.o)
    0x0800020c   0x00000000   Code   RO         3358    .ARM.Collect$$libinit$$00000015  c_w.l(libinit2.o)
    0x0800020c   0x0000000a   Code   RO         3359    .ARM.Collect$$libinit$$00000016  c_w.l(libinit2.o)
    0x08000216   0x00000000   Code   RO         3360    .ARM.Collect$$libinit$$00000017  c_w.l(libinit2.o)
    0x08000216   0x00000000   Code   RO         3362    .ARM.Collect$$libinit$$00000019  c_w.l(libinit2.o)
    0x08000216   0x00000000   Code   RO         3364    .ARM.Collect$$libinit$$0000001B  c_w.l(libinit2.o)
    0x08000216   0x00000000   Code   RO         3366    .ARM.Collect$$libinit$$0000001D  c_w.l(libinit2.o)
    0x08000216   0x00000000   Code   RO         3368    .ARM.Collect$$libinit$$0000001F  c_w.l(libinit2.o)
    0x08000216   0x00000000   Code   RO         3370    .ARM.Collect$$libinit$$00000021  c_w.l(libinit2.o)
    0x08000216   0x00000000   Code   RO         3372    .ARM.Collect$$libinit$$00000023  c_w.l(libinit2.o)
    0x08000216   0x00000000   Code   RO         3374    .ARM.Collect$$libinit$$00000025  c_w.l(libinit2.o)
    0x08000216   0x00000000   Code   RO         3378    .ARM.Collect$$libinit$$0000002C  c_w.l(libinit2.o)
    0x08000216   0x00000000   Code   RO         3380    .ARM.Collect$$libinit$$0000002E  c_w.l(libinit2.o)
    0x08000216   0x00000000   Code   RO         3382    .ARM.Collect$$libinit$$00000030  c_w.l(libinit2.o)
    0x08000216   0x00000004   Code   RO         3383    .ARM.Collect$$libinit$$00000031  c_w.l(libinit2.o)
    0x0800021a   0x00000000   Code   RO         3384    .ARM.Collect$$libinit$$00000032  c_w.l(libinit2.o)
    0x0800021a   0x00000002   Code   RO         3385    .ARM.Collect$$libinit$$00000033  c_w.l(libinit2.o)
    0x0800021c   0x00000002   Code   RO         3696    .ARM.Collect$$libshutdown$$00000000  c_w.l(libshutdown.o)
    0x0800021e   0x00000006   Code   RO         3496    .ARM.Collect$$libshutdown$$00000001  c_w.l(libshutdown2.o)
    0x08000224   0x00000000   Code   RO         3497    .ARM.Collect$$libshutdown$$00000002  c_w.l(libshutdown2.o)
    0x08000224   0x00000000   Code   RO         3499    .ARM.Collect$$libshutdown$$00000004  c_w.l(libshutdown2.o)
    0x08000224   0x00000000   Code   RO         3502    .ARM.Collect$$libshutdown$$00000007  c_w.l(libshutdown2.o)
    0x08000224   0x00000000   Code   RO         3505    .ARM.Collect$$libshutdown$$0000000A  c_w.l(libshutdown2.o)
    0x08000224   0x00000000   Code   RO         3507    .ARM.Collect$$libshutdown$$0000000C  c_w.l(libshutdown2.o)
    0x08000224   0x00000000   Code   RO         3510    .ARM.Collect$$libshutdown$$0000000F  c_w.l(libshutdown2.o)
    0x08000224   0x00000002   Code   RO         3511    .ARM.Collect$$libshutdown$$00000010  c_w.l(libshutdown2.o)
    0x08000226   0x00000000   Code   RO         3174    .ARM.Collect$$rtentry$$00000000  c_w.l(__rtentry.o)
    0x08000226   0x00000000   Code   RO         3426    .ARM.Collect$$rtentry$$00000002  c_w.l(__rtentry2.o)
    0x08000226   0x00000006   Code   RO         3438    .ARM.Collect$$rtentry$$00000004  c_w.l(__rtentry4.o)
    0x0800022c   0x00000000   Code   RO         3428    .ARM.Collect$$rtentry$$00000009  c_w.l(__rtentry2.o)
    0x0800022c   0x00000004   Code   RO         3429    .ARM.Collect$$rtentry$$0000000A  c_w.l(__rtentry2.o)
    0x08000230   0x00000000   Code   RO         3431    .ARM.Collect$$rtentry$$0000000C  c_w.l(__rtentry2.o)
    0x08000230   0x00000008   Code   RO         3432    .ARM.Collect$$rtentry$$0000000D  c_w.l(__rtentry2.o)
    0x08000238   0x00000002   Code   RO         3650    .ARM.Collect$$rtexit$$00000000  c_w.l(rtexit.o)
    0x0800023a   0x00000000   Code   RO         3670    .ARM.Collect$$rtexit$$00000002  c_w.l(rtexit2.o)
    0x0800023a   0x00000004   Code   RO         3671    .ARM.Collect$$rtexit$$00000003  c_w.l(rtexit2.o)
    0x0800023e   0x00000006   Code   RO         3672    .ARM.Collect$$rtexit$$00000004  c_w.l(rtexit2.o)
    0x08000244   0x00000000   Code   RO         3566    .emb_text           c_w.l(maybetermalloc1.o)
    0x08000244   0x00000040   Code   RO         2975    .text               startup_stm32f10x_md.o
    0x08000284   0x00000034   Code   RO         3031    .text               c_w.l(c89vsnprintf.o)
    0x080002b8   0x0000002e   Code   RO         3036    .text               c_w.l(aeabi_atexit.o)
    0x080002e6   0x00000048   Code   RO         3039    .text               c_w.l(strcpy.o)
    0x0800032e   0x0000008a   Code   RO         3043    .text               c_w.l(rt_memcpy_v6.o)
    0x080003b8   0x00000064   Code   RO         3045    .text               c_w.l(rt_memcpy_w.o)
    0x0800041c   0x00000044   Code   RO         3047    .text               c_w.l(rt_memclr.o)
    0x08000460   0x0000004e   Code   RO         3049    .text               c_w.l(rt_memclr_w.o)
    0x080004ae   0x00000006   Code   RO         3051    .text               c_w.l(heapauxi.o)
    0x080004b4   0x00000024   Code   RO         3058    .text               c_w.l(init_aeabi.o)
    0x080004d8   0x00000008   Code   RO         3178    .text               c_w.l(rt_new_handler_addr_intlibspace.o)
    0x080004e0   0x00000008   Code   RO         3183    .text               c_w.l(rt_ddtor_pointer_addr_intlibspace.o)
    0x080004e8   0x0000005e   Code   RO         3187    .text               c_w.l(h1_alloc.o)
    0x08000546   0x0000004e   Code   RO         3243    .text               c_w.l(_printf_pad.o)
    0x08000594   0x00000024   Code   RO         3245    .text               c_w.l(_printf_truncate.o)
    0x080005b8   0x00000052   Code   RO         3247    .text               c_w.l(_printf_str.o)
    0x0800060a   0x00000002   PAD
    0x0800060c   0x00000078   Code   RO         3249    .text               c_w.l(_printf_dec.o)
    0x08000684   0x00000028   Code   RO         3251    .text               c_w.l(_printf_charcount.o)
    0x080006ac   0x00000030   Code   RO         3253    .text               c_w.l(_printf_char_common.o)
    0x080006dc   0x0000000a   Code   RO         3255    .text               c_w.l(_sputc.o)
    0x080006e6   0x00000010   Code   RO         3257    .text               c_w.l(_snputc.o)
    0x080006f6   0x00000002   PAD
    0x080006f8   0x000000bc   Code   RO         3259    .text               c_w.l(_printf_wctomb.o)
    0x080007b4   0x0000007c   Code   RO         3262    .text               c_w.l(_printf_longlong_dec.o)
    0x08000830   0x00000070   Code   RO         3268    .text               c_w.l(_printf_oct_int_ll.o)
    0x080008a0   0x00000094   Code   RO         3288    .text               c_w.l(_printf_hex_int_ll_ptr.o)
    0x08000934   0x00000188   Code   RO         3308    .text               c_w.l(__printf_flags_ss_wp.o)
    0x08000abc   0x00000042   Code   RO         3334    .text               c_w.l(cxa_finalize.o)
    0x08000afe   0x0000000e   Code   RO         3337    .text               c_w.l(defsig_pvfn_outer.o)
    0x08000b0c   0x00000004   Code   RO         3389    .text               cpprt_w.l(arm_newhandler_noexceptions.o)
    0x08000b10   0x00000008   Code   RO         3420    .text               c_w.l(libspace.o)
    0x08000b18   0x00000008   Code   RO         3445    .text               c_w.l(rt_heap_descriptor_intlibspace.o)
    0x08000b20   0x00000004   Code   RO         3447    .text               c_w.l(hguard.o)
    0x08000b24   0x0000008a   Code   RO         3449    .text               c_w.l(init_alloc.o)
    0x08000bae   0x0000000e   Code   RO         3455    .text               c_w.l(h1_init.o)
    0x08000bbc   0x0000004e   Code   RO         3457    .text               c_w.l(h1_free.o)
    0x08000c0a   0x0000008a   Code   RO         3473    .text               c_w.l(lludiv10.o)
    0x08000c94   0x000000b2   Code   RO         3475    .text               c_w.l(_printf_intcommon.o)
    0x08000d46   0x0000041a   Code   RO         3477    .text               c_w.l(_printf_fp_dec.o)
    0x08001160   0x0000002c   Code   RO         3481    .text               c_w.l(_printf_char.o)
    0x0800118c   0x0000002c   Code   RO         3483    .text               c_w.l(_printf_wchar.o)
    0x080011b8   0x00000040   Code   RO         3486    .text               c_w.l(_wcrtomb.o)
    0x080011f8   0x0000000a   Code   RO         3488    .text               c_w.l(defsig_exit.o)
    0x08001202   0x00000002   PAD
    0x08001204   0x00000030   Code   RO         3490    .text               c_w.l(defsig_pvfn_inner.o)
    0x08001234   0x0000001a   Code   RO         3535    .text               cpprt_w.l(arm_exceptions_terminate.o)
    0x0800124e   0x00000002   PAD
    0x08001250   0x00000050   Code   RO         3538    .text               cpprt_w.l(arm_exceptions_globs.o)
    0x080012a0   0x0000000c   Code   RO         3548    .text               c_w.l(sys_exit.o)
    0x080012ac   0x0000004a   Code   RO         3550    .text               c_w.l(sys_stackheap_outer.o)
    0x080012f6   0x00000002   PAD
    0x080012f8   0x00000010   Code   RO         3552    .text               c_w.l(rt_ctype_table.o)
    0x08001308   0x00000008   Code   RO         3557    .text               c_w.l(rt_locale_intlibspace.o)
    0x08001310   0x00000008   Code   RO         3562    .text               c_w.l(rt_eh_globals_addr_intlibspace.o)
    0x08001318   0x00000034   Code   RO         3568    .text               c_w.l(h1_extend.o)
    0x0800134c   0x00000080   Code   RO         3572    .text               c_w.l(_printf_fp_infnan.o)
    0x080013cc   0x000000dc   Code   RO         3574    .text               c_w.l(bigflt0.o)
    0x080014a8   0x00000012   Code   RO         3602    .text               c_w.l(exit.o)
    0x080014ba   0x00000016   Code   RO         3604    .text               c_w.l(abort.o)
    0x080014d0   0x00000032   Code   RO         3608    .text               c_w.l(defsig_general.o)
    0x08001502   0x0000000e   Code   RO         3610    .text               c_w.l(defsig_rtmem_outer.o)
    0x08001510   0x0000003c   Code   RO         3630    .text               cpprt_w.l(arm_exceptions_mem.o)
    0x0800154c   0x0000000e   Code   RO         3645    .text               c_w.l(sys_wrch.o)
    0x0800155a   0x00000002   Code   RO         3647    .text               c_w.l(use_no_semi.o)
    0x0800155c   0x00000000   Code   RO         3649    .text               c_w.l(indicate_semi.o)
    0x0800155c   0x0000000e   Code   RO         3659    .text               c_w.l(defsig_abrt_outer.o)
    0x0800156a   0x00000002   PAD
    0x0800156c   0x00000050   Code   RO         3663    .text               c_w.l(defsig_rtmem_inner.o)
    0x080015bc   0x00000080   Code   RO         3667    .text               c_w.l(strcmpv7m.o)
    0x0800163c   0x00000030   Code   RO         3680    .text               c_w.l(defsig_abrt_inner.o)
    0x0800166c   0x0000003e   Code   RO         3577    CL$$btod_d2e        c_w.l(btod.o)
    0x080016aa   0x00000046   Code   RO         3579    CL$$btod_d2e_denorm_low  c_w.l(btod.o)
    0x080016f0   0x00000060   Code   RO         3578    CL$$btod_d2e_norm_op1  c_w.l(btod.o)
    0x08001750   0x00000338   Code   RO         3587    CL$$btod_div_common  c_w.l(btod.o)
    0x08001a88   0x000000c6   Code   RO         3584    CL$$btod_e2e        c_w.l(btod.o)
    0x08001b4e   0x00000028   Code   RO         3581    CL$$btod_ediv       c_w.l(btod.o)
    0x08001b76   0x00000028   Code   RO         3580    CL$$btod_emul       c_w.l(btod.o)
    0x08001b9e   0x00000244   Code   RO         3586    CL$$btod_mult_common  c_w.l(btod.o)
    0x08001de2   0x00000016   Code   RO         1251    i.ADC_Cmd           stm32f10x_adc.o
    0x08001df8   0x0000005c   Code   RO         1253    i.ADC_DeInit        stm32f10x_adc.o
    0x08001e54   0x00000014   Code   RO         1259    i.ADC_GetCalibrationStatus  stm32f10x_adc.o
    0x08001e68   0x00000008   Code   RO         1260    i.ADC_GetConversionValue  stm32f10x_adc.o
    0x08001e70   0x00000012   Code   RO         1262    i.ADC_GetFlagStatus  stm32f10x_adc.o
    0x08001e82   0x00000014   Code   RO         1265    i.ADC_GetResetCalibrationStatus  stm32f10x_adc.o
    0x08001e96   0x00000002   PAD
    0x08001e98   0x00000050   Code   RO         1269    i.ADC_Init          stm32f10x_adc.o
    0x08001ee8   0x000000b8   Code   RO         1273    i.ADC_RegularChannelConfig  stm32f10x_adc.o
    0x08001fa0   0x0000000a   Code   RO         1274    i.ADC_ResetCalibration  stm32f10x_adc.o
    0x08001faa   0x00000016   Code   RO         1276    i.ADC_SoftwareStartConvCmd  stm32f10x_adc.o
    0x08001fc0   0x0000000a   Code   RO         1278    i.ADC_StartCalibration  stm32f10x_adc.o
    0x08001fca   0x00000004   Code   RO          408    i.BusFault_Handler  stm32f10x_it.o
    0x08001fce   0x00000002   PAD
    0x08001fd0   0x000000a8   Code   RO         1517    i.CAN_ClearITPendingBit  stm32f10x_can.o
    0x08002078   0x00000016   Code   RO         1520    i.CAN_FIFORelease   stm32f10x_can.o
    0x0800208e   0x00000002   PAD
    0x08002090   0x00000108   Code   RO         1521    i.CAN_FilterInit    stm32f10x_can.o
    0x08002198   0x00000114   Code   RO         1528    i.CAN_Init          stm32f10x_can.o
    0x080022ac   0x0000001e   Code   RO         1529    i.CAN_MessagePending  stm32f10x_can.o
    0x080022ca   0x000000f0   Code   RO         1531    i.CAN_Receive       stm32f10x_can.o
    0x080023ba   0x00000126   Code   RO         1536    i.CAN_Transmit      stm32f10x_can.o
    0x080024e0   0x000000c0   Code   RO          647    i.DHT_Decode        dht11.o
    0x080025a0   0x00000038   Code   RO          648    i.DHT_Init          dht11.o
    0x080025d8   0x0000003c   Code   RO          649    i.DHT_Start         dht11.o
    0x08002614   0x00000038   Code   RO          650    i.DHT_StartTimer    dht11.o
    0x0800264c   0x00000080   Code   RO          651    i.DHT_TimerInit     dht11.o
    0x080026cc   0x00000002   Code   RO          409    i.DebugMon_Handler  stm32f10x_it.o
    0x080026ce   0x00000116   Code   RO         1942    i.GPIO_Init         stm32f10x_gpio.o
    0x080027e4   0x00000090   Code   RO         1944    i.GPIO_PinRemapConfig  stm32f10x_gpio.o
    0x08002874   0x00000008   Code   RO         1945    i.GPIO_ReadInputData  stm32f10x_gpio.o
    0x0800287c   0x00000004   Code   RO          410    i.HardFault_Handler  stm32f10x_it.o
    0x08002880   0x00000004   Code   RO          411    i.MemManage_Handler  stm32f10x_it.o
    0x08002884   0x00000002   Code   RO          412    i.NMI_Handler       stm32f10x_it.o
    0x08002886   0x00000002   PAD
    0x08002888   0x00000070   Code   RO         1192    i.NVIC_Init         misc.o
    0x080028f8   0x00000014   Code   RO         1193    i.NVIC_PriorityGroupConfig  misc.o
    0x0800290c   0x00000002   Code   RO          413    i.PendSV_Handler    stm32f10x_it.o
    0x0800290e   0x00000002   PAD
    0x08002910   0x00000018   Code   RO         2080    i.RCC_ADCCLKConfig  stm32f10x_rcc.o
    0x08002928   0x00000020   Code   RO         2082    i.RCC_APB1PeriphClockCmd  stm32f10x_rcc.o
    0x08002948   0x00000020   Code   RO         2084    i.RCC_APB2PeriphClockCmd  stm32f10x_rcc.o
    0x08002968   0x00000020   Code   RO         2085    i.RCC_APB2PeriphResetCmd  stm32f10x_rcc.o
    0x08002988   0x00000008   Code   RO          996    i.SEGGER_RTT_Init   segger_rtt.o
    0x08002990   0x00000048   Code   RO         1006    i.SEGGER_RTT_Write  segger_rtt.o
    0x080029d8   0x00000084   Code   RO         1007    i.SEGGER_RTT_WriteNoLock  segger_rtt.o
    0x08002a5c   0x00000002   Code   RO          414    i.SVC_Handler       stm32f10x_it.o
    0x08002a5e   0x00000028   Code   RO         1196    i.SysTick_CLKSourceConfig  misc.o
    0x08002a86   0x00000008   Code   RO          415    i.SysTick_Handler   stm32f10x_it.o
    0x08002a8e   0x00000002   PAD
    0x08002a90   0x000000a4   Code   RO         2982    i.SystemCoreClockUpdate  system_stm32f10x.o
    0x08002b34   0x00000060   Code   RO         2983    i.SystemInit        system_stm32f10x.o
    0x08002b94   0x000000e0   Code   RO          652    i.TIM3_IRQHandler   dht11.o
    0x08002c74   0x00000006   Code   RO         2331    i.TIM_ClearITPendingBit  stm32f10x_tim.o
    0x08002c7a   0x00000018   Code   RO         2336    i.TIM_Cmd           stm32f10x_tim.o
    0x08002c92   0x00000008   Code   RO         2354    i.TIM_GetCapture4   stm32f10x_tim.o
    0x08002c9a   0x00000022   Code   RO         2357    i.TIM_GetITStatus   stm32f10x_tim.o
    0x08002cbc   0x000000ac   Code   RO         2359    i.TIM_ICInit        stm32f10x_tim.o
    0x08002d68   0x00000012   Code   RO         2361    i.TIM_ITConfig      stm32f10x_tim.o
    0x08002d7a   0x00000004   Code   RO         2401    i.TIM_SetCounter    stm32f10x_tim.o
    0x08002d7e   0x00000012   Code   RO         2402    i.TIM_SetIC1Prescaler  stm32f10x_tim.o
    0x08002d90   0x0000001a   Code   RO         2403    i.TIM_SetIC2Prescaler  stm32f10x_tim.o
    0x08002daa   0x00000012   Code   RO         2404    i.TIM_SetIC3Prescaler  stm32f10x_tim.o
    0x08002dbc   0x0000001a   Code   RO         2405    i.TIM_SetIC4Prescaler  stm32f10x_tim.o
    0x08002dd6   0x00000002   PAD
    0x08002dd8   0x000000a4   Code   RO         2407    i.TIM_TimeBaseInit  stm32f10x_tim.o
    0x08002e7c   0x00000010   Code   RO          416    i.USB_LP_CAN1_RX0_IRQHandler  stm32f10x_it.o
    0x08002e8c   0x00000004   Code   RO          417    i.UsageFault_Handler  stm32f10x_it.o
    0x08002e90   0x0000008c   Code   RO          605    i._Z10BatAD_Initv   adc.o
    0x08002f1c   0x00000028   Code   RO          606    i._Z10Get_BatVolv   adc.o
    0x08002f44   0x0000006c   Code   RO          506    i._Z10IntBrdSendv   main.o
    0x08002fb0   0x00000080   Code   RO         2411    i._Z10TI1_ConfigP11TIM_TypeDefttt  stm32f10x_tim.o
    0x08003030   0x00000098   Code   RO         2412    i._Z10TI2_ConfigP11TIM_TypeDefttt  stm32f10x_tim.o
    0x080030c8   0x00000090   Code   RO         2413    i._Z10TI3_ConfigP11TIM_TypeDefttt  stm32f10x_tim.o
    0x08003158   0x00000098   Code   RO         2414    i._Z10TI4_ConfigP11TIM_TypeDefttt  stm32f10x_tim.o
    0x080031f0   0x00000008   Code   RO         2984    i._Z11SetSysClockv  system_stm32f10x.o
    0x080031f8   0x00000020   Code   RO          507    i._Z12CommonConfigv  main.o
    0x08003218   0x0000001c   Code   RO          313    i._Z13CPUTIMER0_ISRv  timer.o
    0x08003234   0x0000004c   Code   RO         1011    i._Z13_WriteNoCheckP20SEGGER_RTT_BUFFER_UPPKcj  segger_rtt.o
    0x08003280   0x00000072   Code   RO         1012    i._Z14_WriteBlockingP20SEGGER_RTT_BUFFER_UPPKcj  segger_rtt.o
    0x080032f2   0x00000002   PAD
    0x080032f4   0x000000e0   Code   RO         2985    i._Z15SetSysClockTo72v  system_stm32f10x.o
    0x080033d4   0x0000001c   Code   RO         1013    i._Z19_GetAvailWriteSpaceP20SEGGER_RTT_BUFFER_UP  segger_rtt.o
    0x080033f0   0x00000058   Code   RO          508    i._Z7IO_Initv       main.o
    0x08003448   0x00000034   Code   RO          509    i._Z7IO_Readv       main.o
    0x0800347c   0x00000070   Code   RO         1015    i._Z7_DoInitv       segger_rtt.o
    0x080034ec   0x00000030   Code   RO          607    i._Z9Get_ADValv     adc.o
    0x0800351c   0x00000016   Code   RO          510    i._Z9Toggle_IOP12GPIO_TypeDeft  main.o
    0x08003532   0x00000002   PAD
    0x08003534   0x00000080   Code   RO          314    i._ZN10CBaseTimer10initializeEv  timer.o
    0x080035b4   0x00000010   Code   RO          316    i._ZN10CBaseTimer8doUpdateEv  timer.o
    0x080035c4   0x00000010   Code   RO          317    i._ZN10CBaseTimerC1Ev  timer.o
    0x080035d4   0x00000088   Code   RO            4    i._ZN10CCanRouter11InitCanGpioEi  ccan.o
    0x0800365c   0x00000064   Code   RO            5    i._ZN10CCanRouter11runReceiverEv  ccan.o
    0x080036c0   0x000001dc   Code   RO            7    i._ZN10CCanRouter13attachMailboxEP13CCanRxMailbox  ccan.o
    0x0800389c   0x0000007e   Code   RO            8    i._ZN10CCanRouter14runTransmitterEv  ccan.o
    0x0800391a   0x00000060   Code   RO            9    i._ZN10CCanRouter6putMsgER8CanTxMsg  ccan.o
    0x0800397a   0x00000002   PAD
    0x0800397c   0x00000160   Code   RO           10    i._ZN10CCanRouter7InitCanEv  ccan.o
    0x08003adc   0x000000e4   Code   RO           11    i._ZN10CCanRouterC1EP11CAN_TypeDefP8CanTxMsgtj  ccan.o
    0x08003bc0   0x00000002   Code   RO          154    i._ZN10CCanRouterD1Ev  ccan.o
    0x08003bc2   0x00000006   Code   RO          906    i._ZN11CRttConsole11getFreeSizeEv  console.o
    0x08003bc8   0x0000000c   Code   RO          900    i._ZN11CRttConsole4openEv  console.o
    0x08003bd4   0x00000016   Code   RO          894    i._ZN11CRttConsole5writeEPht  console.o
    0x08003bea   0x00000016   Code   RO           12    i._ZN13CCanRxMailbox14attachToRouterER10CCanRouter  ccan.o
    0x08003c00   0x0000005c   Code   RO           13    i._ZN13CCanRxMailbox6getMsgEP8CanRxMsg  ccan.o
    0x08003c5c   0x00000064   Code   RO           14    i._ZN13CCanRxMailbox7pushMsgERK8CanRxMsg  ccan.o
    0x08003cc0   0x00000008   Code   RO           16    i._ZN13CCanRxMailbox8setStdIdEt  ccan.o
    0x08003cc8   0x00000030   Code   RO           17    i._ZN13CCanRxMailbox9isIdEqualEPS_  ccan.o
    0x08003cf8   0x00000030   Code   RO           18    i._ZN13CCanRxMailbox9isIdEqualERK8CanRxMsg  ccan.o
    0x08003d28   0x00000054   Code   RO           19    i._ZN13CCanRxMailboxC1EP8CanRxMsgt  ccan.o
    0x08003d7c   0x00000002   Code   RO          568    i._ZN13CCanRxMailboxD1Ev  main.o
    0x08003d7e   0x00000028   Code   RO          318    i._ZN5Timer16isAbsoluteTimeUpEv  timer.o
    0x08003da6   0x0000001e   Code   RO          321    i._ZN5TimerC1Eii    timer.o
    0x08003dc4   0x00000022   Code   RO          807    i._ZN8CConsole10send_arrayEPct  console.o
    0x08003de6   0x00000002   Code   RO          775    i._ZN8CConsole11COstreamDev14runTransmitterEv  ccanconsole.o
    0x08003de8   0x0000009c   Code   RO          808    i._ZN8CConsole14runTransmitterEv  console.o
    0x08003e84   0x00000040   Code   RO          812    i._ZN8CConsole6printfEPKcz  console.o
    0x08003ec4   0x00000088   Code   RO          813    i._ZN8CConsoleC1Ev  console.o
    0x08003f4c   0x00000028   Code   RO         3061    i._Znwj             cpprt_w.l(new.o)
    0x08003f74   0x00000028   Code   RO         3643    i.__ARM_fpclassify  m_ws.l(fpclassify.o)
    0x08003f9c   0x00000006   Code   RO         3065    i.__cxa_pure_virtual  cpprt_w.l(pure_virt.o)
    0x08003fa2   0x00000002   PAD
    0x08003fa4   0x0000005c   Code   RO           22    i.__sti___8_CCan_cpp_8232fc5b  ccan.o
    0x08004000   0x00000028   Code   RO          511    i.__sti___8_main_cpp_c67696cc  main.o
    0x08004028   0x0000000e   Code   RO         3301    i._is_digit         c_w.l(__printf_wp.o)
    0x08004036   0x00000002   PAD
    0x08004038   0x00000198   Code   RO          512    i.main              main.o
    0x080041d0   0x0000002c   Code   RO         3600    locale$$code        c_w.l(lc_numeric_c.o)
    0x080041fc   0x0000002c   Code   RO         3655    locale$$code        c_w.l(lc_ctype_c.o)
    0x08004228   0x00000024   Code   RO          383    t._ZN15NormalSingletonI10CBaseTimerE8InstanceEv  timer.o
    0x0800424c   0x00000024   Code   RO          142    t._ZN15NormalSingletonI8CConsoleE8InstanceEv  ccan.o
    0x08004270   0x0000007e   Code   RO          872    t._ZN7ringqueIcE10push_arrayEPct  console.o
    0x080042ee   0x00000082   Code   RO          884    t._ZN7ringqueIcE9pop_arrayEPct  console.o
    0x08004370   0x0000001a   Code   RO          136    t._ZNK7ringqueI8CanRxMsgE10elemsInQueEv  ccan.o
    0x0800438a   0x0000001a   Code   RO          148    t._ZNK7ringqueI8CanTxMsgE10elemsInQueEv  ccan.o
    0x080043a4   0x00000014   Code   RO          866    t._ZNK7ringqueIcE10elemsInQueEv  console.o
    0x080043b8   0x00000014   Code   RO          878    t._ZNK7ringqueIcE15emptyElemsInQueEv  console.o
    0x080043cc   0x00000004   Code   RO         3418    x$fpl$printf1       fz_ws.l(printf1.o)
    0x080043d0   0x00000000   Code   RO         3642    x$fpl$usenofp       fz_ws.l(usenofp.o)
    0x080043d0   0x00000021   Data   RO           43    .constdata          ccan.o
    0x080043f1   0x00000003   PAD
    0x080043f4   0x00000008   Data   RO         3260    .constdata          c_w.l(_printf_wctomb.o)
    0x080043fc   0x00000028   Data   RO         3289    .constdata          c_w.l(_printf_hex_int_ll_ptr.o)
    0x08004424   0x00000011   Data   RO         3309    .constdata          c_w.l(__printf_flags_ss_wp.o)
    0x08004435   0x00000003   PAD
    0x08004438   0x00000094   Data   RO         3575    .constdata          c_w.l(bigflt0.o)
    0x080044cc   0x00000020   Data   RO          891    .constdata__ZTV11CRttConsole  console.o
    0x080044ec   0x0000000c   Data   RO          135    .constdata__ZTV13CCanRxMailbox  ccan.o
    0x080044f8   0x00000020   Data   RO          770    .constdata__ZTVN8CConsole11COstreamDevE  ccanconsole.o
    0x08004518   0x00000020   Data   RO         3697    Region$$Table       anon$$obj.o
    0x08004538   0x0000001c   Data   RO         3599    locale$$data        c_w.l(lc_numeric_c.o)
    0x08004554   0x00000110   Data   RO         3654    locale$$data        c_w.l(lc_ctype_c.o)
    0x08004664   0x00000004   Data   RO           44    .init_array         ccan.o
    0x08004668   0x00000004   Data   RO          522    .init_array         main.o
    0x0800466c   0x00000000   Data   RO         3056    .init_array         c_w.l(init_aeabi.o)


    Execution Region RW_IRAM1 (Base: 0x20000000, Size: 0x000012f8, Max: 0x00005000, ABSOLUTE)

    Base Addr    Size         Type   Attr      Idx    E Section Name        Object

    0x20000000   0x00000006   Data   RW          521    .data               main.o
    0x20000006   0x00000001   Data   RW          660    .data               dht11.o
    0x20000007   0x00000001   PAD
    0x20000008   0x00000014   Data   RW         2990    .data               system_stm32f10x.o
    0x2000001c   0x00000004   Data   RW          389    .data__ZN15NormalSingletonI10CBaseTimerE3insE  timer.o
    0x20000020   0x00000004   Data   RW          161    .data__ZN15NormalSingletonI8CConsoleE3insE  ccan.o
    0x20000024   0x00000460   Zero   RW           42    .bss                ccan.o
    0x20000484   0x000000ec   Zero   RW          520    .bss                main.o
    0x20000570   0x0000005a   Zero   RW          659    .bss                dht11.o
    0x200005ca   0x00000002   PAD
    0x200005cc   0x00000210   Zero   RW          821    .bss                console.o
    0x200007dc   0x000004b8   Zero   RW         1043    .bss                segger_rtt.o
    0x20000c94   0x00000060   Zero   RW         3421    .bss                c_w.l(libspace.o)
    0x20000cf4   0x00000004   PAD
    0x20000cf8   0x00000200   Zero   RW         2973    HEAP                startup_stm32f10x_md.o
    0x20000ef8   0x00000400   Zero   RW         2972    STACK               startup_stm32f10x_md.o


==============================================================================

Image component sizes


      Code (inc. data)   RO Data    RW Data    ZI Data      Debug   Object Name

       228         12          0          0          0       1522   adc.o
      2098        440         49          4       1120     277435   ccan.o
         2          0         32          0          0       1892   ccanconsole.o
       726         24         32          0        528      10192   console.o
       716         54          0          1         90       3678   dht11.o
       752         98          4          6        236       9677   main.o
       172         22          0          0          0       2269   misc.o
       542         48          0          0       1208       7940   segger_rtt.o
        64         26        236          0       1536        808   startup_stm32f10x_md.o
       486         24          0          0          0       9106   stm32f10x_adc.o
      1294         12          0          0          0       5956   stm32f10x_can.o
       430          6          0          0          0       3559   stm32f10x_gpio.o
        48          4          0          0          0       4119   stm32f10x_it.o
       120         24          0          0          0       2410   stm32f10x_rcc.o
      1094        150          0          0          0      11302   stm32f10x_tim.o
       492         50          0         20          0       2865   system_stm32f10x.o
       294         24          0          4          0      30644   timer.o

    ----------------------------------------------------------------------
      9578       1018        388         36       4720     385374   Object Totals
         0          0         32          0          0          0   (incl. Generated)
        20          0          3          1          2          0   (incl. Padding)

    ----------------------------------------------------------------------

      Code (inc. data)   RO Data    RW Data    ZI Data      Debug   Library Member Name

         8          0          0          0          0         68   __main.o
       392          4         17          0          0         92   __printf_flags_ss_wp.o
        14          0          0          0          0         68   __printf_wp.o
         0          0          0          0          0          0   __rtentry.o
        12          0          0          0          0          0   __rtentry2.o
         6          0          0          0          0          0   __rtentry4.o
        52          8          0          0          0          0   __scatter.o
        26          0          0          0          0          0   __scatter_copy.o
        28          0          0          0          0          0   __scatter_zi.o
         6          0          0          0          0          0   _printf_a.o
         6          0          0          0          0          0   _printf_c.o
        44          0          0          0          0        108   _printf_char.o
        48          6          0          0          0         96   _printf_char_common.o
        40          0          0          0          0         68   _printf_charcount.o
         6          0          0          0          0          0   _printf_d.o
       120         16          0          0          0         92   _printf_dec.o
         6          0          0          0          0          0   _printf_e.o
         6          0          0          0          0          0   _printf_f.o
      1050          0          0          0          0        216   _printf_fp_dec.o
       128         16          0          0          0         84   _printf_fp_infnan.o
         6          0          0          0          0          0   _printf_g.o
       148          4         40          0          0        160   _printf_hex_int_ll_ptr.o
         6          0          0          0          0          0   _printf_i.o
       178          0          0          0          0         88   _printf_intcommon.o
        10          0          0          0          0          0   _printf_l.o
         6          0          0          0          0          0   _printf_lc.o
        10          0          0          0          0          0   _printf_ll.o
         6          0          0          0          0          0   _printf_lld.o
         6          0          0          0          0          0   _printf_lli.o
         6          0          0          0          0          0   _printf_llo.o
         6          0          0          0          0          0   _printf_llu.o
         6          0          0          0          0          0   _printf_llx.o
       124         16          0          0          0         92   _printf_longlong_dec.o
         6          0          0          0          0          0   _printf_ls.o
         6          0          0          0          0          0   _printf_n.o
         6          0          0          0          0          0   _printf_o.o
       112         10          0          0          0        124   _printf_oct_int_ll.o
         6          0          0          0          0          0   _printf_p.o
        78          0          0          0          0        108   _printf_pad.o
         0          0          0          0          0          0   _printf_percent.o
         4          0          0          0          0          0   _printf_percent_end.o
         6          0          0          0          0          0   _printf_s.o
        82          0          0          0          0         80   _printf_str.o
        36          0          0          0          0         84   _printf_truncate.o
         6          0          0          0          0          0   _printf_u.o
        44          0          0          0          0        108   _printf_wchar.o
       188          6          8          0          0         92   _printf_wctomb.o
         6          0          0          0          0          0   _printf_x.o
        16          0          0          0          0         68   _snputc.o
        10          0          0          0          0         68   _sputc.o
        64          0          0          0          0         92   _wcrtomb.o
        22          0          0          0          0         80   abort.o
        46          0          0          0          0         84   aeabi_atexit.o
       220          4        148          0          0         96   bigflt0.o
      1910        128          0          0          0        672   btod.o
        52          4          0          0          0         80   c89vsnprintf.o
        66          0          0          0          0         84   cxa_finalize.o
        48         34          0          0          0         76   defsig_abrt_inner.o
        14          0          0          0          0         80   defsig_abrt_outer.o
        10          0          0          0          0         68   defsig_exit.o
        50          0          0          0          0         88   defsig_general.o
        48         34          0          0          0         76   defsig_pvfn_inner.o
        14          0          0          0          0         80   defsig_pvfn_outer.o
        80         58          0          0          0         76   defsig_rtmem_inner.o
        14          0          0          0          0         80   defsig_rtmem_outer.o
        18          0          0          0          0         80   exit.o
        94          0          0          0          0         80   h1_alloc.o
        52          0          0          0          0         68   h1_extend.o
        78          0          0          0          0         80   h1_free.o
        14          0          0          0          0         84   h1_init.o
         6          0          0          0          0        152   heapauxi.o
         4          0          0          0          0        136   hguard.o
         0          0          0          0          0          0   indicate_semi.o
        36         10          0          0          0         80   init_aeabi.o
       138          0          0          0          0        168   init_alloc.o
        44         10        272          0          0         76   lc_ctype_c.o
        44         10         28          0          0         76   lc_numeric_c.o
         2          0          0          0          0          0   libinit.o
        42          0          0          0          0          0   libinit2.o
         2          0          0          0          0          0   libshutdown.o
         8          0          0          0          0          0   libshutdown2.o
         8          4          0          0         96         68   libspace.o
       138          0          0          0          0         80   lludiv10.o
         0          0          0          0          0          0   maybetermalloc1.o
        16          4          0          0          0         76   rt_ctype_table.o
         8          4          0          0          0         68   rt_ddtor_pointer_addr_intlibspace.o
         8          4          0          0          0         68   rt_eh_globals_addr_intlibspace.o
         8          4          0          0          0         68   rt_heap_descriptor_intlibspace.o
         8          4          0          0          0         68   rt_locale_intlibspace.o
        68          0          0          0          0         68   rt_memclr.o
        78          0          0          0          0         80   rt_memclr_w.o
       138          0          0          0          0         68   rt_memcpy_v6.o
       100          0          0          0          0         80   rt_memcpy_w.o
         8          4          0          0          0         68   rt_new_handler_addr_intlibspace.o
         2          0          0          0          0          0   rtexit.o
        10          0          0          0          0          0   rtexit2.o
       128          0          0          0          0         68   strcmpv7m.o
        72          0          0          0          0         80   strcpy.o
        12          4          0          0          0         68   sys_exit.o
        74          0          0          0          0         80   sys_stackheap_outer.o
        14          0          0          0          0         76   sys_wrch.o
         2          0          0          0          0         68   use_no_semi.o
        80         12          0          0          0        104   arm_exceptions_globs.o
        60          0          0          0          0        108   arm_exceptions_mem.o
        26          0          0          0          0         76   arm_exceptions_terminate.o
         4          0          0          0          0         68   arm_newhandler_noexceptions.o
        40          6          0          0          0         76   new.o
         6          0          0          0          0         68   pure_virt.o
         4          0          0          0          0         68   printf1.o
         0          0          0          0          0          0   usenofp.o
        40          0          0          0          0         68   fpclassify.o

    ----------------------------------------------------------------------
      7546        428        516          0        100       6792   Library Totals
        18          0          3          0          4          0   (incl. Padding)

    ----------------------------------------------------------------------

      Code (inc. data)   RO Data    RW Data    ZI Data      Debug   Library Name

      7268        410        513          0         96       6156   c_w.l
       216         18          0          0          0        500   cpprt_w.l
         4          0          0          0          0         68   fz_ws.l
        40          0          0          0          0         68   m_ws.l

    ----------------------------------------------------------------------
      7546        428        516          0        100       6792   Library Totals

    ----------------------------------------------------------------------

==============================================================================


      Code (inc. data)   RO Data    RW Data    ZI Data      Debug   

     17124       1446        904         36       4820     382126   Grand Totals
     17124       1446        904         36       4820     382126   ELF Image Totals
     17124       1446        904         36          0          0   ROM Totals

==============================================================================

    Total RO  Size (Code + RO Data)                18028 (  17.61kB)
    Total RW  Size (RW Data + ZI Data)              4856 (   4.74kB)
    Total ROM Size (Code + RO Data + RW Data)      18064 (  17.64kB)

==============================================================================

