Component: ARM Compiler 5.06 update 4 (build 422) Tool: armlink [4d35d2]

==============================================================================

Section Cross References

    main.o(i._Z11KBrdIO_Initv) refers to stm32f4xx_rcc.o(i.RCC_AHB1PeriphClockCmd) for RCC_AHB1PeriphClockCmd
    main.o(i._Z11KBrdIO_Initv) refers to stm32f4xx_gpio.o(i.GPIO_Init) for GPIO_Init
    main.o(i._Z12CUsart1_Testv) refers to cxa_guard_acquire.o(i.__cxa_guard_acquire) for __cxa_guard_acquire
    main.o(i._Z12CUsart1_Testv) refers to timer.o(i._ZN5TimerC1Eii) for Timer::Timer(int, int)
    main.o(i._Z12CUsart1_Testv) refers to timer.o(i._ZN5Timer16isAbsoluteTimeUpEv) for Timer::isAbsoluteTimeUp()
    main.o(i._Z12CUsart1_Testv) refers to cusart.o(i._ZN6CUsart17get_BytesInRxFifoEv) for CUsart::get_BytesInRxFifo()
    main.o(i._Z12CUsart1_Testv) refers to cusart.o(i._ZN6CUsart11read_RxFifoEPh) for CUsart::read_RxFifo(unsigned char*)
    main.o(i._Z12CUsart1_Testv) refers to cusart.o(i._ZN6CUsart10send_ArrayEPhh) for CUsart::send_Array(unsigned char*, unsigned char)
    main.o(i._Z12CUsart1_Testv) refers to main.o(.data) for _ZGV_ZZ12CUsart1_TestvE7_Timeup
    main.o(i._Z12CUsart1_Testv) refers to main.o(.bss) for CUsart1_Test()::_Timeup
    main.o(i._Z12CUsart2_Testv) refers to cxa_guard_acquire.o(i.__cxa_guard_acquire) for __cxa_guard_acquire
    main.o(i._Z12CUsart2_Testv) refers to timer.o(i._ZN5TimerC1Eii) for Timer::Timer(int, int)
    main.o(i._Z12CUsart2_Testv) refers to timer.o(i._ZN5Timer16isAbsoluteTimeUpEv) for Timer::isAbsoluteTimeUp()
    main.o(i._Z12CUsart2_Testv) refers to cusart.o(i._ZN6CUsart17get_BytesInRxFifoEv) for CUsart::get_BytesInRxFifo()
    main.o(i._Z12CUsart2_Testv) refers to cusart.o(i._ZN6CUsart11read_RxFifoEPh) for CUsart::read_RxFifo(unsigned char*)
    main.o(i._Z12CUsart2_Testv) refers to cusart.o(i._ZN6CUsart10send_ArrayEPhh) for CUsart::send_Array(unsigned char*, unsigned char)
    main.o(i._Z12CUsart2_Testv) refers to main.o(.data) for _ZGV_ZZ12CUsart2_TestvE7_Timeup
    main.o(i._Z12CUsart2_Testv) refers to main.o(.bss) for CUsart2_Test()::_Timeup
    main.o(i._Z12CUsart3_Testv) refers to cxa_guard_acquire.o(i.__cxa_guard_acquire) for __cxa_guard_acquire
    main.o(i._Z12CUsart3_Testv) refers to timer.o(i._ZN5TimerC1Eii) for Timer::Timer(int, int)
    main.o(i._Z12CUsart3_Testv) refers to timer.o(i._ZN5Timer16isAbsoluteTimeUpEv) for Timer::isAbsoluteTimeUp()
    main.o(i._Z12CUsart3_Testv) refers to cusart.o(i._ZN6CUsart17get_BytesInRxFifoEv) for CUsart::get_BytesInRxFifo()
    main.o(i._Z12CUsart3_Testv) refers to cusart.o(i._ZN6CUsart11read_RxFifoEPh) for CUsart::read_RxFifo(unsigned char*)
    main.o(i._Z12CUsart3_Testv) refers to cusart.o(i._ZN6CUsart10send_ArrayEPhh) for CUsart::send_Array(unsigned char*, unsigned char)
    main.o(i._Z12CUsart3_Testv) refers to main.o(.data) for _ZGV_ZZ12CUsart3_TestvE7_Timeup
    main.o(i._Z12CUsart3_Testv) refers to main.o(.bss) for CUsart3_Test()::_Timeup
    main.o(i._Z12CUsart4_Testv) refers to cxa_guard_acquire.o(i.__cxa_guard_acquire) for __cxa_guard_acquire
    main.o(i._Z12CUsart4_Testv) refers to timer.o(i._ZN5TimerC1Eii) for Timer::Timer(int, int)
    main.o(i._Z12CUsart4_Testv) refers to timer.o(i._ZN5Timer16isAbsoluteTimeUpEv) for Timer::isAbsoluteTimeUp()
    main.o(i._Z12CUsart4_Testv) refers to cusart.o(i._ZN6CUsart17get_BytesInRxFifoEv) for CUsart::get_BytesInRxFifo()
    main.o(i._Z12CUsart4_Testv) refers to cusart.o(i._ZN6CUsart11read_RxFifoEPh) for CUsart::read_RxFifo(unsigned char*)
    main.o(i._Z12CUsart4_Testv) refers to cusart.o(i._ZN6CUsart10send_ArrayEPhh) for CUsart::send_Array(unsigned char*, unsigned char)
    main.o(i._Z12CUsart4_Testv) refers to main.o(.data) for _ZGV_ZZ12CUsart4_TestvE7_Timeup
    main.o(i._Z12CUsart4_Testv) refers to main.o(.bss) for CUsart4_Test()::_Timeup
    main.o(i._Z12CUsart5_Testv) refers to cxa_guard_acquire.o(i.__cxa_guard_acquire) for __cxa_guard_acquire
    main.o(i._Z12CUsart5_Testv) refers to timer.o(i._ZN5TimerC1Eii) for Timer::Timer(int, int)
    main.o(i._Z12CUsart5_Testv) refers to timer.o(i._ZN5Timer16isAbsoluteTimeUpEv) for Timer::isAbsoluteTimeUp()
    main.o(i._Z12CUsart5_Testv) refers to cusart.o(i._ZN6CUsart17get_BytesInRxFifoEv) for CUsart::get_BytesInRxFifo()
    main.o(i._Z12CUsart5_Testv) refers to cusart.o(i._ZN6CUsart11read_RxFifoEPh) for CUsart::read_RxFifo(unsigned char*)
    main.o(i._Z12CUsart5_Testv) refers to cusart.o(i._ZN6CUsart10send_ArrayEPhh) for CUsart::send_Array(unsigned char*, unsigned char)
    main.o(i._Z12CUsart5_Testv) refers to stm32f4xx_usart.o(i.USART_SendData) for USART_SendData
    main.o(i._Z12CUsart5_Testv) refers to main.o(.data) for _ZGV_ZZ12CUsart5_TestvE7_Timeup
    main.o(i._Z12CUsart5_Testv) refers to main.o(.bss) for CUsart5_Test()::_Timeup
    main.o(i._Z13RS485_Connectv) refers to timer.o(i._ZN5Timer5resetEv) for Timer::reset()
[...]
    !!!main                                  0x08000188   Section        8  __main.o(!!!main)
    !!!scatter                               0x08000190   Section       52  __scatter.o(!!!scatter)
    !!handler_copy                           0x080001c4   Section       26  __scatter_copy.o(!!handler_copy)
    !!handler_zi                             0x080001e0   Section       28  __scatter_zi.o(!!handler_zi)
    .ARM.Collect$$libinit$$00000000          0x080001fc   Section        2  libinit.o(.ARM.Collect$$libinit$$00000000)
    .ARM.Collect$$libinit$$00000001          0x080001fe   Section        4  libinit2.o(.ARM.Collect$$libinit$$00000001)
    .ARM.Collect$$libinit$$00000004          0x08000202   Section        0  libinit2.o(.ARM.Collect$$libinit$$00000004)
    .ARM.Collect$$libinit$$00000005          0x08000202   Section        8  libinit2.o(.ARM.Collect$$libinit$$00000005)
    .ARM.Collect$$libinit$$0000000A          0x0800020a   Section        0  libinit2.o(.ARM.Collect$$libinit$$0000000A)
    .ARM.Collect$$libinit$$0000000C          0x0800020a   Section        0  libinit2.o(.ARM.Collect$$libinit$$0000000C)
    .ARM.Collect$$libinit$$0000000E          0x0800020a   Section        0  libinit2.o(.ARM.Collect$$libinit$$0000000E)
    .ARM.Collect$$libinit$$00000011          0x0800020a   Section        0  libinit2.o(.ARM.Collect$$libinit$$00000011)
    .ARM.Collect$$libinit$$00000013          0x0800020a   Section        0  libinit2.o(.ARM.Collect$$libinit$$00000013)
    .ARM.Collect$$libinit$$00000015          0x0800020a   Section        0  libinit2.o(.ARM.Collect$$libinit$$00000015)
    .ARM.Collect$$libinit$$00000017          0x0800020a   Section        0  libinit2.o(.ARM.Collect$$libinit$$00000017)
    .ARM.Collect$$libinit$$00000019          0x0800020a   Section        0  libinit2.o(.ARM.Collect$$libinit$$00000019)
    .ARM.Collect$$libinit$$0000001B          0x0800020a   Section        0  libinit2.o(.ARM.Collect$$libinit$$0000001B)
    .ARM.Collect$$libinit$$0000001D          0x0800020a   Section        0  libinit2.o(.ARM.Collect$$libinit$$0000001D)
    .ARM.Collect$$libinit$$0000001F          0x0800020a   Section        0  libinit2.o(.ARM.Collect$$libinit$$0000001F)
    .ARM.Collect$$libinit$$00000021          0x0800020a   Section        0  libinit2.o(.ARM.Collect$$libinit$$00000021)
    .ARM.Collect$$libinit$$00000023          0x0800020a   Section        0  libinit2.o(.ARM.Collect$$libinit$$00000023)
    .ARM.Collect$$libinit$$00000025          0x0800020a   Section        0  libinit2.o(.ARM.Collect$$libinit$$00000025)
    .ARM.Collect$$libinit$$0000002C          0x0800020a   Section        0  libinit2.o(.ARM.Collect$$libinit$$0000002C)
    .ARM.Collect$$libinit$$0000002E          0x0800020a   Section        0  libinit2.o(.ARM.Collect$$libinit$$0000002E)
    .ARM.Collect$$libinit$$00000030          0x0800020a   Section        0  libinit2.o(.ARM.Collect$$libinit$$00000030)
    .ARM.Collect$$libinit$$00000031          0x0800020a   Section        4  libinit2.o(.ARM.Collect$$libinit$$00000031)
    .ARM.Collect$$libinit$$00000032          0x0800020e   Section        0  libinit2.o(.ARM.Collect$$libinit$$00000032)
    .ARM.Collect$$libinit$$00000033          0x0800020e   Section        2  libinit2.o(.ARM.Collect$$libinit$$00000033)
    .ARM.Collect$$libshutdown$$00000000      0x08000210   Section        2  libshutdown.o(.ARM.Collect$$libshutdown$$00000000)
    .ARM.Collect$$libshutdown$$00000001      0x08000212   Section        6  libshutdown2.o(.ARM.Collect$$libshutdown$$00000001)
    .ARM.Collect$$libshutdown$$00000002      0x08000218   Section        0  libshutdown2.o(.ARM.Collect$$libshutdown$$00000002)
    .ARM.Collect$$libshutdown$$00000004      0x08000218   Section        0  libshutdown2.o(.ARM.Collect$$libshutdown$$00000004)
    .ARM.Collect$$libshutdown$$00000007      0x08000218   Section        0  libshutdown2.o(.ARM.Collect$$libshutdown$$00000007)
    .ARM.Collect$$libshutdown$$0000000A      0x08000218   Section        0  libshutdown2.o(.ARM.Collect$$libshutdown$$0000000A)
    .ARM.Collect$$libshutdown$$0000000C      0x08000218   Section        0  libshutdown2.o(.ARM.Collect$$libshutdown$$0000000C)
    .ARM.Collect$$libshutdown$$0000000F      0x08000218   Section        0  libshutdown2.o(.ARM.Collect$$libshutdown$$0000000F)
    .ARM.Collect$$libshutdown$$00000010      0x08000218   Section        2  libshutdown2.o(.ARM.Collect$$libshutdown$$00000010)
    .ARM.Collect$$rtentry$$00000000          0x0800021a   Section        0  __rtentry.o(.ARM.Collect$$rtentry$$00000000)
    .ARM.Collect$$rtentry$$00000002          0x0800021a   Section        0  __rtentry2.o(.ARM.Collect$$rtentry$$00000002)
    .ARM.Collect$$rtentry$$00000004          0x0800021a   Section        6  __rtentry4.o(.ARM.Collect$$rtentry$$00000004)
    .ARM.Collect$$rtentry$$00000009          0x08000220   Section        0  __rtentry2.o(.ARM.Collect$$rtentry$$00000009)
    .ARM.Collect$$rtentry$$0000000A          0x08000220   Section        4  __rtentry2.o(.ARM.Collect$$rtentry$$0000000A)
    .ARM.Collect$$rtentry$$0000000C          0x08000224   Section        0  __rtentry2.o(.ARM.Collect$$rtentry$$0000000C)
    .ARM.Collect$$rtentry$$0000000D          0x08000224   Section        8  __rtentry2.o(.ARM.Collect$$rtentry$$0000000D)
    .ARM.Collect$$rtexit$$00000000           0x0800022c   Section        2  rtexit.o(.ARM.Collect$$rtexit$$00000000)
    .ARM.Collect$$rtexit$$00000002           0x0800022e   Section        0  rtexit2.o(.ARM.Collect$$rtexit$$00000002)
    .ARM.Collect$$rtexit$$00000003           0x0800022e   Section        4  rtexit2.o(.ARM.Collect$$rtexit$$00000003)
    .ARM.Collect$$rtexit$$00000004           0x08000232   Section        6  rtexit2.o(.ARM.Collect$$rtexit$$00000004)
    .emb_text                                0x08000238   Section        0  maybetermalloc1.o(.emb_text)
    .text                                    0x08000238   Section       64  startup_stm32f40xx.o(.text)
    $v0                                      0x08000238   Number         0  startup_stm32f40xx.o(.text)
    .text                                    0x08000278   Section        0  aeabi_atexit.o(.text)
    .text                                    0x080002a6   Section      138  rt_memcpy_v6.o(.text)
    .text                                    0x08000330   Section      100  rt_memcpy_w.o(.text)
    .text                                    0x08000394   Section       68  rt_memclr.o(.text)
    .text                                    0x080003d8   Section       78  rt_memclr_w.o(.text)
    .text                                    0x08000426   Section        0  heapauxi.o(.text)
    .text                                    0x0800042c   Section        0  init_aeabi.o(.text)
    .text                                    0x08000450   Section        8  rt_new_handler_addr_intlibspace.o(.text)
    .text                                    0x08000458   Section        8  rt_ddtor_pointer_addr_intlibspace.o(.text)
    .text                                    0x08000460   Section        0  h1_alloc.o(.text)
    .text                                    0x080004be   Section        0  cxa_finalize.o(.text)
    .text                                    0x08000500   Section        0  arm_newhandler_noexceptions.o(.text)
    .text                                    0x08000504   Section        8  libspace.o(.text)
    .text                                    0x0800050c   Section        8  rt_heap_descriptor_intlibspace.o(.text)
    .text                                    0x08000514   Section        0  hguard.o(.text)
    .text                                    0x08000518   Section        0  init_alloc.o(.text)
    .text                                    0x080005a2   Section        0  h1_init.o(.text)
    .text                                    0x080005b0   Section        0  h1_free.o(.text)
    .text                                    0x080005fe   Section        0  arm_exceptions_terminate.o(.text)
    .text                                    0x08000618   Section        0  arm_exceptions_globs.o(.text)
    [local to arm_exceptions_c]::__default_terminate_handler() 0x08000619   Thumb Code     6  arm_exceptions_globs.o(.text)
    .text                                    0x08000668   Section       74  sys_stackheap_outer.o(.text)
    .text                                    0x080006b4   Section        8  rt_eh_globals_addr_intlibspace.o(.text)
    .text                                    0x080006bc   Section        0  h1_extend.o(.text)
    .text                                    0x080006f0   Section        0  exit.o(.text)
    .text                                    0x08000702   Section        0  abort.o(.text)
    .text                                    0x08000718   Section        0  defsig_rtmem_outer.o(.text)
    .text                                    0x08000726   Section        0  arm_exceptions_mem.o(.text)
    .text                                    0x08000764   Section        0  sys_exit.o(.text)
    .text                                    0x08000770   Section        2  use_no_semi.o(.text)
    .text                                    0x08000772   Section        0  defsig_exit.o(.text)
    .text                                    0x08000772   Section        0  indicate_semi.o(.text)
    .text                                    0x0800077c   Section        0  defsig_abrt_outer.o(.text)
    .text                                    0x0800078c   Section        0  defsig_rtmem_inner.o(.text)
    .text                                    0x080007dc   Section        0  defsig_general.o(.text)
    .text                                    0x08000810   Section        0  defsig_abrt_inner.o(.text)
    .text                                    0x08000840   Section        0  sys_wrch.o(.text)
    i.BusFault_Handler                       0x0800084e   Section        0  stm32f4xx_it.o(i.BusFault_Handler)
    i.CAN_FIFORelease                        0x08000852   Section        0  stm32f4xx_can.o(i.CAN_FIFORelease)
    i.CAN_FilterInit                         0x08000868   Section        0  stm32f4xx_can.o(i.CAN_FilterInit)
    i.CAN_Init                               0x08000970   Section        0  stm32f4xx_can.o(i.CAN_Init)
    i.CAN_MessagePending                     0x08000a84   Section        0  stm32f4xx_can.o(i.CAN_MessagePending)
    i.CAN_Receive                            0x08000aa2   Section        0  stm32f4xx_can.o(i.CAN_Receive)
    i.CAN_Transmit                           0x08000b92   Section        0  stm32f4xx_can.o(i.CAN_Transmit)
    i.DMA2_Stream7_IRQHandler                0x08000cb8   Section        0  stm32f4xx_it.o(i.DMA2_Stream7_IRQHandler)
    i.DMA_ClearITPendingBit                  0x08000ccc   Section        0  stm32f4xx_dma.o(i.DMA_ClearITPendingBit)
    i.DMA_Cmd                                0x08000d00   Section        0  stm32f4xx_dma.o(i.DMA_Cmd)
    i.DMA_DeInit                             0x08000d18   Section        0  stm32f4xx_dma.o(i.DMA_DeInit)
    i.DMA_Init                               0x08000e70   Section        0  stm32f4xx_dma.o(i.DMA_Init)
    i.DebugMon_Handler                       0x08000ec8   Section        0  stm32f4xx_it.o(i.DebugMon_Handler)
    i.GPIO_Init                              0x08000eca   Section        0  stm32f4xx_gpio.o(i.GPIO_Init)
    i.GPIO_PinAFConfig                       0x08000f5a   Section        0  stm32f4xx_gpio.o(i.GPIO_PinAFConfig)
    i.GPIO_ReadInputDataBit                  0x08000fa0   Section        0  stm32f4xx_gpio.o(i.GPIO_ReadInputDataBit)
    i.GPIO_ResetBits                         0x08000fb2   Section        0  stm32f4xx_gpio.o(i.GPIO_ResetBits)
    i.GPIO_SetBits                           0x08000fb6   Section        0  stm32f4xx_gpio.o(i.GPIO_SetBits)
    i.GPIO_ToggleBits                        0x08000fba   Section        0  stm32f4xx_gpio.o(i.GPIO_ToggleBits)
    i.HardFault_Handler                      0x08000fc2   Section        0  stm32f4xx_it.o(i.HardFault_Handler)
    i.MemManage_Handler                      0x08000fc6   Section        0  stm32f4xx_it.o(i.MemManage_Handler)
    i.NMI_Handler                            0x08000fca   Section        0  stm32f4xx_it.o(i.NMI_Handler)
    i.PendSV_Handler                         0x08000fcc   Section        0  stm32f4xx_it.o(i.PendSV_Handler)
    i.RCC_AHB1PeriphClockCmd                 0x08000fd0   Section        0  stm32f4xx_rcc.o(i.RCC_AHB1PeriphClockCmd)
    i.RCC_APB1PeriphClockCmd                 0x08000ff0   Section        0  stm32f4xx_rcc.o(i.RCC_APB1PeriphClockCmd)
    i.RCC_APB1PeriphResetCmd                 0x08001010   Section        0  stm32f4xx_rcc.o(i.RCC_APB1PeriphResetCmd)
    i.RCC_APB2PeriphClockCmd                 0x08001030   Section        0  stm32f4xx_rcc.o(i.RCC_APB2PeriphClockCmd)
    i.RCC_APB2PeriphResetCmd                 0x08001050   Section        0  stm32f4xx_rcc.o(i.RCC_APB2PeriphResetCmd)
    i.RCC_GetClocksFreq                      0x08001070   Section        0  stm32f4xx_rcc.o(i.RCC_GetClocksFreq)
    i.SVC_Handler                            0x08001158   Section        0  stm32f4xx_it.o(i.SVC_Handler)
    i.SysTick_CLKSourceConfig                0x0800115a   Section        0  misc.o(i.SysTick_CLKSourceConfig)
    i.SysTick_Handler                        0x08001182   Section        0  stm32f4xx_it.o(i.SysTick_Handler)
    i.SystemCoreClockUpdate                  0x0800118c   Section        0  system_stm32f4xx.o(i.SystemCoreClockUpdate)
    i.SystemInit                             0x0800124c   Section        0  system_stm32f4xx.o(i.SystemInit)
    i.USART_Cmd                              0x080012b4   Section        0  stm32f4xx_usart.o(i.USART_Cmd)
    i.USART_DMACmd                           0x080012cc   Section        0  stm32f4xx_usart.o(i.USART_DMACmd)
    i.USART_DeInit                           0x080012e0   Section        0  stm32f4xx_usart.o(i.USART_DeInit)
    i.USART_Init                             0x080013d0   Section        0  stm32f4xx_usart.o(i.USART_Init)
    i.USART_SendData                         0x080014a4   Section        0  stm32f4xx_usart.o(i.USART_SendData)
    i.UsageFault_Handler                     0x080014ac   Section        0  stm32f4xx_it.o(i.UsageFault_Handler)
    i._Z10LED_Togglev                        0x080014b0   Section        0  main.o(i._Z10LED_Togglev)
    i._Z11KBrdIO_Initv                       0x080014dc   Section        0  main.o(i._Z11KBrdIO_Initv)
    i._Z12CUsart1_Testv                      0x08001528   Section        0  main.o(i._Z12CUsart1_Testv)
    i._Z12CUsart2_Testv                      0x080015d0   Section        0  main.o(i._Z12CUsart2_Testv)
    i._Z12CUsart3_Testv                      0x08001678   Section        0  main.o(i._Z12CUsart3_Testv)
    i._Z12CUsart4_Testv                      0x08001720   Section        0  main.o(i._Z12CUsart4_Testv)
    i._Z12CUsart5_Testv                      0x080017c8   Section        0  main.o(i._Z12CUsart5_Testv)
    i._Z13CPUTIMER0_ISRv                     0x0800187c   Section        0  timer.o(i._Z13CPUTIMER0_ISRv)
    i._Z13RS485_Connectv                     0x08001898   Section        0  main.o(i._Z13RS485_Connectv)
    i._Z14GPIO_TogglePinP12GPIO_TypeDeft     0x08001970   Section        0  main.o(i._Z14GPIO_TogglePinP12GPIO_TypeDeft)
    i._Z25CAN1_CommunicationProtcolv         0x08001988   Section        0  main.o(i._Z25CAN1_CommunicationProtcolv)
    i._Z25Can2_CommunicationProtcolv         0x08001b30   Section        0  main.o(i._Z25Can2_CommunicationProtcolv)
    i._Z26RS485_CommunicationProtcolPh       0x08001b88   Section        0  main.o(i._Z26RS485_CommunicationProtcolPh)
    i._Z7IO_Testv                            0x08001c08   Section        0  main.o(i._Z7IO_Testv)
    i._ZN10CBaseTimer10initializeEv          0x08001ca4   Section        0  timer.o(i._ZN10CBaseTimer10initializeEv)
    i._ZN10CBaseTimer7getTimeEv              0x08001d24   Section        0  timer.o(i._ZN10CBaseTimer7getTimeEv)
    i._ZN10CBaseTimer8doUpdateEv             0x08001d2a   Section        0  timer.o(i._ZN10CBaseTimer8doUpdateEv)
    i._ZN10CBaseTimerC1Ev                    0x08001d3a   Section        0  timer.o(i._ZN10CBaseTimerC1Ev)
    i._ZN10CCanRouter11InitCanGpioEi         0x08001d4c   Section        0  ccan.o(i._ZN10CCanRouter11InitCanGpioEi)
    i._ZN10CCanRouter11runReceiverEv         0x08001de0   Section        0  ccan.o(i._ZN10CCanRouter11runReceiverEv)
    i._ZN10CCanRouter13attachMailboxEP13CCanRxMailbox 0x08001e44   Section        0  ccan.o(i._ZN10CCanRouter13attachMailboxEP13CCanRxMailbox)
    i._ZN10CCanRouter14runTransmitterEv      0x08001eac   Section        0  ccan.o(i._ZN10CCanRouter14runTransmitterEv)
    i._ZN10CCanRouter6putMsgER8CanTxMsg      0x08001f2a   Section        0  ccan.o(i._ZN10CCanRouter6putMsgER8CanTxMsg)
    i._ZN10CCanRouter7InitCanEv              0x08001f8c   Section        0  ccan.o(i._ZN10CCanRouter7InitCanEv)
    i._ZN10CCanRouterC1EP11CAN_TypeDefP8CanTxMsgtj 0x08002074   Section        0  ccan.o(i._ZN10CCanRouterC1EP11CAN_TypeDefP8CanTxMsgtj)
    i._ZN10CCanRouterD1Ev                    0x080020f4   Section        0  ccan.o(i._ZN10CCanRouterD1Ev)
    i._ZN13CCanRxMailbox14attachToRouterER10CCanRouter 0x080020f6   Section        0  ccan.o(i._ZN13CCanRxMailbox14attachToRouterER10CCanRouter)
    i._ZN13CCanRxMailbox6getMsgEP8CanRxMsg   0x0800210c   Section        0  ccan.o(i._ZN13CCanRxMailbox6getMsgEP8CanRxMsg)
    i._ZN13CCanRxMailbox7pushMsgERK8CanRxMsg 0x08002150   Section        0  ccan.o(i._ZN13CCanRxMailbox7pushMsgERK8CanRxMsg)
    i._ZN13CCanRxMailbox8setStdIdEt          0x080021b2   Section        0  ccan.o(i._ZN13CCanRxMailbox8setStdIdEt)
    i._ZN13CCanRxMailbox9isIdEqualEPS_       0x080021ba   Section        0  ccan.o(i._ZN13CCanRxMailbox9isIdEqualEPS_)
    i._ZN13CCanRxMailbox9isIdEqualERK8CanRxMsg 0x080021ea   Section        0  ccan.o(i._ZN13CCanRxMailbox9isIdEqualERK8CanRxMsg)
    i._ZN13CCanRxMailboxC1EPNS_7MsgDataEt    0x0800221c   Section        0  ccan.o(i._ZN13CCanRxMailboxC1EPNS_7MsgDataEt)
    i._ZN13CCanRxMailboxD1Ev                 0x08002270   Section        0  main.o(i._ZN13CCanRxMailboxD1Ev)
    i._ZN29_INTERNAL_8_main_cpp_a6ad739f18__NVIC_SystemResetEv 0x08002274   Section        0  main.o(i._ZN29_INTERNAL_8_main_cpp_a6ad739f18__NVIC_SystemResetEv)
    [local to main_cpp]::__NVIC_SystemReset() 0x08002275   Thumb Code    56  main.o(i._ZN29_INTERNAL_8_main_cpp_a6ad739f18__NVIC_SystemResetEv)
    i._ZN40_INTERNAL_18_system_stm32f4xx_c_5d646a6711SetSysClockEv 0x080022b4   Section        0  system_stm32f4xx.o(i._ZN40_INTERNAL_18_system_stm32f4xx_c_5d646a6711SetSysClockEv)
    [local to system_stm32f4xx_c]::SetSysClock() 0x080022b5   Thumb Code   220  system_stm32f4xx.o(i._ZN40_INTERNAL_18_system_stm32f4xx_c_5d646a6711SetSysClockEv)
    i._ZN5Timer16isAbsoluteTimeUpEv          0x080023a0   Section        0  timer.o(i._ZN5Timer16isAbsoluteTimeUpEv)
    i._ZN5Timer5resetEv                      0x080023d0   Section        0  timer.o(i._ZN5Timer5resetEv)
    i._ZN5TimerC1Eii                         0x080023e6   Section        0  timer.o(i._ZN5TimerC1Eii)
    i._ZN6CUsart10BspIOGroupEP13USART_TypeDef 0x08002408   Section        0  cusart.o(i._ZN6CUsart10BspIOGroupEP13USART_TypeDef)
    i._ZN6CUsart10send_ArrayEPhh             0x08002464   Section        0  cusart.o(i._ZN6CUsart10send_ArrayEPhh)
    i._ZN6CUsart11InitSciGpioEv              0x08002498   Section        0  cusart.o(i._ZN6CUsart11InitSciGpioEv)
    i._ZN6CUsart11forceEnableEv              0x080025f0   Section        0  cusart.o(i._ZN6CUsart11forceEnableEv)
    i._ZN6CUsart11read_RxFifoEPh             0x08002612   Section        0  cusart.o(i._ZN6CUsart11read_RxFifoEPh)
    i._ZN6CUsart12clear_rxFifoEv             0x08002682   Section        0  cusart.o(i._ZN6CUsart12clear_rxFifoEv)
    i._ZN6CUsart17get_BytesInRxFifoEv        0x080026c2   Section        0  cusart.o(i._ZN6CUsart17get_BytesInRxFifoEv)
    i._ZN6CUsart5RxDMAEP13USART_TypeDef      0x080026d0   Section        0  cusart.o(i._ZN6CUsart5RxDMAEP13USART_TypeDef)
    i._ZN6CUsart5TxDMAEP13USART_TypeDef      0x0800273c   Section        0  cusart.o(i._ZN6CUsart5TxDMAEP13USART_TypeDef)
    i._ZN6CUsart7InitSciEv                   0x080027a8   Section        0  cusart.o(i._ZN6CUsart7InitSciEv)
    i._ZN6CUsartC1EP13USART_TypeDefPhtj      0x08002970   Section        0  cusart.o(i._ZN6CUsartC1EP13USART_TypeDefPhtj)
    i._ZN6CUsartD1Ev                         0x08002a76   Section        0  cusart.o(i._ZN6CUsartD1Ev)
    i._Znwj                                  0x08002a78   Section        0  new.o(i._Znwj)
    i.__cxa_guard_acquire                    0x08002aa0   Section        0  cxa_guard_acquire.o(i.__cxa_guard_acquire)
    i.__sti___8_CCan_cpp_8232fc5b            0x08002ab0   Section        0  ccan.o(i.__sti___8_CCan_cpp_8232fc5b)
    __sti___8_CCan_cpp_8232fc5b              0x08002ab1   Thumb Code    56  ccan.o(i.__sti___8_CCan_cpp_8232fc5b)
    i.__sti___8_main_cpp_a6ad739f            0x08002b0c   Section        0  main.o(i.__sti___8_main_cpp_a6ad739f)
    __sti___8_main_cpp_a6ad739f              0x08002b0d   Thumb Code   256  main.o(i.__sti___8_main_cpp_a6ad739f)
    i.main                                   0x08002c80   Section        0  main.o(i.main)
    t._ZN15NormalSingletonI10CBaseTimerE8InstanceEv 0x08002e40   Section        0  timer.o(t._ZN15NormalSingletonI10CBaseTimerE8InstanceEv)
    t._ZN7ringqueIN13CCanRxMailbox7MsgDataEE3popEv 0x08002e64   Section        0  ccan.o(t._ZN7ringqueIN13CCanRxMailbox7MsgDataEE3popEv)
    t._ZNK7ringqueI8CanTxMsgE10elemsInQueEv  0x08002e98   Section        0  ccan.o(t._ZNK7ringqueI8CanTxMsgE10elemsInQueEv)
    t._ZNK7ringqueIN13CCanRxMailbox7MsgDataEE10elemsInQueEv 0x08002eb2   Section        0  ccan.o(t._ZNK7ringqueIN13CCanRxMailbox7MsgDataEE10elemsInQueEv)
    x$fpl$fpinit                             0x08002ecc   Section       10  fpinit.o(x$fpl$fpinit)
    $v0                                      0x08002ecc   Number         0  fpinit.o(x$fpl$fpinit)
    .constdata__ZTV13CCanRxMailbox           0x08002ed8   Section       12  ccan.o(.constdata__ZTV13CCanRxMailbox)
    .init_array                              0x08002f04   Section        4  main.o(.init_array)
    .init_array                              0x08002f08   Section        4  ccan.o(.init_array)
    .init_array                              0x08002f0c   Section        0  init_aeabi.o(.init_array)
    .data                                    0x20000000   Section       57  main.o(.data)
    _ZGV_ZZ25CAN1_CommunicationProtcolvE12CanTxTimeOut 0x20000008   Data           4  main.o(.data)
    _ZGV_ZZ25CAN1_CommunicationProtcolvE13CanRxTimeOut2 0x2000000c   Data           4  main.o(.data)
    _ZGV_ZZ25CAN1_CommunicationProtcolvE13CanRxTimeOut1 0x20000010   Data           4  main.o(.data)
    _ZGV_ZZ12CUsart1_TestvE7_Timeup          0x20000014   Data           4  main.o(.data)
    CUsart1_Test()::_i                       0x20000018   Data           1  main.o(.data)
    _ZGV_ZZ12CUsart2_TestvE7_Timeup          0x2000001c   Data           4  main.o(.data)
    CUsart2_Test()::_i                       0x20000020   Data           1  main.o(.data)
    _ZGV_ZZ12CUsart3_TestvE7_Timeup          0x20000024   Data           4  main.o(.data)
    CUsart3_Test()::_i                       0x20000028   Data           1  main.o(.data)
    _ZGV_ZZ12CUsart4_TestvE7_Timeup          0x2000002c   Data           4  main.o(.data)
    CUsart4_Test()::_i                       0x20000030   Data           1  main.o(.data)
    _ZGV_ZZ12CUsart5_TestvE7_Timeup          0x20000034   Data           4  main.o(.data)
    CUsart5_Test()::_i                       0x20000038   Data           1  main.o(.data)
    .data                                    0x20000039   Section       16  stm32f4xx_rcc.o(.data)
    APBAHBPrescTable                         0x20000039   Data          16  stm32f4xx_rcc.o(.data)
    .data                                    0x2000004c   Section       20  system_stm32f4xx.o(.data)
    .data__ZN15NormalSingletonI10CBaseTimerE3insE 0x20000060   Section        4  main.o(.data__ZN15NormalSingletonI10CBaseTimerE3insE)
    .bss                                     0x20000064   Section      924  main.o(.bss)
    CAN1_CommunicationProtcol()::CanRxTimeOut1 0x200003a0   Data          12  main.o(.bss)
    CAN1_CommunicationProtcol()::CanRxTimeOut2 0x200003ac   Data          12  main.o(.bss)
    CAN1_CommunicationProtcol()::CanTxTimeOut 0x200003b8   Data          12  main.o(.bss)
    CUsart1_Test()::_Timeup                  0x200003c4   Data          12  main.o(.bss)
    CUsart2_Test()::_Timeup                  0x200003d0   Data          12  main.o(.bss)
    CUsart3_Test()::_Timeup                  0x200003dc   Data          12  main.o(.bss)
    CUsart4_Test()::_Timeup                  0x200003e8   Data          12  main.o(.bss)
    CUsart5_Test()::_Timeup                  0x200003f4   Data          12  main.o(.bss)
    .bss                                     0x20000400   Section     1120  ccan.o(.bss)
    <unnamed namespace _8_CCan_cpp_8232fc5b>::router1_txQueBuf 0x20000540   Data         400  ccan.o(.bss)
    <unnamed namespace _8_CCan_cpp_8232fc5b>::router2_txQueBuf 0x200006d0   Data         400  ccan.o(.bss)
    .bss                                     0x20000860   Section       96  libspace.o(.bss)
    HEAP                                     0x200008c0   Section     4096  startup_stm32f40xx.o(HEAP)
    Heap_Mem                                 0x200008c0   Data        4096  startup_stm32f40xx.o(HEAP)
    STACK                                    0x200018c0   Section     8192  startup_stm32f40xx.o(STACK)
    Stack_Mem                                0x200018c0   Data        8192  startup_stm32f40xx.o(STACK)
    __initial_sp                             0x200038c0   Data           0  startup_stm32f40xx.o(STACK)

    Global Symbols

    Symbol Name                              Value     Ov Type        Size  Object(Section)

    BuildAttributes$$THM_ISAv4$E$P$D$K$B$S$7EM$VFPi3$EXTD16$VFPS$VFMA$PE$A:L22UL41UL21$X:L11$S22US41US21$IEEE1$IW$USESV6$~STKCKD$USESV7$~SHL$OTIME$ROPI$EBA8$UX$STANDARDLIB$REQ8$PRES8$EABIv2 0x00000000   Number         0  anon$$obj.o ABSOLUTE
    __ARM_use_no_argv                        0x00000000   Number         0  main.o ABSOLUTE
    SHT$$ARM_EXIDX$$Base                      - Undefined Reference
    SHT$$ARM_EXIDX$$Limit                     - Undefined Reference
    __ARM::default_unexpected_handler()       - Undefined Weak Reference
    __ARM_exceptions_buffer_required          - Undefined Weak Reference
    __ARM_exceptions_init                     - Undefined Weak Reference
    __aeabi_unwind_cpp_pr1                    - Undefined Weak Reference
    __aeabi_unwind_cpp_pr2                    - Undefined Weak Reference
    __alloca_initialize                       - Undefined Weak Reference
    __arm_preinit_                            - Undefined Weak Reference
    __cxa_begin_cleanup                       - Undefined Weak Reference
    __cxa_type_match                          - Undefined Weak Reference
    __rt_locale                               - Undefined Weak Reference
    __sigvec_lookup                           - Undefined Weak Reference
    __user_heap_extent                        - Undefined Weak Reference
    _atexit_init                              - Undefined Weak Reference
    _call_atexit_fns                          - Undefined Weak Reference
    _clock_init                               - Undefined Weak Reference
    _fp_trap_init                             - Undefined Weak Reference
    _fp_trap_shutdown                         - Undefined Weak Reference
    _get_lc_collate                           - Undefined Weak Reference
    _get_lc_ctype                             - Undefined Weak Reference
    _get_lc_monetary                          - Undefined Weak Reference
    _get_lc_numeric                           - Undefined Weak Reference
    _get_lc_time                              - Undefined Weak Reference
    _getenv_init                              - Undefined Weak Reference
    _handle_redirection                       - Undefined Weak Reference
    _initio                                   - Undefined Weak Reference
    _mutex_acquire                            - Undefined Weak Reference
    _mutex_free                               - Undefined Weak Reference
    _mutex_release                            - Undefined Weak Reference
    _rand_init                                - Undefined Weak Reference
    _signal_finish                            - Undefined Weak Reference
    _signal_init                              - Undefined Weak Reference
    _terminateio                              - Undefined Weak Reference
    __Vectors_Size                           0x00000188   Number         0  startup_stm32f40xx.o ABSOLUTE
    __Vectors                                0x08000000   Data           4  startup_stm32f40xx.o(RESET)
    __dso_handle                             0x08000000   Number         0  startup_stm32f40xx.o(RESET)
    __Vectors_End                            0x08000188   Data           0  startup_stm32f40xx.o(RESET)
    __main                                   0x08000189   Thumb Code     8  __main.o(!!!main)
    __scatterload                            0x08000191   Thumb Code     0  __scatter.o(!!!scatter)
    __scatterload_rt2                        0x08000191   Thumb Code    44  __scatter.o(!!!scatter)
    __scatterload_rt2_thumb_only             0x08000191   Thumb Code     0  __scatter.o(!!!scatter)
    __scatterload_null                       0x0800019f   Thumb Code     0  __scatter.o(!!!scatter)
    __scatterload_copy                       0x080001c5   Thumb Code    26  __scatter_copy.o(!!handler_copy)
    __scatterload_zeroinit                   0x080001e1   Thumb Code    28  __scatter_zi.o(!!handler_zi)
    __rt_lib_init                            0x080001fd   Thumb Code     0  libinit.o(.ARM.Collect$$libinit$$00000000)
    __rt_lib_init_fp_1                       0x080001ff   Thumb Code     0  libinit2.o(.ARM.Collect$$libinit$$00000001)
    __rt_lib_init_heap_2                     0x08000203   Thumb Code     0  libinit2.o(.ARM.Collect$$libinit$$00000005)
    __rt_lib_init_preinit_1                  0x08000203   Thumb Code     0  libinit2.o(.ARM.Collect$$libinit$$00000004)
    __rt_lib_init_alloca_1                   0x0800020b   Thumb Code     0  libinit2.o(.ARM.Collect$$libinit$$0000002E)
    __rt_lib_init_argv_1                     0x0800020b   Thumb Code     0  libinit2.o(.ARM.Collect$$libinit$$0000002C)
    __rt_lib_init_atexit_1                   0x0800020b   Thumb Code     0  libinit2.o(.ARM.Collect$$libinit$$0000001B)
    __rt_lib_init_clock_1                    0x0800020b   Thumb Code     0  libinit2.o(.ARM.Collect$$libinit$$00000021)
    __rt_lib_init_cpp_2                      0x0800020b   Thumb Code     0  libinit2.o(.ARM.Collect$$libinit$$00000031)
    __rt_lib_init_exceptions_1               0x0800020b   Thumb Code     0  libinit2.o(.ARM.Collect$$libinit$$00000030)
    __rt_lib_init_fp_trap_1                  0x0800020b   Thumb Code     0  libinit2.o(.ARM.Collect$$libinit$$0000001F)
    __rt_lib_init_getenv_1                   0x0800020b   Thumb Code     0  libinit2.o(.ARM.Collect$$libinit$$00000023)
    __rt_lib_init_heap_1                     0x0800020b   Thumb Code     0  libinit2.o(.ARM.Collect$$libinit$$0000000A)
    __rt_lib_init_lc_collate_1               0x0800020b   Thumb Code     0  libinit2.o(.ARM.Collect$$libinit$$00000011)
    __rt_lib_init_lc_ctype_1                 0x0800020b   Thumb Code     0  libinit2.o(.ARM.Collect$$libinit$$00000013)
    __rt_lib_init_lc_monetary_1              0x0800020b   Thumb Code     0  libinit2.o(.ARM.Collect$$libinit$$00000015)
    __rt_lib_init_lc_numeric_1               0x0800020b   Thumb Code     0  libinit2.o(.ARM.Collect$$libinit$$00000017)
    __rt_lib_init_lc_time_1                  0x0800020b   Thumb Code     0  libinit2.o(.ARM.Collect$$libinit$$00000019)
    __rt_lib_init_rand_1                     0x0800020b   Thumb Code     0  libinit2.o(.ARM.Collect$$libinit$$0000000E)
    __rt_lib_init_signal_1                   0x0800020b   Thumb Code     0  libinit2.o(.ARM.Collect$$libinit$$0000001D)
    __rt_lib_init_stdio_1                    0x0800020b   Thumb Code     0  libinit2.o(.ARM.Collect$$libinit$$00000025)
    __rt_lib_init_user_alloc_1               0x0800020b   Thumb Code     0  libinit2.o(.ARM.Collect$$libinit$$0000000C)
    __rt_lib_init_cpp_1                      0x0800020f   Thumb Code     0  libinit2.o(.ARM.Collect$$libinit$$00000032)
    __rt_lib_init_return                     0x0800020f   Thumb Code     0  libinit2.o(.ARM.Collect$$libinit$$00000033)
    __rt_lib_shutdown                        0x08000211   Thumb Code     0  libshutdown.o(.ARM.Collect$$libshutdown$$00000000)
    __rt_lib_shutdown_cpp_2                  0x08000213   Thumb Code     0  libshutdown2.o(.ARM.Collect$$libshutdown$$00000001)
    __rt_lib_shutdown_cpp_1                  0x08000219   Thumb Code     0  libshutdown2.o(.ARM.Collect$$libshutdown$$00000002)
    __rt_lib_shutdown_fp_trap_1              0x08000219   Thumb Code     0  libshutdown2.o(.ARM.Collect$$libshutdown$$00000007)
    __rt_lib_shutdown_heap_1                 0x08000219   Thumb Code     0  libshutdown2.o(.ARM.Collect$$libshutdown$$0000000F)
    __rt_lib_shutdown_return                 0x08000219   Thumb Code     0  libshutdown2.o(.ARM.Collect$$libshutdown$$00000010)
    __rt_lib_shutdown_signal_1               0x08000219   Thumb Code     0  libshutdown2.o(.ARM.Collect$$libshutdown$$0000000A)
    __rt_lib_shutdown_stdio_1                0x08000219   Thumb Code     0  libshutdown2.o(.ARM.Collect$$libshutdown$$00000004)
    __rt_lib_shutdown_user_alloc_1           0x08000219   Thumb Code     0  libshutdown2.o(.ARM.Collect$$libshutdown$$0000000C)
    __rt_entry                               0x0800021b   Thumb Code     0  __rtentry.o(.ARM.Collect$$rtentry$$00000000)
    __rt_entry_presh_1                       0x0800021b   Thumb Code     0  __rtentry2.o(.ARM.Collect$$rtentry$$00000002)
    __rt_entry_sh                            0x0800021b   Thumb Code     0  __rtentry4.o(.ARM.Collect$$rtentry$$00000004)
    __rt_entry_li                            0x08000221   Thumb Code     0  __rtentry2.o(.ARM.Collect$$rtentry$$0000000A)
    __rt_entry_postsh_1                      0x08000221   Thumb Code     0  __rtentry2.o(.ARM.Collect$$rtentry$$00000009)
    __rt_entry_main                          0x08000225   Thumb Code     0  __rtentry2.o(.ARM.Collect$$rtentry$$0000000D)
    __rt_entry_postli_1                      0x08000225   Thumb Code     0  __rtentry2.o(.ARM.Collect$$rtentry$$0000000C)
    __rt_exit                                0x0800022d   Thumb Code     0  rtexit.o(.ARM.Collect$$rtexit$$00000000)
    __rt_exit_ls                             0x0800022f   Thumb Code     0  rtexit2.o(.ARM.Collect$$rtexit$$00000003)
    __rt_exit_prels_1                        0x0800022f   Thumb Code     0  rtexit2.o(.ARM.Collect$$rtexit$$00000002)
    __rt_exit_exit                           0x08000233   Thumb Code     0  rtexit2.o(.ARM.Collect$$rtexit$$00000004)
    Reset_Handler                            0x08000239   Thumb Code     8  startup_stm32f40xx.o(.text)
    _maybe_terminate_alloc                   0x08000239   Thumb Code     0  maybetermalloc1.o(.emb_text)
    ADC_IRQHandler                           0x08000253   Thumb Code     0  startup_stm32f40xx.o(.text)
    CAN1_RX0_IRQHandler                      0x08000253   Thumb Code     0  startup_stm32f40xx.o(.text)
    CAN1_RX1_IRQHandler                      0x08000253   Thumb Code     0  startup_stm32f40xx.o(.text)
    CAN1_SCE_IRQHandler                      0x08000253   Thumb Code     0  startup_stm32f40xx.o(.text)
    CAN1_TX_IRQHandler                       0x08000253   Thumb Code     0  startup_stm32f40xx.o(.text)
    CAN2_RX0_IRQHandler                      0x08000253   Thumb Code     0  startup_stm32f40xx.o(.text)
    CAN2_RX1_IRQHandler                      0x08000253   Thumb Code     0  startup_stm32f40xx.o(.text)
    CAN2_SCE_IRQHandler                      0x08000253   Thumb Code     0  startup_stm32f40xx.o(.text)
    CAN2_TX_IRQHandler                       0x08000253   Thumb Code     0  startup_stm32f40xx.o(.text)
    CRYP_IRQHandler                          0x08000253   Thumb Code     0  startup_stm32f40xx.o(.text)
    DCMI_IRQHandler                          0x08000253   Thumb Code     0  startup_stm32f40xx.o(.text)
    DMA1_Stream0_IRQHandler                  0x08000253   Thumb Code     0  startup_stm32f40xx.o(.text)
    DMA1_Stream1_IRQHandler                  0x08000253   Thumb Code     0  startup_stm32f40xx.o(.text)
    DMA1_Stream2_IRQHandler                  0x08000253   Thumb Code     0  startup_stm32f40xx.o(.text)
    DMA1_Stream3_IRQHandler                  0x08000253   Thumb Code     0  startup_stm32f40xx.o(.text)
    DMA1_Stream4_IRQHandler                  0x08000253   Thumb Code     0  startup_stm32f40xx.o(.text)
    DMA1_Stream5_IRQHandler                  0x08000253   Thumb Code     0  startup_stm32f40xx.o(.text)
    DMA1_Stream6_IRQHandler                  0x08000253   Thumb Code     0  startup_stm32f40xx.o(.text)
    DMA1_Stream7_IRQHandler                  0x08000253   Thumb Code     0  startup_stm32f40xx.o(.text)
    DMA2_Stream0_IRQHandler                  0x08000253   Thumb Code     0  startup_stm32f40xx.o(.text)
    DMA2_Stream1_IRQHandler                  0x08000253   Thumb Code     0  startup_stm32f40xx.o(.text)
    DMA2_Stream2_IRQHandler                  0x08000253   Thumb Code     0  startup_stm32f40xx.o(.text)
    DMA2_Stream3_IRQHandler                  0x08000253   Thumb Code     0  startup_stm32f40xx.o(.text)
    DMA2_Stream4_IRQHandler                  0x08000253   Thumb Code     0  startup_stm32f40xx.o(.text)
    DMA2_Stream5_IRQHandler                  0x08000253   Thumb Code     0  startup_stm32f40xx.o(.text)
    DMA2_Stream6_IRQHandler                  0x08000253   Thumb Code     0  startup_stm32f40xx.o(.text)
    ETH_IRQHandler                           0x08000253   Thumb Code     0  startup_stm32f40xx.o(.text)
    ETH_WKUP_IRQHandler                      0x08000253   Thumb Code     0  startup_stm32f40xx.o(.text)
    EXTI0_IRQHandler                         0x08000253   Thumb Code     0  startup_stm32f40xx.o(.text)
    EXTI15_10_IRQHandler                     0x08000253   Thumb Code     0  startup_stm32f40xx.o(.text)
    EXTI1_IRQHandler                         0x08000253   Thumb Code     0  startup_stm32f40xx.o(.text)
    EXTI2_IRQHandler                         0x08000253   Thumb Code     0  startup_stm32f40xx.o(.text)
    EXTI3_IRQHandler                         0x08000253   Thumb Code     0  startup_stm32f40xx.o(.text)
    EXTI4_IRQHandler                         0x08000253   Thumb Code     0  startup_stm32f40xx.o(.text)
    EXTI9_5_IRQHandler                       0x08000253   Thumb Code     0  startup_stm32f40xx.o(.text)
    FLASH_IRQHandler                         0x08000253   Thumb Code     0  startup_stm32f40xx.o(.text)
    FPU_IRQHandler                           0x08000253   Thumb Code     0  startup_stm32f40xx.o(.text)
    FSMC_IRQHandler                          0x08000253   Thumb Code     0  startup_stm32f40xx.o(.text)
    HASH_RNG_IRQHandler                      0x08000253   Thumb Code     0  startup_stm32f40xx.o(.text)
    I2C1_ER_IRQHandler                       0x08000253   Thumb Code     0  startup_stm32f40xx.o(.text)
    I2C1_EV_IRQHandler                       0x08000253   Thumb Code     0  startup_stm32f40xx.o(.text)
    I2C2_ER_IRQHandler                       0x08000253   Thumb Code     0  startup_stm32f40xx.o(.text)
    I2C2_EV_IRQHandler                       0x08000253   Thumb Code     0  startup_stm32f40xx.o(.text)
    I2C3_ER_IRQHandler                       0x08000253   Thumb Code     0  startup_stm32f40xx.o(.text)
    I2C3_EV_IRQHandler                       0x08000253   Thumb Code     0  startup_stm32f40xx.o(.text)
    OTG_FS_IRQHandler                        0x08000253   Thumb Code     0  startup_stm32f40xx.o(.text)
    OTG_FS_WKUP_IRQHandler                   0x08000253   Thumb Code     0  startup_stm32f40xx.o(.text)
    OTG_HS_EP1_IN_IRQHandler                 0x08000253   Thumb Code     0  startup_stm32f40xx.o(.text)
    OTG_HS_EP1_OUT_IRQHandler                0x08000253   Thumb Code     0  startup_stm32f40xx.o(.text)
    OTG_HS_IRQHandler                        0x08000253   Thumb Code     0  startup_stm32f40xx.o(.text)
    OTG_HS_WKUP_IRQHandler                   0x08000253   Thumb Code     0  startup_stm32f40xx.o(.text)
    PVD_IRQHandler                           0x08000253   Thumb Code     0  startup_stm32f40xx.o(.text)
    RCC_IRQHandler                           0x08000253   Thumb Code     0  startup_stm32f40xx.o(.text)
    RTC_Alarm_IRQHandler                     0x08000253   Thumb Code     0  startup_stm32f40xx.o(.text)
    RTC_WKUP_IRQHandler                      0x08000253   Thumb Code     0  startup_stm32f40xx.o(.text)
    SDIO_IRQHandler                          0x08000253   Thumb Code     0  startup_stm32f40xx.o(.text)
    SPI1_IRQHandler                          0x08000253   Thumb Code     0  startup_stm32f40xx.o(.text)
    SPI2_IRQHandler                          0x08000253   Thumb Code     0  startup_stm32f40xx.o(.text)
    SPI3_IRQHandler                          0x08000253   Thumb Code     0  startup_stm32f40xx.o(.text)
    TAMP_STAMP_IRQHandler                    0x08000253   Thumb Code     0  startup_stm32f40xx.o(.text)
    TIM1_BRK_TIM9_IRQHandler                 0x08000253   Thumb Code     0  startup_stm32f40xx.o(.text)
    TIM1_CC_IRQHandler                       0x08000253   Thumb Code     0  startup_stm32f40xx.o(.text)
    TIM1_TRG_COM_TIM11_IRQHandler            0x08000253   Thumb Code     0  startup_stm32f40xx.o(.text)
    TIM1_UP_TIM10_IRQHandler                 0x08000253   Thumb Code     0  startup_stm32f40xx.o(.text)
    TIM2_IRQHandler                          0x08000253   Thumb Code     0  startup_stm32f40xx.o(.text)
    TIM3_IRQHandler                          0x08000253   Thumb Code     0  startup_stm32f40xx.o(.text)
    TIM4_IRQHandler                          0x08000253   Thumb Code     0  startup_stm32f40xx.o(.text)
    TIM5_IRQHandler                          0x08000253   Thumb Code     0  startup_stm32f40xx.o(.text)
    TIM6_DAC_IRQHandler                      0x08000253   Thumb Code     0  startup_stm32f40xx.o(.text)
    TIM7_IRQHandler                          0x08000253   Thumb Code     0  startup_stm32f40xx.o(.text)
    TIM8_BRK_TIM12_IRQHandler                0x08000253   Thumb Code     0  startup_stm32f40xx.o(.text)
    TIM8_CC_IRQHandler                       0x08000253   Thumb Code     0  startup_stm32f40xx.o(.text)
    TIM8_TRG_COM_TIM14_IRQHandler            0x08000253   Thumb Code     0  startup_stm32f40xx.o(.text)
    TIM8_UP_TIM13_IRQHandler                 0x08000253   Thumb Code     0  startup_stm32f40xx.o(.text)
    UART4_IRQHandler                         0x08000253   Thumb Code     0  startup_stm32f40xx.o(.text)
    UART5_IRQHandler                         0x08000253   Thumb Code     0  startup_stm32f40xx.o(.text)
    USART1_IRQHandler                        0x08000253   Thumb Code     0  startup_stm32f40xx.o(.text)
    USART2_IRQHandler                        0x08000253   Thumb Code     0  startup_stm32f40xx.o(.text)
    USART3_IRQHandler                        0x08000253   Thumb Code     0  startup_stm32f40xx.o(.text)
    USART6_IRQHandler                        0x08000253   Thumb Code     0  startup_stm32f40xx.o(.text)
    WWDG_IRQHandler                          0x08000253   Thumb Code     0  startup_stm32f40xx.o(.text)
    __user_initial_stackheap                 0x08000255   Thumb Code     0  startup_stm32f40xx.o(.text)
    __aeabi_atexit                           0x08000279   Thumb Code    46  aeabi_atexit.o(.text)
    __aeabi_memcpy                           0x080002a7   Thumb Code     0  rt_memcpy_v6.o(.text)
    __rt_memcpy                              0x080002a7   Thumb Code   138  rt_memcpy_v6.o(.text)
    _memcpy_lastbytes                        0x0800030d   Thumb Code     0  rt_memcpy_v6.o(.text)
    __aeabi_memcpy4                          0x08000331   Thumb Code     0  rt_memcpy_w.o(.text)
    __aeabi_memcpy8                          0x08000331   Thumb Code     0  rt_memcpy_w.o(.text)
    __rt_memcpy_w                            0x08000331   Thumb Code   100  rt_memcpy_w.o(.text)
    _memcpy_lastbytes_aligned                0x08000379   Thumb Code     0  rt_memcpy_w.o(.text)
    __aeabi_memclr                           0x08000395   Thumb Code     0  rt_memclr.o(.text)
    __rt_memclr                              0x08000395   Thumb Code    68  rt_memclr.o(.text)
    _memset                                  0x08000399   Thumb Code     0  rt_memclr.o(.text)
    __aeabi_memclr4                          0x080003d9   Thumb Code     0  rt_memclr_w.o(.text)
    __aeabi_memclr8                          0x080003d9   Thumb Code     0  rt_memclr_w.o(.text)
    __rt_memclr_w                            0x080003d9   Thumb Code    78  rt_memclr_w.o(.text)
    _memset_w                                0x080003dd   Thumb Code     0  rt_memclr_w.o(.text)
    __use_two_region_memory                  0x08000427   Thumb Code     2  heapauxi.o(.text)
    __rt_heap_escrow                         0x08000429   Thumb Code     2  heapauxi.o(.text)
    __rt_heap_expand                         0x0800042b   Thumb Code     2  heapauxi.o(.text)
    __cpp_initialize__aeabi_                 0x0800042d   Thumb Code    26  init_aeabi.o(.text)
    __rt_new_handler_addr                    0x08000451   Thumb Code     8  rt_new_handler_addr_intlibspace.o(.text)
    __rt_ddtor_pointer_addr                  0x08000459   Thumb Code     8  rt_ddtor_pointer_addr_intlibspace.o(.text)
    malloc                                   0x08000461   Thumb Code    94  h1_alloc.o(.text)
    __cxa_finalize                           0x080004bf   Thumb Code    66  cxa_finalize.o(.text)
    __default_new_handler()                  0x08000501   Thumb Code     4  arm_newhandler_noexceptions.o(.text)
    __user_libspace                          0x08000505   Thumb Code     8  libspace.o(.text)
    __user_perproc_libspace                  0x08000505   Thumb Code     0  libspace.o(.text)
    __user_perthread_libspace                0x08000505   Thumb Code     0  libspace.o(.text)
    __rt_heap_descriptor                     0x0800050d   Thumb Code     8  rt_heap_descriptor_intlibspace.o(.text)
    __use_no_heap                            0x08000515   Thumb Code     2  hguard.o(.text)
    __heap$guard                             0x08000517   Thumb Code     2  hguard.o(.text)
    _terminate_user_alloc                    0x08000519   Thumb Code     2  init_alloc.o(.text)
    _init_user_alloc                         0x0800051b   Thumb Code     2  init_alloc.o(.text)
    __Heap_Full                              0x0800051d   Thumb Code    34  init_alloc.o(.text)
    __Heap_Broken                            0x0800053f   Thumb Code     6  init_alloc.o(.text)
    _init_alloc                              0x08000545   Thumb Code    94  init_alloc.o(.text)
    __Heap_Initialize                        0x080005a3   Thumb Code    10  h1_init.o(.text)
    __Heap_DescSize                          0x080005ad   Thumb Code     4  h1_init.o(.text)
    free                                     0x080005b1   Thumb Code    78  h1_free.o(.text)
    std::terminate()                         0x080005ff   Thumb Code    26  arm_exceptions_terminate.o(.text)
    __cxa_get_globals                        0x0800061f   Thumb Code    62  arm_exceptions_globs.o(.text)
    __user_setup_stackheap                   0x08000669   Thumb Code    74  sys_stackheap_outer.o(.text)
    __rt_eh_globals_addr                     0x080006b5   Thumb Code     8  rt_eh_globals_addr_intlibspace.o(.text)
    __Heap_ProvideMemory                     0x080006bd   Thumb Code    52  h1_extend.o(.text)
    exit                                     0x080006f1   Thumb Code    18  exit.o(.text)
    abort                                    0x08000703   Thumb Code    22  abort.o(.text)
    __rt_SIGRTMEM                            0x08000719   Thumb Code    14  defsig_rtmem_outer.o(.text)
    __ARM_exceptions_buffer_init             0x08000727   Thumb Code    18  arm_exceptions_mem.o(.text)
    __ARM_exceptions_buffer_allocate         0x08000739   Thumb Code    22  arm_exceptions_mem.o(.text)
    __ARM_exceptions_buffer_free             0x0800074f   Thumb Code    20  arm_exceptions_mem.o(.text)
    _sys_exit                                0x08000765   Thumb Code     8  sys_exit.o(.text)
    __I$use$semihosting                      0x08000771   Thumb Code     0  use_no_semi.o(.text)
    __use_no_semihosting_swi                 0x08000771   Thumb Code     2  use_no_semi.o(.text)
    __semihosting_library_function           0x08000773   Thumb Code     0  indicate_semi.o(.text)
    __sig_exit                               0x08000773   Thumb Code    10  defsig_exit.o(.text)
    __rt_SIGABRT                             0x0800077d   Thumb Code    14  defsig_abrt_outer.o(.text)
    __rt_SIGRTMEM_inner                      0x0800078d   Thumb Code    22  defsig_rtmem_inner.o(.text)
    __default_signal_display                 0x080007dd   Thumb Code    50  defsig_general.o(.text)
    __rt_SIGABRT_inner                       0x08000811   Thumb Code    14  defsig_abrt_inner.o(.text)
    _ttywrch                                 0x08000841   Thumb Code    14  sys_wrch.o(.text)
    BusFault_Handler                         0x0800084f   Thumb Code     4  stm32f4xx_it.o(i.BusFault_Handler)
    CAN_FIFORelease                          0x08000853   Thumb Code    22  stm32f4xx_can.o(i.CAN_FIFORelease)
    CAN_FilterInit                           0x08000869   Thumb Code   258  stm32f4xx_can.o(i.CAN_FilterInit)
    CAN_Init                                 0x08000971   Thumb Code   276  stm32f4xx_can.o(i.CAN_Init)
    CAN_MessagePending                       0x08000a85   Thumb Code    30  stm32f4xx_can.o(i.CAN_MessagePending)
    CAN_Receive                              0x08000aa3   Thumb Code   240  stm32f4xx_can.o(i.CAN_Receive)
    CAN_Transmit                             0x08000b93   Thumb Code   294  stm32f4xx_can.o(i.CAN_Transmit)
    DMA2_Stream7_IRQHandler                  0x08000cb9   Thumb Code    12  stm32f4xx_it.o(i.DMA2_Stream7_IRQHandler)
    DMA_ClearITPendingBit                    0x08000ccd   Thumb Code    38  stm32f4xx_dma.o(i.DMA_ClearITPendingBit)
    DMA_Cmd                                  0x08000d01   Thumb Code    22  stm32f4xx_dma.o(i.DMA_Cmd)
    DMA_DeInit                               0x08000d19   Thumb Code   324  stm32f4xx_dma.o(i.DMA_DeInit)
    DMA_Init                                 0x08000e71   Thumb Code    82  stm32f4xx_dma.o(i.DMA_Init)
    DebugMon_Handler                         0x08000ec9   Thumb Code     2  stm32f4xx_it.o(i.DebugMon_Handler)
    GPIO_Init                                0x08000ecb   Thumb Code   144  stm32f4xx_gpio.o(i.GPIO_Init)
    GPIO_PinAFConfig                         0x08000f5b   Thumb Code    70  stm32f4xx_gpio.o(i.GPIO_PinAFConfig)
    GPIO_ReadInputDataBit                    0x08000fa1   Thumb Code    18  stm32f4xx_gpio.o(i.GPIO_ReadInputDataBit)
    GPIO_ResetBits                           0x08000fb3   Thumb Code     4  stm32f4xx_gpio.o(i.GPIO_ResetBits)
    GPIO_SetBits                             0x08000fb7   Thumb Code     4  stm32f4xx_gpio.o(i.GPIO_SetBits)
    GPIO_ToggleBits                          0x08000fbb   Thumb Code     8  stm32f4xx_gpio.o(i.GPIO_ToggleBits)
    HardFault_Handler                        0x08000fc3   Thumb Code     4  stm32f4xx_it.o(i.HardFault_Handler)
    MemManage_Handler                        0x08000fc7   Thumb Code     4  stm32f4xx_it.o(i.MemManage_Handler)
    NMI_Handler                              0x08000fcb   Thumb Code     2  stm32f4xx_it.o(i.NMI_Handler)
    PendSV_Handler                           0x08000fcd   Thumb Code     2  stm32f4xx_it.o(i.PendSV_Handler)
    RCC_AHB1PeriphClockCmd                   0x08000fd1   Thumb Code    26  stm32f4xx_rcc.o(i.RCC_AHB1PeriphClockCmd)
    RCC_APB1PeriphClockCmd                   0x08000ff1   Thumb Code    26  stm32f4xx_rcc.o(i.RCC_APB1PeriphClockCmd)
    RCC_APB1PeriphResetCmd                   0x08001011   Thumb Code    26  stm32f4xx_rcc.o(i.RCC_APB1PeriphResetCmd)
    RCC_APB2PeriphClockCmd                   0x08001031   Thumb Code    26  stm32f4xx_rcc.o(i.RCC_APB2PeriphClockCmd)
    RCC_APB2PeriphResetCmd                   0x08001051   Thumb Code    26  stm32f4xx_rcc.o(i.RCC_APB2PeriphResetCmd)
    RCC_GetClocksFreq                        0x08001071   Thumb Code   214  stm32f4xx_rcc.o(i.RCC_GetClocksFreq)
    SVC_Handler                              0x08001159   Thumb Code     2  stm32f4xx_it.o(i.SVC_Handler)
    SysTick_CLKSourceConfig                  0x0800115b   Thumb Code    40  misc.o(i.SysTick_CLKSourceConfig)
    SysTick_Handler                          0x08001183   Thumb Code     8  stm32f4xx_it.o(i.SysTick_Handler)
    SystemCoreClockUpdate                    0x0800118d   Thumb Code   170  system_stm32f4xx.o(i.SystemCoreClockUpdate)
    SystemInit                               0x0800124d   Thumb Code    88  system_stm32f4xx.o(i.SystemInit)
    USART_Cmd                                0x080012b5   Thumb Code    24  stm32f4xx_usart.o(i.USART_Cmd)
    USART_DMACmd                             0x080012cd   Thumb Code    18  stm32f4xx_usart.o(i.USART_DMACmd)
    USART_DeInit                             0x080012e1   Thumb Code   206  stm32f4xx_usart.o(i.USART_DeInit)
    USART_Init                               0x080013d1   Thumb Code   204  stm32f4xx_usart.o(i.USART_Init)
    USART_SendData                           0x080014a5   Thumb Code     8  stm32f4xx_usart.o(i.USART_SendData)
    UsageFault_Handler                       0x080014ad   Thumb Code     4  stm32f4xx_it.o(i.UsageFault_Handler)
    LED_Toggle()                             0x080014b1   Thumb Code    38  main.o(i._Z10LED_Togglev)
    KBrdIO_Init()                            0x080014dd   Thumb Code    68  main.o(i._Z11KBrdIO_Initv)
    CUsart1_Test()                           0x08001529   Thumb Code   146  main.o(i._Z12CUsart1_Testv)
    CUsart2_Test()                           0x080015d1   Thumb Code   146  main.o(i._Z12CUsart2_Testv)
    CUsart3_Test()                           0x08001679   Thumb Code   146  main.o(i._Z12CUsart3_Testv)
    CUsart4_Test()                           0x08001721   Thumb Code   146  main.o(i._Z12CUsart4_Testv)
    CUsart5_Test()                           0x080017c9   Thumb Code   156  main.o(i._Z12CUsart5_Testv)
    CPUTIMER0_ISR()                          0x0800187d   Thumb Code    22  timer.o(i._Z13CPUTIMER0_ISRv)
    RS485_Connect()                          0x08001899   Thumb Code   196  main.o(i._Z13RS485_Connectv)
    GPIO_TogglePin(GPIO_TypeDef*, unsigned short) 0x08001971   Thumb Code    22  main.o(i._Z14GPIO_TogglePinP12GPIO_TypeDeft)
    CAN1_CommunicationProtcol()              0x08001989   Thumb Code   366  main.o(i._Z25CAN1_CommunicationProtcolv)
    Can2_CommunicationProtcol()              0x08001b31   Thumb Code    78  main.o(i._Z25Can2_CommunicationProtcolv)
    RS485_CommunicationProtcol(unsigned char*) 0x08001b89   Thumb Code   112  main.o(i._Z26RS485_CommunicationProtcolPh)
    IO_Test()                                0x08001c09   Thumb Code   148  main.o(i._Z7IO_Testv)
    CBaseTimer::initialize()                 0x08001ca5   Thumb Code   114  timer.o(i._ZN10CBaseTimer10initializeEv)
    CBaseTimer::getTime()                    0x08001d25   Thumb Code     6  timer.o(i._ZN10CBaseTimer7getTimeEv)
    CBaseTimer::doUpdate()                   0x08001d2b   Thumb Code    16  timer.o(i._ZN10CBaseTimer8doUpdateEv)
    CBaseTimer::CBaseTimer()                 0x08001d3b   Thumb Code    16  timer.o(i._ZN10CBaseTimerC1Ev)
    CBaseTimer::CBaseTimer__sub_object()     0x08001d3b   Thumb Code     0  timer.o(i._ZN10CBaseTimerC1Ev)
    CCanRouter::InitCanGpio(int)             0x08001d4d   Thumb Code   130  ccan.o(i._ZN10CCanRouter11InitCanGpioEi)
    CCanRouter::runReceiver()                0x08001de1   Thumb Code   100  ccan.o(i._ZN10CCanRouter11runReceiverEv)
    CCanRouter::attachMailbox(CCanRxMailbox*) 0x08001e45   Thumb Code   104  ccan.o(i._ZN10CCanRouter13attachMailboxEP13CCanRxMailbox)
    CCanRouter::runTransmitter()             0x08001ead   Thumb Code   126  ccan.o(i._ZN10CCanRouter14runTransmitterEv)
    CCanRouter::putMsg(CanTxMsg&)            0x08001f2b   Thumb Code    96  ccan.o(i._ZN10CCanRouter6putMsgER8CanTxMsg)
    CCanRouter::InitCan()                    0x08001f8d   Thumb Code   218  ccan.o(i._ZN10CCanRouter7InitCanEv)
    CCanRouter::CCanRouter(CAN_TypeDef*, CanTxMsg*, unsigned short, unsigned) 0x08002075   Thumb Code   120  ccan.o(i._ZN10CCanRouterC1EP11CAN_TypeDefP8CanTxMsgtj)
    CCanRouter::CCanRouter__sub_object(CAN_TypeDef*, CanTxMsg*, unsigned short, unsigned) 0x08002075   Thumb Code     0  ccan.o(i._ZN10CCanRouterC1EP11CAN_TypeDefP8CanTxMsgtj)
    CCanRouter::~CCanRouter()                0x080020f5   Thumb Code     2  ccan.o(i._ZN10CCanRouterD1Ev)
    CCanRouter::~CCanRouter__sub_object()    0x080020f5   Thumb Code     0  ccan.o(i._ZN10CCanRouterD1Ev)
    CCanRxMailbox::attachToRouter(CCanRouter&) 0x080020f7   Thumb Code    22  ccan.o(i._ZN13CCanRxMailbox14attachToRouterER10CCanRouter)
    CCanRxMailbox::getMsg(CanRxMsg*)         0x0800210d   Thumb Code    68  ccan.o(i._ZN13CCanRxMailbox6getMsgEP8CanRxMsg)
    CCanRxMailbox::pushMsg(const CanRxMsg&)  0x08002151   Thumb Code    98  ccan.o(i._ZN13CCanRxMailbox7pushMsgERK8CanRxMsg)
    CCanRxMailbox::setStdId(unsigned short)  0x080021b3   Thumb Code     8  ccan.o(i._ZN13CCanRxMailbox8setStdIdEt)
    CCanRxMailbox::isIdEqual(CCanRxMailbox*) 0x080021bb   Thumb Code    48  ccan.o(i._ZN13CCanRxMailbox9isIdEqualEPS_)
    CCanRxMailbox::isIdEqual(const CanRxMsg&) 0x080021eb   Thumb Code    48  ccan.o(i._ZN13CCanRxMailbox9isIdEqualERK8CanRxMsg)
    CCanRxMailbox::CCanRxMailbox(CCanRxMailbox::MsgData*, unsigned short) 0x0800221d   Thumb Code    80  ccan.o(i._ZN13CCanRxMailboxC1EPNS_7MsgDataEt)
    CCanRxMailbox::CCanRxMailbox__sub_object(CCanRxMailbox::MsgData*, unsigned short) 0x0800221d   Thumb Code     0  ccan.o(i._ZN13CCanRxMailboxC1EPNS_7MsgDataEt)
    CCanRxMailbox::~CCanRxMailbox()          0x08002271   Thumb Code     2  main.o(i._ZN13CCanRxMailboxD1Ev)
    CCanRxMailbox::~CCanRxMailbox__sub_object() 0x08002271   Thumb Code     0  main.o(i._ZN13CCanRxMailboxD1Ev)
    Timer::isAbsoluteTimeUp()                0x080023a1   Thumb Code    48  timer.o(i._ZN5Timer16isAbsoluteTimeUpEv)
    Timer::reset()                           0x080023d1   Thumb Code    22  timer.o(i._ZN5Timer5resetEv)
    Timer::Timer(int, int)                   0x080023e7   Thumb Code    32  timer.o(i._ZN5TimerC1Eii)
    Timer::Timer__sub_object(int, int)       0x080023e7   Thumb Code     0  timer.o(i._ZN5TimerC1Eii)
    CUsart::BspIOGroup(USART_TypeDef*)       0x08002409   Thumb Code    68  cusart.o(i._ZN6CUsart10BspIOGroupEP13USART_TypeDef)
    CUsart::send_Array(unsigned char*, unsigned char) 0x08002465   Thumb Code    52  cusart.o(i._ZN6CUsart10send_ArrayEPhh)
    CUsart::InitSciGpio()                    0x08002499   Thumb Code   304  cusart.o(i._ZN6CUsart11InitSciGpioEv)
    CUsart::forceEnable()                    0x080025f1   Thumb Code    34  cusart.o(i._ZN6CUsart11forceEnableEv)
    CUsart::read_RxFifo(unsigned char*)      0x08002613   Thumb Code   112  cusart.o(i._ZN6CUsart11read_RxFifoEPh)
    CUsart::clear_rxFifo()                   0x08002683   Thumb Code    64  cusart.o(i._ZN6CUsart12clear_rxFifoEv)
    CUsart::get_BytesInRxFifo()              0x080026c3   Thumb Code    14  cusart.o(i._ZN6CUsart17get_BytesInRxFifoEv)
    CUsart::RxDMA(USART_TypeDef*)            0x080026d1   Thumb Code    76  cusart.o(i._ZN6CUsart5RxDMAEP13USART_TypeDef)
    CUsart::TxDMA(USART_TypeDef*)            0x0800273d   Thumb Code    76  cusart.o(i._ZN6CUsart5TxDMAEP13USART_TypeDef)
    CUsart::InitSci()                        0x080027a9   Thumb Code   418  cusart.o(i._ZN6CUsart7InitSciEv)
    CUsart::CUsart(USART_TypeDef*, unsigned char*, unsigned short, unsigned) 0x08002971   Thumb Code   262  cusart.o(i._ZN6CUsartC1EP13USART_TypeDefPhtj)
    CUsart::CUsart__sub_object(USART_TypeDef*, unsigned char*, unsigned short, unsigned) 0x08002971   Thumb Code     0  cusart.o(i._ZN6CUsartC1EP13USART_TypeDefPhtj)
    CUsart::~CUsart()                        0x08002a77   Thumb Code     2  cusart.o(i._ZN6CUsartD1Ev)
    CUsart::~CUsart__sub_object()            0x08002a77   Thumb Code     0  cusart.o(i._ZN6CUsartD1Ev)
    operator new(unsigned)                   0x08002a79   Thumb Code    34  new.o(i._Znwj)
    __cxa_guard_acquire                      0x08002aa1   Thumb Code    16  cxa_guard_acquire.o(i.__cxa_guard_acquire)
    main                                     0x08002c81   Thumb Code   372  main.o(i.main)
    NormalSingleton<CBaseTimer>::Instance()  0x08002e41   Thumb Code    32  timer.o(t._ZN15NormalSingletonI10CBaseTimerE8InstanceEv)
    ringque<CCanRxMailbox::MsgData>::pop()   0x08002e65   Thumb Code    52  ccan.o(t._ZN7ringqueIN13CCanRxMailbox7MsgDataEE3popEv)
    ringque<CanTxMsg>::elemsInQue() const    0x08002e99   Thumb Code    26  ccan.o(t._ZNK7ringqueI8CanTxMsgE10elemsInQueEv)
    ringque<CCanRxMailbox::MsgData>::elemsInQue() const 0x08002eb3   Thumb Code    26  ccan.o(t._ZNK7ringqueIN13CCanRxMailbox7MsgDataEE10elemsInQueEv)
    _fp_init                                 0x08002ecd   Thumb Code    10  fpinit.o(x$fpl$fpinit)
    __fplib_config_fpu_vfp                   0x08002ed5   Thumb Code     0  fpinit.o(x$fpl$fpinit)
    __fplib_config_pureend_doubles           0x08002ed5   Thumb Code     0  fpinit.o(x$fpl$fpinit)
    vtable for CCanRxMailbox                 0x08002ed8   Data          12  ccan.o(.constdata__ZTV13CCanRxMailbox)
    Region$$Table$$Base                      0x08002ee4   Number         0  anon$$obj.o(Region$$Table)
    Region$$Table$$Limit                     0x08002f04   Number         0  anon$$obj.o(Region$$Table)
    SHT$$INIT_ARRAY$$Base                    0x08002f04   Number         0  main.o(.init_array)
    SHT$$INIT_ARRAY$$Limit                   0x08002f0c   Number         0  init_aeabi.o(.init_array)
    Can_Status                               0x20000000   Data           1  main.o(.data)
    IO_Status                                0x20000002   Data           2  main.o(.data)
    TempData                                 0x20000004   Data           1  main.o(.data)
    HumiData                                 0x20000005   Data           1  main.o(.data)
    VoltData                                 0x20000006   Data           2  main.o(.data)
    SystemCoreClock                          0x2000004c   Data           4  system_stm32f4xx.o(.data)
    AHBPrescTable                            0x20000050   Data          16  system_stm32f4xx.o(.data)
    NormalSingleton<CBaseTimer>::ins         0x20000060   Data           4  main.o(.data__ZN15NormalSingletonI10CBaseTimerE3insE)
    CUsart6_TxBuf                            0x20000064   Data          12  main.o(.bss)
    CUsart6_RxBuf                            0x20000070   Data          10  main.o(.bss)
    RS485_RxTimeOut                          0x2000007c   Data          12  main.o(.bss)
    RS485_ConnectTimeOut                     0x20000088   Data          12  main.o(.bss)
    CAN1rxBuf                                0x20000094   Data          90  main.o(.bss)
    IntBrdRxMailBox                          0x200000f0   Data          36  main.o(.bss)
    Can1RxBuf                                0x20000114   Data          90  main.o(.bss)
    Can1RxMailBox                            0x20000170   Data          36  main.o(.bss)
    Can2RxBuf                                0x20000194   Data          90  main.o(.bss)
    Can2RxMailBox                            0x200001f0   Data          36  main.o(.bss)
    CUsart1_RXbuf                            0x20000214   Data          10  main.o(.bss)
    CUsart1                                  0x20000220   Data          52  main.o(.bss)
    CUsart2_RXbuf                            0x20000254   Data          10  main.o(.bss)
    CUsart2                                  0x20000260   Data          52  main.o(.bss)
    CUsart3_RXbuf                            0x20000294   Data          10  main.o(.bss)
    CUsart3                                  0x200002a0   Data          52  main.o(.bss)
    CUsart4_RXbuf                            0x200002d4   Data          10  main.o(.bss)
    CUsart4                                  0x200002e0   Data          52  main.o(.bss)
    CUsart5_RXbuf                            0x20000314   Data          10  main.o(.bss)
    CUsart5                                  0x20000320   Data          52  main.o(.bss)
    CUsart6_RXbuf                            0x20000354   Data          10  main.o(.bss)
    CUsart6                                  0x20000360   Data          52  main.o(.bss)
    Test_Buf                                 0x20000394   Data           9  main.o(.bss)
    CanRouter1                               0x20000400   Data         160  ccan.o(.bss)
    CanRouter2                               0x200004a0   Data         160  ccan.o(.bss)
    __libspace_start                         0x20000860   Data          96  libspace.o(.bss)
    __temporary_stack_top$libspace           0x200008c0   Data           0  libspace.o(.bss)



==============================================================================

Memory Map of the image

  Image Entry point : 0x08000189

  Load Region LR_IROM1 (Base: 0x08000000, Size: 0x00002f70, Max: 0x00080000, ABSOLUTE)

    Execution Region ER_IROM1 (Base: 0x08000000, Size: 0x00002f0c, Max: 0x00080000, ABSOLUTE)

    Base Addr    Size         Type   Attr      Idx    E Section Name        Object

    0x08000000   0x00000188   Data   RO         6567    RESET               startup_stm32f40xx.o
    0x08000188   0x00000008   Code   RO         6634  * !!!main             c_w.l(__main.o)
    0x08000190   0x00000034   Code   RO         7122    !!!scatter          c_w.l(__scatter.o)
    0x080001c4   0x0000001a   Code   RO         7124    !!handler_copy      c_w.l(__scatter_copy.o)
    0x080001de   0x00000002   PAD
    0x080001e0   0x0000001c   Code   RO         7126    !!handler_zi        c_w.l(__scatter_zi.o)
    0x080001fc   0x00000002   Code   RO         7047    .ARM.Collect$$libinit$$00000000  c_w.l(libinit.o)
    0x080001fe   0x00000004   Code   RO         6828    .ARM.Collect$$libinit$$00000001  c_w.l(libinit2.o)
    0x08000202   0x00000000   Code   RO         6831    .ARM.Collect$$libinit$$00000004  c_w.l(libinit2.o)
    0x08000202   0x00000008   Code   RO         6832    .ARM.Collect$$libinit$$00000005  c_w.l(libinit2.o)
    0x0800020a   0x00000000   Code   RO         6834    .ARM.Collect$$libinit$$0000000A  c_w.l(libinit2.o)
    0x0800020a   0x00000000   Code   RO         6836    .ARM.Collect$$libinit$$0000000C  c_w.l(libinit2.o)
    0x0800020a   0x00000000   Code   RO         6838    .ARM.Collect$$libinit$$0000000E  c_w.l(libinit2.o)
    0x0800020a   0x00000000   Code   RO         6841    .ARM.Collect$$libinit$$00000011  c_w.l(libinit2.o)
    0x0800020a   0x00000000   Code   RO         6843    .ARM.Collect$$libinit$$00000013  c_w.l(libinit2.o)
    0x0800020a   0x00000000   Code   RO         6845    .ARM.Collect$$libinit$$00000015  c_w.l(libinit2.o)
    0x0800020a   0x00000000   Code   RO         6847    .ARM.Collect$$libinit$$00000017  c_w.l(libinit2.o)
    0x0800020a   0x00000000   Code   RO         6849    .ARM.Collect$$libinit$$00000019  c_w.l(libinit2.o)
    0x0800020a   0x00000000   Code   RO         6851    .ARM.Collect$$libinit$$0000001B  c_w.l(libinit2.o)
    0x0800020a   0x00000000   Code   RO         6853    .ARM.Collect$$libinit$$0000001D  c_w.l(libinit2.o)
    0x0800020a   0x00000000   Code   RO         6855    .ARM.Collect$$libinit$$0000001F  c_w.l(libinit2.o)
    0x0800020a   0x00000000   Code   RO         6857    .ARM.Collect$$libinit$$00000021  c_w.l(libinit2.o)
    0x0800020a   0x00000000   Code   RO         6859    .ARM.Collect$$libinit$$00000023  c_w.l(libinit2.o)
    0x0800020a   0x00000000   Code   RO         6861    .ARM.Collect$$libinit$$00000025  c_w.l(libinit2.o)
    0x0800020a   0x00000000   Code   RO         6865    .ARM.Collect$$libinit$$0000002C  c_w.l(libinit2.o)
    0x0800020a   0x00000000   Code   RO         6867    .ARM.Collect$$libinit$$0000002E  c_w.l(libinit2.o)
    0x0800020a   0x00000000   Code   RO         6869    .ARM.Collect$$libinit$$00000030  c_w.l(libinit2.o)
    0x0800020a   0x00000004   Code   RO         6870    .ARM.Collect$$libinit$$00000031  c_w.l(libinit2.o)
    0x0800020e   0x00000000   Code   RO         6871    .ARM.Collect$$libinit$$00000032  c_w.l(libinit2.o)
    0x0800020e   0x00000002   Code   RO         6872    .ARM.Collect$$libinit$$00000033  c_w.l(libinit2.o)
    0x08000210   0x00000002   Code   RO         7105    .ARM.Collect$$libshutdown$$00000000  c_w.l(libshutdown.o)
    0x08000212   0x00000006   Code   RO         6960    .ARM.Collect$$libshutdown$$00000001  c_w.l(libshutdown2.o)
    0x08000218   0x00000000   Code   RO         6961    .ARM.Collect$$libshutdown$$00000002  c_w.l(libshutdown2.o)
    0x08000218   0x00000000   Code   RO         6963    .ARM.Collect$$libshutdown$$00000004  c_w.l(libshutdown2.o)
    0x08000218   0x00000000   Code   RO         6966    .ARM.Collect$$libshutdown$$00000007  c_w.l(libshutdown2.o)
    0x08000218   0x00000000   Code   RO         6969    .ARM.Collect$$libshutdown$$0000000A  c_w.l(libshutdown2.o)
    0x08000218   0x00000000   Code   RO         6971    .ARM.Collect$$libshutdown$$0000000C  c_w.l(libshutdown2.o)
    0x08000218   0x00000000   Code   RO         6974    .ARM.Collect$$libshutdown$$0000000F  c_w.l(libshutdown2.o)
    0x08000218   0x00000002   Code   RO         6975    .ARM.Collect$$libshutdown$$00000010  c_w.l(libshutdown2.o)
    0x0800021a   0x00000000   Code   RO         6758    .ARM.Collect$$rtentry$$00000000  c_w.l(__rtentry.o)
    0x0800021a   0x00000000   Code   RO         6911    .ARM.Collect$$rtentry$$00000002  c_w.l(__rtentry2.o)
    0x0800021a   0x00000006   Code   RO         6923    .ARM.Collect$$rtentry$$00000004  c_w.l(__rtentry4.o)
    0x08000220   0x00000000   Code   RO         6913    .ARM.Collect$$rtentry$$00000009  c_w.l(__rtentry2.o)
    0x08000220   0x00000004   Code   RO         6914    .ARM.Collect$$rtentry$$0000000A  c_w.l(__rtentry2.o)
    0x08000224   0x00000000   Code   RO         6916    .ARM.Collect$$rtentry$$0000000C  c_w.l(__rtentry2.o)
    0x08000224   0x00000008   Code   RO         6917    .ARM.Collect$$rtentry$$0000000D  c_w.l(__rtentry2.o)
    0x0800022c   0x00000002   Code   RO         7066    .ARM.Collect$$rtexit$$00000000  c_w.l(rtexit.o)
    0x0800022e   0x00000000   Code   RO         7083    .ARM.Collect$$rtexit$$00000002  c_w.l(rtexit2.o)
    0x0800022e   0x00000004   Code   RO         7084    .ARM.Collect$$rtexit$$00000003  c_w.l(rtexit2.o)
    0x08000232   0x00000006   Code   RO         7085    .ARM.Collect$$rtexit$$00000004  c_w.l(rtexit2.o)
    0x08000238   0x00000000   Code   RO         7021    .emb_text           c_w.l(maybetermalloc1.o)
    0x08000238   0x00000040   Code   RO         6568    .text               startup_stm32f40xx.o
    0x08000278   0x0000002e   Code   RO         6621    .text               c_w.l(aeabi_atexit.o)
    0x080002a6   0x0000008a   Code   RO         6624    .text               c_w.l(rt_memcpy_v6.o)
    0x08000330   0x00000064   Code   RO         6626    .text               c_w.l(rt_memcpy_w.o)
    0x08000394   0x00000044   Code   RO         6628    .text               c_w.l(rt_memclr.o)
    0x080003d8   0x0000004e   Code   RO         6630    .text               c_w.l(rt_memclr_w.o)
    0x08000426   0x00000006   Code   RO         6632    .text               c_w.l(heapauxi.o)
    0x0800042c   0x00000024   Code   RO         6639    .text               c_w.l(init_aeabi.o)
    0x08000450   0x00000008   Code   RO         6762    .text               c_w.l(rt_new_handler_addr_intlibspace.o)
    0x08000458   0x00000008   Code   RO         6767    .text               c_w.l(rt_ddtor_pointer_addr_intlibspace.o)
    0x08000460   0x0000005e   Code   RO         6771    .text               c_w.l(h1_alloc.o)
    0x080004be   0x00000042   Code   RO         6825    .text               c_w.l(cxa_finalize.o)
    0x08000500   0x00000004   Code   RO         6876    .text               cpprt_w.l(arm_newhandler_noexceptions.o)
    0x08000504   0x00000008   Code   RO         6905    .text               c_w.l(libspace.o)
    0x0800050c   0x00000008   Code   RO         6928    .text               c_w.l(rt_heap_descriptor_intlibspace.o)
    0x08000514   0x00000004   Code   RO         6930    .text               c_w.l(hguard.o)
    0x08000518   0x0000008a   Code   RO         6932    .text               c_w.l(init_alloc.o)
    0x080005a2   0x0000000e   Code   RO         6938    .text               c_w.l(h1_init.o)
    0x080005b0   0x0000004e   Code   RO         6940    .text               c_w.l(h1_free.o)
    0x080005fe   0x0000001a   Code   RO         6999    .text               cpprt_w.l(arm_exceptions_terminate.o)
    0x08000618   0x00000050   Code   RO         7002    .text               cpprt_w.l(arm_exceptions_globs.o)
    0x08000668   0x0000004a   Code   RO         7012    .text               c_w.l(sys_stackheap_outer.o)
    0x080006b2   0x00000002   PAD
    0x080006b4   0x00000008   Code   RO         7017    .text               c_w.l(rt_eh_globals_addr_intlibspace.o)
    0x080006bc   0x00000034   Code   RO         7023    .text               c_w.l(h1_extend.o)
    0x080006f0   0x00000012   Code   RO         7027    .text               c_w.l(exit.o)
    0x08000702   0x00000016   Code   RO         7029    .text               c_w.l(abort.o)
    0x08000718   0x0000000e   Code   RO         7031    .text               c_w.l(defsig_rtmem_outer.o)
    0x08000726   0x0000003c   Code   RO         7051    .text               cpprt_w.l(arm_exceptions_mem.o)
    0x08000762   0x00000002   PAD
    0x08000764   0x0000000c   Code   RO         7061    .text               c_w.l(sys_exit.o)
    0x08000770   0x00000002   Code   RO         7063    .text               c_w.l(use_no_semi.o)
    0x08000772   0x00000000   Code   RO         7065    .text               c_w.l(indicate_semi.o)
    0x08000772   0x0000000a   Code   RO         7074    .text               c_w.l(defsig_exit.o)
    0x0800077c   0x0000000e   Code   RO         7076    .text               c_w.l(defsig_abrt_outer.o)
    0x0800078a   0x00000002   PAD
    0x0800078c   0x00000050   Code   RO         7080    .text               c_w.l(defsig_rtmem_inner.o)
    0x080007dc   0x00000032   Code   RO         7095    .text               c_w.l(defsig_general.o)
    0x0800080e   0x00000002   PAD
    0x08000810   0x00000030   Code   RO         7097    .text               c_w.l(defsig_abrt_inner.o)
    0x08000840   0x0000000e   Code   RO         7099    .text               c_w.l(sys_wrch.o)
    0x0800084e   0x00000004   Code   RO          271    i.BusFault_Handler  stm32f4xx_it.o
    0x08000852   0x00000016   Code   RO         1203    i.CAN_FIFORelease   stm32f4xx_can.o
    0x08000868   0x00000108   Code   RO         1204    i.CAN_FilterInit    stm32f4xx_can.o
    0x08000970   0x00000114   Code   RO         1211    i.CAN_Init          stm32f4xx_can.o
    0x08000a84   0x0000001e   Code   RO         1212    i.CAN_MessagePending  stm32f4xx_can.o
    0x08000aa2   0x000000f0   Code   RO         1214    i.CAN_Receive       stm32f4xx_can.o
    0x08000b92   0x00000126   Code   RO         1219    i.CAN_Transmit      stm32f4xx_can.o
    0x08000cb8   0x00000014   Code   RO          272    i.DMA2_Stream7_IRQHandler  stm32f4xx_it.o
    0x08000ccc   0x00000034   Code   RO         2074    i.DMA_ClearITPendingBit  stm32f4xx_dma.o
    0x08000d00   0x00000016   Code   RO         2075    i.DMA_Cmd           stm32f4xx_dma.o
    0x08000d16   0x00000002   PAD
    0x08000d18   0x00000158   Code   RO         2076    i.DMA_DeInit        stm32f4xx_dma.o
    0x08000e70   0x00000058   Code   RO         2087    i.DMA_Init          stm32f4xx_dma.o
    0x08000ec8   0x00000002   Code   RO          273    i.DebugMon_Handler  stm32f4xx_it.o
    0x08000eca   0x00000090   Code   RO         2981    i.GPIO_Init         stm32f4xx_gpio.o
    0x08000f5a   0x00000046   Code   RO         2982    i.GPIO_PinAFConfig  stm32f4xx_gpio.o
    0x08000fa0   0x00000012   Code   RO         2985    i.GPIO_ReadInputDataBit  stm32f4xx_gpio.o
    0x08000fb2   0x00000004   Code   RO         2988    i.GPIO_ResetBits    stm32f4xx_gpio.o
    0x08000fb6   0x00000004   Code   RO         2989    i.GPIO_SetBits      stm32f4xx_gpio.o
    0x08000fba   0x00000008   Code   RO         2991    i.GPIO_ToggleBits   stm32f4xx_gpio.o
    0x08000fc2   0x00000004   Code   RO          274    i.HardFault_Handler  stm32f4xx_it.o
    0x08000fc6   0x00000004   Code   RO          275    i.MemManage_Handler  stm32f4xx_it.o
    0x08000fca   0x00000002   Code   RO          276    i.NMI_Handler       stm32f4xx_it.o
    0x08000fcc   0x00000002   Code   RO          277    i.PendSV_Handler    stm32f4xx_it.o
    0x08000fce   0x00000002   PAD
    0x08000fd0   0x00000020   Code   RO         4030    i.RCC_AHB1PeriphClockCmd  stm32f4xx_rcc.o
    0x08000ff0   0x00000020   Code   RO         4039    i.RCC_APB1PeriphClockCmd  stm32f4xx_rcc.o
    0x08001010   0x00000020   Code   RO         4041    i.RCC_APB1PeriphResetCmd  stm32f4xx_rcc.o
    0x08001030   0x00000020   Code   RO         4042    i.RCC_APB2PeriphClockCmd  stm32f4xx_rcc.o
    0x08001050   0x00000020   Code   RO         4044    i.RCC_APB2PeriphResetCmd  stm32f4xx_rcc.o
    0x08001070   0x000000e8   Code   RO         4051    i.RCC_GetClocksFreq  stm32f4xx_rcc.o
    0x08001158   0x00000002   Code   RO          278    i.SVC_Handler       stm32f4xx_it.o
    0x0800115a   0x00000028   Code   RO          865    i.SysTick_CLKSourceConfig  misc.o
    0x08001182   0x00000008   Code   RO          279    i.SysTick_Handler   stm32f4xx_it.o
    0x0800118a   0x00000002   PAD
    0x0800118c   0x000000c0   Code   RO         6575    i.SystemCoreClockUpdate  system_stm32f4xx.o
    0x0800124c   0x00000068   Code   RO         6576    i.SystemInit        system_stm32f4xx.o
    0x080012b4   0x00000018   Code   RO         6277    i.USART_Cmd         stm32f4xx_usart.o
    0x080012cc   0x00000012   Code   RO         6278    i.USART_DMACmd      stm32f4xx_usart.o
    0x080012de   0x00000002   PAD
    0x080012e0   0x000000f0   Code   RO         6279    i.USART_DeInit      stm32f4xx_usart.o
    0x080013d0   0x000000d4   Code   RO         6284    i.USART_Init        stm32f4xx_usart.o
    0x080014a4   0x00000008   Code   RO         6294    i.USART_SendData    stm32f4xx_usart.o
    0x080014ac   0x00000004   Code   RO          280    i.UsageFault_Handler  stm32f4xx_it.o
    0x080014b0   0x0000002c   Code   RO            4    i._Z10LED_Togglev   main.o
    0x080014dc   0x0000004c   Code   RO            5    i._Z11KBrdIO_Initv  main.o
    0x08001528   0x000000a8   Code   RO            6    i._Z12CUsart1_Testv  main.o
    0x080015d0   0x000000a8   Code   RO            7    i._Z12CUsart2_Testv  main.o
    0x08001678   0x000000a8   Code   RO            8    i._Z12CUsart3_Testv  main.o
    0x08001720   0x000000a8   Code   RO            9    i._Z12CUsart4_Testv  main.o
    0x080017c8   0x000000b4   Code   RO           10    i._Z12CUsart5_Testv  main.o
    0x0800187c   0x0000001c   Code   RO          572    i._Z13CPUTIMER0_ISRv  timer.o
    0x08001898   0x000000d8   Code   RO           11    i._Z13RS485_Connectv  main.o
    0x08001970   0x00000016   Code   RO           12    i._Z14GPIO_TogglePinP12GPIO_TypeDeft  main.o
    0x08001986   0x00000002   PAD
    0x08001988   0x000001a8   Code   RO           13    i._Z25CAN1_CommunicationProtcolv  main.o
    0x08001b30   0x00000058   Code   RO           14    i._Z25Can2_CommunicationProtcolv  main.o
    0x08001b88   0x00000080   Code   RO           15    i._Z26RS485_CommunicationProtcolPh  main.o
    0x08001c08   0x0000009c   Code   RO           16    i._Z7IO_Testv       main.o
    0x08001ca4   0x00000080   Code   RO          573    i._ZN10CBaseTimer10initializeEv  timer.o
    0x08001d24   0x00000006   Code   RO          640    i._ZN10CBaseTimer7getTimeEv  timer.o
    0x08001d2a   0x00000010   Code   RO          574    i._ZN10CBaseTimer8doUpdateEv  timer.o
    0x08001d3a   0x00000010   Code   RO          575    i._ZN10CBaseTimerC1Ev  timer.o
    0x08001d4a   0x00000002   PAD
    0x08001d4c   0x00000094   Code   RO          664    i._ZN10CCanRouter11InitCanGpioEi  ccan.o
    0x08001de0   0x00000064   Code   RO          665    i._ZN10CCanRouter11runReceiverEv  ccan.o
    0x08001e44   0x00000068   Code   RO          667    i._ZN10CCanRouter13attachMailboxEP13CCanRxMailbox  ccan.o
    0x08001eac   0x0000007e   Code   RO          668    i._ZN10CCanRouter14runTransmitterEv  ccan.o
    0x08001f2a   0x00000060   Code   RO          669    i._ZN10CCanRouter6putMsgER8CanTxMsg  ccan.o
    0x08001f8a   0x00000002   PAD
    0x08001f8c   0x000000e8   Code   RO          670    i._ZN10CCanRouter7InitCanEv  ccan.o
    0x08002074   0x00000080   Code   RO          671    i._ZN10CCanRouterC1EP11CAN_TypeDefP8CanTxMsgtj  ccan.o
    0x080020f4   0x00000002   Code   RO          818    i._ZN10CCanRouterD1Ev  ccan.o
    0x080020f6   0x00000016   Code   RO          673    i._ZN13CCanRxMailbox14attachToRouterER10CCanRouter  ccan.o
    0x0800210c   0x00000044   Code   RO          674    i._ZN13CCanRxMailbox6getMsgEP8CanRxMsg  ccan.o
    0x08002150   0x00000062   Code   RO          675    i._ZN13CCanRxMailbox7pushMsgERK8CanRxMsg  ccan.o
    0x080021b2   0x00000008   Code   RO          677    i._ZN13CCanRxMailbox8setStdIdEt  ccan.o
    0x080021ba   0x00000030   Code   RO          678    i._ZN13CCanRxMailbox9isIdEqualEPS_  ccan.o
    0x080021ea   0x00000030   Code   RO          679    i._ZN13CCanRxMailbox9isIdEqualERK8CanRxMsg  ccan.o
    0x0800221a   0x00000002   PAD
    0x0800221c   0x00000054   Code   RO          680    i._ZN13CCanRxMailboxC1EPNS_7MsgDataEt  ccan.o
    0x08002270   0x00000002   Code   RO          129    i._ZN13CCanRxMailboxD1Ev  main.o
    0x08002272   0x00000002   PAD
    0x08002274   0x00000040   Code   RO           17    i._ZN29_INTERNAL_8_main_cpp_a6ad739f18__NVIC_SystemResetEv  main.o
    0x080022b4   0x000000ec   Code   RO         6577    i._ZN40_INTERNAL_18_system_stm32f4xx_c_5d646a6711SetSysClockEv  system_stm32f4xx.o
    0x080023a0   0x00000030   Code   RO          576    i._ZN5Timer16isAbsoluteTimeUpEv  timer.o
    0x080023d0   0x00000016   Code   RO          577    i._ZN5Timer5resetEv  timer.o
    0x080023e6   0x00000020   Code   RO          579    i._ZN5TimerC1Eii    timer.o
    0x08002406   0x00000002   PAD
    0x08002408   0x0000005c   Code   RO          461    i._ZN6CUsart10BspIOGroupEP13USART_TypeDef  cusart.o
    0x08002464   0x00000034   Code   RO          462    i._ZN6CUsart10send_ArrayEPhh  cusart.o
    0x08002498   0x00000158   Code   RO          463    i._ZN6CUsart11InitSciGpioEv  cusart.o
    0x080025f0   0x00000022   Code   RO          464    i._ZN6CUsart11forceEnableEv  cusart.o
    0x08002612   0x00000070   Code   RO          465    i._ZN6CUsart11read_RxFifoEPh  cusart.o
    0x08002682   0x00000040   Code   RO          467    i._ZN6CUsart12clear_rxFifoEv  cusart.o
    0x080026c2   0x0000000e   Code   RO          468    i._ZN6CUsart17get_BytesInRxFifoEv  cusart.o
    0x080026d0   0x0000006c   Code   RO          471    i._ZN6CUsart5RxDMAEP13USART_TypeDef  cusart.o
    0x0800273c   0x0000006c   Code   RO          472    i._ZN6CUsart5TxDMAEP13USART_TypeDef  cusart.o
    0x080027a8   0x000001c8   Code   RO          473    i._ZN6CUsart7InitSciEv  cusart.o
    0x08002970   0x00000106   Code   RO          474    i._ZN6CUsartC1EP13USART_TypeDefPhtj  cusart.o
    0x08002a76   0x00000002   Code   RO          475    i._ZN6CUsartD1Ev    cusart.o
    0x08002a78   0x00000028   Code   RO         6642    i._Znwj             cpprt_w.l(new.o)
    0x08002aa0   0x00000010   Code   RO         6646    i.__cxa_guard_acquire  cpprt_w.l(cxa_guard_acquire.o)
    0x08002ab0   0x0000005c   Code   RO          683    i.__sti___8_CCan_cpp_8232fc5b  ccan.o
    0x08002b0c   0x00000174   Code   RO           18    i.__sti___8_main_cpp_a6ad739f  main.o
    0x08002c80   0x000001c0   Code   RO           19    i.main              main.o
    0x08002e40   0x00000024   Code   RO          634    t._ZN15NormalSingletonI10CBaseTimerE8InstanceEv  timer.o
    0x08002e64   0x00000034   Code   RO          806    t._ZN7ringqueIN13CCanRxMailbox7MsgDataEE3popEv  ccan.o
    0x08002e98   0x0000001a   Code   RO          812    t._ZNK7ringqueI8CanTxMsgE10elemsInQueEv  ccan.o
    0x08002eb2   0x0000001a   Code   RO          800    t._ZNK7ringqueIN13CCanRxMailbox7MsgDataEE10elemsInQueEv  ccan.o
    0x08002ecc   0x0000000a   Code   RO         7008    x$fpl$fpinit        fz_wm.l(fpinit.o)
    0x08002ed6   0x00000002   PAD
    0x08002ed8   0x0000000c   Data   RO          799    .constdata__ZTV13CCanRxMailbox  ccan.o
    0x08002ee4   0x00000020   Data   RO         7120    Region$$Table       anon$$obj.o
    0x08002f04   0x00000004   Data   RO           38    .init_array         main.o
    0x08002f08   0x00000004   Data   RO          705    .init_array         ccan.o
    0x08002f0c   0x00000000   Data   RO         6637    .init_array         c_w.l(init_aeabi.o)


    Execution Region RW_IRAM1 (Base: 0x20000000, Size: 0x000038c0, Max: 0x00020000, ABSOLUTE)

    Base Addr    Size         Type   Attr      Idx    E Section Name        Object

    0x20000000   0x00000039   Data   RW           37    .data               main.o
    0x20000039   0x00000010   Data   RW         4136    .data               stm32f4xx_rcc.o
    0x20000049   0x00000003   PAD
    0x2000004c   0x00000014   Data   RW         6581    .data               system_stm32f4xx.o
    0x20000060   0x00000004   Data   RW          135    .data__ZN15NormalSingletonI10CBaseTimerE3insE  main.o
    0x20000064   0x0000039c   Zero   RW           36    .bss                main.o
    0x20000400   0x00000460   Zero   RW          704    .bss                ccan.o
    0x20000860   0x00000060   Zero   RW         6906    .bss                c_w.l(libspace.o)
    0x200008c0   0x00001000   Zero   RW         6566    HEAP                startup_stm32f40xx.o
    0x200018c0   0x00002000   Zero   RW         6565    STACK               startup_stm32f40xx.o


==============================================================================

Image component sizes


      Code (inc. data)   RO Data    RW Data    ZI Data      Debug   Object Name

      1508         80         16          0       1120      19847   ccan.o
      1648        166          0          0          0       9292   cusart.o
      2892        438          4         61        924     275278   main.o
        40          0          0          0          0        570   misc.o
        64         26        392          0      12288        912   startup_stm32f40xx.o
      1126          6          0          0          0       5320   stm32f4xx_can.o
       506         40          0          0          0       3938   stm32f4xx_dma.o
       248          0          0          0          0       4353   stm32f4xx_gpio.o
        52          8          0          0          0     290116   stm32f4xx_it.o
       392         48          0         16          0       6105   stm32f4xx_rcc.o
       502         42          0          0          0       4136   stm32f4xx_usart.o
       532         54          0         20          0       2833   system_stm32f4xx.o
       332         24          0          0          0      36215   timer.o

    ----------------------------------------------------------------------
      9862        932        444        100      14332     658915   Object Totals
         0          0         32          0          0          0   (incl. Generated)
        20          0          0          3          0          0   (incl. Padding)

    ----------------------------------------------------------------------

      Code (inc. data)   RO Data    RW Data    ZI Data      Debug   Library Member Name

         8          0          0          0          0         68   __main.o
         0          0          0          0          0          0   __rtentry.o
        12          0          0          0          0          0   __rtentry2.o
         6          0          0          0          0          0   __rtentry4.o
        52          8          0          0          0          0   __scatter.o
        26          0          0          0          0          0   __scatter_copy.o
        28          0          0          0          0          0   __scatter_zi.o
        22          0          0          0          0         80   abort.o
        46          0          0          0          0         84   aeabi_atexit.o
        66          0          0          0          0         84   cxa_finalize.o
        48         34          0          0          0         76   defsig_abrt_inner.o
        14          0          0          0          0         80   defsig_abrt_outer.o
        10          0          0          0          0         68   defsig_exit.o
        50          0          0          0          0         88   defsig_general.o
        80         58          0          0          0         76   defsig_rtmem_inner.o
        14          0          0          0          0         80   defsig_rtmem_outer.o
        18          0          0          0          0         80   exit.o
        94          0          0          0          0         80   h1_alloc.o
        52          0          0          0          0         68   h1_extend.o
        78          0          0          0          0         80   h1_free.o
        14          0          0          0          0         84   h1_init.o
         6          0          0          0          0        152   heapauxi.o
         4          0          0          0          0        136   hguard.o
         0          0          0          0          0          0   indicate_semi.o
        36         10          0          0          0         80   init_aeabi.o
       138          0          0          0          0        168   init_alloc.o
         2          0          0          0          0          0   libinit.o
        18          0          0          0          0          0   libinit2.o
         2          0          0          0          0          0   libshutdown.o
         8          0          0          0          0          0   libshutdown2.o
         8          4          0          0         96         68   libspace.o
         0          0          0          0          0          0   maybetermalloc1.o
         8          4          0          0          0         68   rt_ddtor_pointer_addr_intlibspace.o
         8          4          0          0          0         68   rt_eh_globals_addr_intlibspace.o
         8          4          0          0          0         68   rt_heap_descriptor_intlibspace.o
        68          0          0          0          0         68   rt_memclr.o
        78          0          0          0          0         80   rt_memclr_w.o
       138          0          0          0          0         68   rt_memcpy_v6.o
       100          0          0          0          0         80   rt_memcpy_w.o
         8          4          0          0          0         68   rt_new_handler_addr_intlibspace.o
         2          0          0          0          0          0   rtexit.o
        10          0          0          0          0          0   rtexit2.o
        12          4          0          0          0         68   sys_exit.o
        74          0          0          0          0         80   sys_stackheap_outer.o
        14          0          0          0          0         76   sys_wrch.o
         2          0          0          0          0         68   use_no_semi.o
        80         12          0          0          0        104   arm_exceptions_globs.o
        60          0          0          0          0        108   arm_exceptions_mem.o
        26          0          0          0          0         76   arm_exceptions_terminate.o
         4          0          0          0          0         68   arm_newhandler_noexceptions.o
        16          0          0          0          0         68   cxa_guard_acquire.o
        40          6          0          0          0         76   new.o
        10          0          0          0          0        116   fpinit.o

    ----------------------------------------------------------------------
      1738        152          0          0         96       3256   Library Totals
        12          0          0          0          0          0   (incl. Padding)

    ----------------------------------------------------------------------

      Code (inc. data)   RO Data    RW Data    ZI Data      Debug   Library Name

      1490        134          0          0         96       2640   c_w.l
       226         18          0          0          0        500   cpprt_w.l
        10          0          0          0          0        116   fz_wm.l

    ----------------------------------------------------------------------
      1738        152          0          0         96       3256   Library Totals

    ----------------------------------------------------------------------

==============================================================================


      Code (inc. data)   RO Data    RW Data    ZI Data      Debug   

     11600       1084        444        100      14428     651151   Grand Totals
     11600       1084        444        100      14428     651151   ELF Image Totals
     11600       1084        444        100          0          0   ROM Totals

==============================================================================

    Total RO  Size (Code + RO Data)                12044 (  11.76kB)
    Total RW  Size (RW Data + ZI Data)             14528 (  14.19kB)
    Total ROM Size (Code + RO Data + RW Data)      12144 (  11.86kB)

==============================================================================

